Component: Arm Compiler for Embedded 6.19 Tool: armlink [5e73cb00]

==============================================================================

Section Cross References

    startup_stm32h723xx.o(STACK) refers (Special) to heapauxi.o(.text) for __use_two_region_memory
    startup_stm32h723xx.o(HEAP) refers (Special) to heapauxi.o(.text) for __use_two_region_memory
    startup_stm32h723xx.o(RESET) refers (Special) to heapauxi.o(.text) for __use_two_region_memory
    startup_stm32h723xx.o(RESET) refers to startup_stm32h723xx.o(STACK) for __initial_sp
    startup_stm32h723xx.o(RESET) refers to startup_stm32h723xx.o(.text) for Reset_Handler
    startup_stm32h723xx.o(RESET) refers to stm32h7xx_it.o(.text.NMI_Handler) for NMI_Handler
    startup_stm32h723xx.o(RESET) refers to stm32h7xx_it.o(.text.HardFault_Handler) for HardFault_Handler
    startup_stm32h723xx.o(RESET) refers to stm32h7xx_it.o(.text.MemManage_Handler) for MemManage_Handler
    startup_stm32h723xx.o(RESET) refers to stm32h7xx_it.o(.text.BusFault_Handler) for BusFault_Handler
    startup_stm32h723xx.o(RESET) refers to stm32h7xx_it.o(.text.UsageFault_Handler) for UsageFault_Handler
    startup_stm32h723xx.o(RESET) refers to port.o(.text.SVC_Handler) for SVC_Handler
    startup_stm32h723xx.o(RESET) refers to stm32h7xx_it.o(.text.DebugMon_Handler) for DebugMon_Handler
    startup_stm32h723xx.o(RESET) refers to port.o(.text.PendSV_Handler) for PendSV_Handler
    startup_stm32h723xx.o(RESET) refers to cmsis_os2.o(.text.SysTick_Handler) for SysTick_Handler
    startup_stm32h723xx.o(RESET) refers to stm32h7xx_it.o(.text.DMA1_Stream0_IRQHandler) for DMA1_Stream0_IRQHandler
    startup_stm32h723xx.o(RESET) refers to stm32h7xx_it.o(.text.DMA1_Stream1_IRQHandler) for DMA1_Stream1_IRQHandler
    startup_stm32h723xx.o(RESET) refers to stm32h7xx_it.o(.text.DMA1_Stream2_IRQHandler) for DMA1_Stream2_IRQHandler
    startup_stm32h723xx.o(RESET) refers to stm32h7xx_it.o(.text.DMA1_Stream3_IRQHandler) for DMA1_Stream3_IRQHandler
    startup_stm32h723xx.o(RESET) refers to stm32h7xx_it.o(.text.FDCAN1_IT0_IRQHandler) for FDCAN1_IT0_IRQHandler
    startup_stm32h723xx.o(RESET) refers to stm32h7xx_it.o(.text.FDCAN2_IT0_IRQHandler) for FDCAN2_IT0_IRQHandler
    startup_stm32h723xx.o(RESET) refers to stm32h7xx_it.o(.text.FDCAN1_IT1_IRQHandler) for FDCAN1_IT1_IRQHandler
    startup_stm32h723xx.o(RESET) refers to stm32h7xx_it.o(.text.FDCAN2_IT1_IRQHandler) for FDCAN2_IT1_IRQHandler
    startup_stm32h723xx.o(RESET) refers to stm32h7xx_it.o(.text.TIM1_UP_IRQHandler) for TIM1_UP_IRQHandler
    startup_stm32h723xx.o(RESET) refers to stm32h7xx_it.o(.text.SPI2_IRQHandler) for SPI2_IRQHandler
    startup_stm32h723xx.o(RESET) refers to stm32h7xx_it.o(.text.EXTI15_10_IRQHandler) for EXTI15_10_IRQHandler
    startup_stm32h723xx.o(RESET) refers to stm32h7xx_it.o(.text.UART5_IRQHandler) for UART5_IRQHandler
    startup_stm32h723xx.o(RESET) refers to stm32h7xx_it.o(.text.FDCAN3_IT0_IRQHandler) for FDCAN3_IT0_IRQHandler
    startup_stm32h723xx.o(RESET) refers to stm32h7xx_it.o(.text.FDCAN3_IT1_IRQHandler) for FDCAN3_IT1_IRQHandler
    startup_stm32h723xx.o(.text) refers (Special) to heapauxi.o(.text) for __use_two_region_memory
    startup_stm32h723xx.o(.text) refers to system_stm32h7xx.o(.text.SystemInit) for SystemInit
    startup_stm32h723xx.o(.text) refers to __main.o(!!!main) for __main
    startup_stm32h723xx.o(.text) refers to startup_stm32h723xx.o(HEAP) for Heap_Mem
    startup_stm32h723xx.o(.text) refers to startup_stm32h723xx.o(STACK) for Stack_Mem
    main.o(.text.main) refers to stm32h7xx_hal.o(.text.HAL_Init) for HAL_Init
    main.o(.text.main) refers to main.o(.text.SystemClock_Config) for SystemClock_Config
    main.o(.text.main) refers to gpio.o(.text.MX_GPIO_Init) for MX_GPIO_Init
    main.o(.text.main) refers to dma.o(.text.MX_DMA_Init) for MX_DMA_Init
    main.o(.text.main) refers to spi.o(.text.MX_SPI2_Init) for MX_SPI2_Init
    main.o(.text.main) refers to tim.o(.text.MX_TIM3_Init) for MX_TIM3_Init
    main.o(.text.main) refers to usart.o(.text.MX_UART7_Init) for MX_UART7_Init
    main.o(.text.main) refers to usart.o(.text.MX_UART5_Init) for MX_UART5_Init
    main.o(.text.main) refers to fdcan.o(.text.MX_FDCAN1_Init) for MX_FDCAN1_Init
    main.o(.text.main) refers to fdcan.o(.text.MX_FDCAN2_Init) for MX_FDCAN2_Init
    main.o(.text.main) refers to adc.o(.text.MX_ADC1_Init) for MX_ADC1_Init
    main.o(.text.main) refers to tim.o(.text.MX_TIM12_Init) for MX_TIM12_Init
    main.o(.text.main) refers to fdcan.o(.text.MX_FDCAN3_Init) for MX_FDCAN3_Init
    main.o(.text.main) refers to cmsis_os2.o(.text.osKernelInitialize) for osKernelInitialize
    main.o(.text.main) refers to freertos.o(.text.MX_FREERTOS_Init) for MX_FREERTOS_Init
    main.o(.text.main) refers to cmsis_os2.o(.text.osKernelStart) for osKernelStart
    main.o(.ARM.exidx.text.main) refers to main.o(.text.main) for [Anonymous Symbol]
[...]
    Motor::Motor()                           0x0800e5e9   Thumb Code   174  motor.o(.text._ZN5MotorC2Ev)
    Motor::Motor__sub_object()               0x0800e5e9   Thumb Code   174  motor.o(.text._ZN5MotorC2Ev)
    Robot::Robot()                           0x0800e699   Thumb Code    96  robot.o(.text._ZN5RobotC2Ev)
    Robot::Robot__sub_object()               0x0800e699   Thumb Code    96  robot.o(.text._ZN5RobotC2Ev)
    Remote::checkWatchdog(__UART_HandleTypeDef*) 0x0800e6f9   Thumb Code   282  et16s_remote.o(.text._ZN6Remote13checkWatchdogEP20__UART_HandleTypeDef)
    Remote::processBuffer()                  0x0800e819   Thumb Code   460  et16s_remote.o(.text._ZN6Remote13processBufferEv)
    Remote::Init(__UART_HandleTypeDef*)      0x0800e9e9   Thumb Code   268  et16s_remote.o(.text._ZN6Remote4InitEP20__UART_HandleTypeDef)
    Remote::Remote()                         0x0800eaf9   Thumb Code    28  et16s_remote.o(.text._ZN6RemoteC2Ev)
    Remote::Remote__sub_object()             0x0800eaf9   Thumb Code    28  et16s_remote.o(.text._ZN6RemoteC2Ev)
    Controls::Controls()                     0x0800eb19   Thumb Code     2  controls.o(.text._ZN8ControlsC2Ev)
    Controls::Controls__sub_object()         0x0800eb19   Thumb Code     2  controls.o(.text._ZN8ControlsC2Ev)
    Dynamics::computeCenterOfMass(Joint_Angle const&, Joint_Angle const&, FusionMatrix const&) 0x0800eb21   Thumb Code  5060  dynamics.o(.text._ZN8Dynamics19computeCenterOfMassERK11Joint_AngleS2_RK12FusionMatrix)
    Dynamics::computeZeroMomentPoint(FusionVector const&, FusionVector const&, FusionVector const&, FusionMatrix const&) 0x0800fee9   Thumb Code   312  dynamics.o(.text._ZN8Dynamics22computeZeroMomentPointERK12FusionVectorS2_S2_RK12FusionMatrix)
    Dynamics::Dynamics()                     0x08010021   Thumb Code    34  dynamics.o(.text._ZN8DynamicsC2Ev)
    Dynamics::Dynamics__sub_object()         0x08010021   Thumb Code    34  dynamics.o(.text._ZN8DynamicsC2Ev)
    Robot::initBatteryADC() const            0x08010049   Thumb Code    40  robot.o(.text._ZNK5Robot14initBatteryADCEv)
    _sys_exit                                0x08010071   Thumb Code     2  debug.o(.text._sys_exit)
    bmi088_accel_init                        0x08010079   Thumb Code   592  bmi088driver.o(.text.bmi088_accel_init)
    bmi088_gyro_init                         0x080102c9   Thumb Code   532  bmi088driver.o(.text.bmi088_gyro_init)
    can_bsp_init                             0x080104e1   Thumb Code    82  can_bsp.o(.text.can_bsp_init)
    can_filter_init                          0x08010539   Thumb Code   148  can_bsp.o(.text.can_filter_init)
    configureTimerForRunTimeStats            0x080105d1   Thumb Code     2  freertos.o(.text.configureTimerForRunTimeStats)
    delay_init                               0x080105d9   Thumb Code    22  delay.o(.text.delay_init)
    delay_us                                 0x080105f1   Thumb Code    82  delay.o(.text.delay_us)
    dm4310_clear_para                        0x08010649   Thumb Code    14  dm4310driver.o(.text.dm4310_clear_para)
    dm4310_ctrl_send                         0x08010659   Thumb Code   452  dm4310driver.o(.text.dm4310_ctrl_send)
    dm4310_disable                           0x08010821   Thumb Code   196  dm4310driver.o(.text.dm4310_disable)
    dm4310_enable                            0x080108e9   Thumb Code   156  dm4310driver.o(.text.dm4310_enable)
    dm4310_fbdata                            0x08010989   Thumb Code   204  dm4310driver.o(.text.dm4310_fbdata)
    fdcan1_rx_callback                       0x08010a59   Thumb Code   130  task_manager.o(.text.fdcan1_rx_callback)
    fdcan2_rx_callback                       0x08010ae1   Thumb Code    56  task_manager.o(.text.fdcan2_rx_callback)
    fdcan3_rx_callback                       0x08010b29   Thumb Code    14  task_manager.o(.text.fdcan3_rx_callback)
    fdcanx_receive                           0x08010b39   Thumb Code    42  can_bsp.o(.text.fdcanx_receive)
    fdcanx_send_data                         0x08010b69   Thumb Code    40  can_bsp.o(.text.fdcanx_send_data)
    getRunTimeCounterValue                   0x08010b91   Thumb Code     4  freertos.o(.text.getRunTimeCounterValue)
    main                                     0x08010b99   Thumb Code    66  main.o(.text.main)
    osDelay                                  0x08010be1   Thumb Code    32  cmsis_os2.o(.text.osDelay)
    osKernelInitialize                       0x08010c01   Thumb Code    42  cmsis_os2.o(.text.osKernelInitialize)
    osKernelStart                            0x08010c31   Thumb Code    62  cmsis_os2.o(.text.osKernelStart)
    osSemaphoreAcquire                       0x08010c71   Thumb Code   108  cmsis_os2.o(.text.osSemaphoreAcquire)
    osSemaphoreNew                           0x08010ce1   Thumb Code   186  cmsis_os2.o(.text.osSemaphoreNew)
    osSemaphoreRelease                       0x08010da1   Thumb Code   100  cmsis_os2.o(.text.osSemaphoreRelease)
    osThreadNew                              0x08010e09   Thumb Code   174  cmsis_os2.o(.text.osThreadNew)
    pvPortMalloc                             0x080117a9   Thumb Code   528  heap_4.o(.text.pvPortMalloc)
    pvTaskIncrementMutexHeldCount            0x080119b9   Thumb Code    24  tasks.o(.text.pvTaskIncrementMutexHeldCount)
    pxPortInitialiseStack                    0x080119d1   Thumb Code    44  port.o(.text.pxPortInitialiseStack)
    uxListRemove                             0x08011a01   Thumb Code    42  list.o(.text.uxListRemove)
    vApplicationGetIdleTaskMemory            0x08011a31   Thumb Code    26  cmsis_os2.o(.text.vApplicationGetIdleTaskMemory)
    vApplicationGetTimerTaskMemory           0x08011a51   Thumb Code    28  cmsis_os2.o(.text.vApplicationGetTimerTaskMemory)
    vListInitialise                          0x08011a71   Thumb Code    22  list.o(.text.vListInitialise)
    vListInitialiseItem                      0x08011a89   Thumb Code     6  list.o(.text.vListInitialiseItem)
    vListInsert                              0x08011a91   Thumb Code   102  list.o(.text.vListInsert)
    vListInsertEnd                           0x08011af9   Thumb Code    28  list.o(.text.vListInsertEnd)
    vPortEnterCritical                       0x08011b31   Thumb Code    82  port.o(.text.vPortEnterCritical)
    vPortExitCritical                        0x08011b89   Thumb Code    50  port.o(.text.vPortExitCritical)
    vPortFree                                0x08011bc1   Thumb Code   220  heap_4.o(.text.vPortFree)
    vPortSetupTimerInterrupt                 0x08011ca1   Thumb Code    52  port.o(.text.vPortSetupTimerInterrupt)
    vPortValidateInterruptPriority           0x08011cd9   Thumb Code   102  port.o(.text.vPortValidateInterruptPriority)
    vQueueAddToRegistry                      0x08011d41   Thumb Code   176  queue.o(.text.vQueueAddToRegistry)
    vQueueDelete                             0x08011df1   Thumb Code   172  queue.o(.text.vQueueDelete)
    vQueueWaitForMessageRestricted           0x08011ea1   Thumb Code   100  queue.o(.text.vQueueWaitForMessageRestricted)
    vTaskDelay                               0x08011f09   Thumb Code   136  tasks.o(.text.vTaskDelay)
    vTaskDelayUntil                          0x08011f91   Thumb Code   220  tasks.o(.text.vTaskDelayUntil)
    vTaskInternalSetTimeOutState             0x08012071   Thumb Code    18  tasks.o(.text.vTaskInternalSetTimeOutState)
    vTaskMissedYield                         0x08012089   Thumb Code    14  tasks.o(.text.vTaskMissedYield)
    vTaskPlaceOnEventList                    0x08012099   Thumb Code   128  tasks.o(.text.vTaskPlaceOnEventList)
    vTaskPlaceOnEventListRestricted          0x08012119   Thumb Code   130  tasks.o(.text.vTaskPlaceOnEventListRestricted)
    vTaskPriorityDisinheritAfterTimeout      0x080121a1   Thumb Code   166  tasks.o(.text.vTaskPriorityDisinheritAfterTimeout)
    vTaskStartScheduler                      0x08012249   Thumb Code   256  tasks.o(.text.vTaskStartScheduler)
    vTaskSuspendAll                          0x08012351   Thumb Code    16  tasks.o(.text.vTaskSuspendAll)
    vTaskSwitchContext                       0x08012361   Thumb Code   196  tasks.o(.text.vTaskSwitchContext)
    xPortStartScheduler                      0x08012429   Thumb Code   386  port.o(.text.xPortStartScheduler)
    xPortSysTickHandler                      0x080125b1   Thumb Code    50  port.o(.text.xPortSysTickHandler)
    xQueueCreateCountingSemaphore            0x080125e9   Thumb Code    76  queue.o(.text.xQueueCreateCountingSemaphore)
    xQueueCreateCountingSemaphoreStatic      0x08012639   Thumb Code   210  queue.o(.text.xQueueCreateCountingSemaphoreStatic)
    xQueueGenericCreate                      0x08012711   Thumb Code   138  queue.o(.text.xQueueGenericCreate)
    xQueueGenericCreateStatic                0x080127a1   Thumb Code   246  queue.o(.text.xQueueGenericCreateStatic)
    xQueueGenericSend                        0x08012899   Thumb Code   598  queue.o(.text.xQueueGenericSend)
    xQueueGiveFromISR                        0x08012af1   Thumb Code   212  queue.o(.text.xQueueGiveFromISR)
    xQueueReceive                            0x08012bc9   Thumb Code   438  queue.o(.text.xQueueReceive)
    xQueueReceiveFromISR                     0x08012d81   Thumb Code   248  queue.o(.text.xQueueReceiveFromISR)
    xQueueSemaphoreTake                      0x08012e79   Thumb Code   498  queue.o(.text.xQueueSemaphoreTake)
    xTaskCheckForTimeOut                     0x08013071   Thumb Code   174  tasks.o(.text.xTaskCheckForTimeOut)
    xTaskCreate                              0x08013121   Thumb Code    96  tasks.o(.text.xTaskCreate)
    xTaskCreateStatic                        0x08013181   Thumb Code   134  tasks.o(.text.xTaskCreateStatic)
    xTaskGetSchedulerState                   0x08013209   Thumb Code    28  tasks.o(.text.xTaskGetSchedulerState)
    xTaskGetTickCount                        0x08013229   Thumb Code    24  tasks.o(.text.xTaskGetTickCount)
    xTaskIncrementTick                       0x08013241   Thumb Code   262  tasks.o(.text.xTaskIncrementTick)
    xTaskPriorityDisinherit                  0x08013349   Thumb Code   146  tasks.o(.text.xTaskPriorityDisinherit)
    xTaskPriorityInherit                     0x080133e1   Thumb Code   142  tasks.o(.text.xTaskPriorityInherit)
    xTaskRemoveFromEventList                 0x08013471   Thumb Code   120  tasks.o(.text.xTaskRemoveFromEventList)
    xTaskResumeAll                           0x080134e9   Thumb Code   244  tasks.o(.text.xTaskResumeAll)
    xTimerCreateTimerTask                    0x080135e1   Thumb Code   176  timers.o(.text.xTimerCreateTimerTask)
    __ARM_fpclassifyf                        0x08013699   Thumb Code    38  fpclassifyf.o(i.__ARM_fpclassifyf)
    __hardfp_asinf                           0x080136c1   Thumb Code   258  asinf.o(i.__hardfp_asinf)
    __hardfp_atan2f                          0x080137ed   Thumb Code   594  atan2f.o(i.__hardfp_atan2f)
    __hardfp_cosf                            0x08013a99   Thumb Code   280  cosf.o(i.__hardfp_cosf)
    __hardfp_fmodf                           0x08013be9   Thumb Code   176  fmodf.o(i.__hardfp_fmodf)
    __hardfp_sinf                            0x08013c99   Thumb Code   344  sinf.o(i.__hardfp_sinf)
    __mathlib_flt_infnan                     0x08013e29   Thumb Code     6  funder.o(i.__mathlib_flt_infnan)
    __mathlib_flt_infnan2                    0x08013e2f   Thumb Code     6  funder.o(i.__mathlib_flt_infnan2)
    __mathlib_flt_invalid                    0x08013e35   Thumb Code    10  funder.o(i.__mathlib_flt_invalid)
    __mathlib_flt_underflow                  0x08013e45   Thumb Code    10  funder.o(i.__mathlib_flt_underflow)
    __mathlib_rredf2                         0x08013e55   Thumb Code   316  rredf.o(i.__mathlib_rredf2)
    sqrtf                                    0x08013fa9   Thumb Code    62  sqrtf.o(i.sqrtf)
    __fpl_fnaninf                            0x08013fe7   Thumb Code   140  fnaninf.o(x$fpl$fnaninf)
    _fp_init                                 0x08014073   Thumb Code    26  fpinit.o(x$fpl$fpinit)
    __fplib_config_fpu_vfp                   0x0801408b   Thumb Code     0  fpinit.o(x$fpl$fpinit)
    __fplib_config_pureend_doubles           0x0801408b   Thumb Code     0  fpinit.o(x$fpl$fpinit)
    _frem                                    0x0801408d   Thumb Code   240  frem_clz.o(x$fpl$frem)
    __I$use$fp                               0x08014180   Number         0  usenofp.o(x$fpl$usenofp)
    D1CorePrescTable                         0x080141f8   Data          16  system_stm32h7xx.o(.rodata.D1CorePrescTable)
    Debug_attributes                         0x08014208   Data          36  freertos.o(.rodata.Debug_attributes)
    IMU_attributes                           0x0801422c   Data          36  freertos.o(.rodata.IMU_attributes)
    Motor_Ctrl_attributes                    0x08014250   Data          36  freertos.o(.rodata.Motor_Ctrl_attributes)
    Robot_attributes                         0x08014274   Data          36  freertos.o(.rodata.Robot_attributes)
    System_Monitor_attributes                0x08014298   Data          36  freertos.o(.rodata.System_Monitor_attributes)
    UARTPrescTable                           0x080142bc   Data          24  stm32h7xx_hal_uart.o(.rodata.UARTPrescTable)
    Region$$Table$$Base                      0x080143f8   Number         0  anon$$obj.o(Region$$Table)
    Region$$Table$$Limit                     0x08014428   Number         0  anon$$obj.o(Region$$Table)
    SHT$$INIT_ARRAY$$Base                    0x08014428   Number         0  task_manager.o(.init_array)
    SHT$$INIT_ARRAY$$Limit                   0x0801442c   Number         0  init_aeabi.o(.init_array)
    uwTickFreq                               0x24000000   Data           1  stm32h7xx_hal.o(.data..L_MergedGlobals)
    uwTickPrio                               0x24000004   Data           4  stm32h7xx_hal.o(.data..L_MergedGlobals)
    SystemCoreClock                          0x24000008   Data           4  system_stm32h7xx.o(.data..L_MergedGlobals)
    SystemD2Clock                            0x2400000c   Data           4  system_stm32h7xx.o(.data..L_MergedGlobals)
    BMI088_ACCEL_SEN                         0x24000010   Data           4  bmi088driver.o(.data..L_MergedGlobals)
    BMI088_GYRO_SEN                          0x24000014   Data           4  bmi088driver.o(.data..L_MergedGlobals)
    __libspace_start                         0x24000020   Data          96  libspace.o(.bss)
    DebugHandle                              0x24000080   Data           4  freertos.o(.bss..L_MergedGlobals)
    __temporary_stack_top$libspace           0x24000080   Data           0  libspace.o(.bss)
    IMUHandle                                0x24000084   Data           4  freertos.o(.bss..L_MergedGlobals)
    RobotHandle                              0x24000088   Data           4  freertos.o(.bss..L_MergedGlobals)
    Motor_CtrlHandle                         0x2400008c   Data           4  freertos.o(.bss..L_MergedGlobals)
    System_MonitorHandle                     0x24000090   Data           4  freertos.o(.bss..L_MergedGlobals)
    controls                                 0x24000094   Data           1  task_manager.o(.bss..L_MergedGlobals)
    orin                                     0x24000095   Data          16  task_manager.o(.bss..L_MergedGlobals)
    remote                                   0x240000a6   Data          78  task_manager.o(.bss..L_MergedGlobals)
    pxCurrentTCB                             0x24000104   Data           4  tasks.o(.bss..L_MergedGlobals)
    IMUBuffer                                0x240001fc   Data        2048  freertos.o(.bss.IMUBuffer)
    IMUControlBlock                          0x240009fc   Data          96  freertos.o(.bss.IMUControlBlock)
    dynamics                                 0x24000a60   Data         168  task_manager.o(.bss.dynamics)
    hadc1                                    0x24000b0c   Data         112  adc.o(.bss.hadc1)
    hdma_adc1                                0x24000b7c   Data         120  adc.o(.bss.hdma_adc1)
    hdma_spi2_rx                             0x24000bf4   Data         120  spi.o(.bss.hdma_spi2_rx)
    hdma_spi2_tx                             0x24000c6c   Data         120  spi.o(.bss.hdma_spi2_tx)
    hdma_uart5_rx                            0x24000ce4   Data         120  usart.o(.bss.hdma_uart5_rx)
    hfdcan1                                  0x24000d5c   Data         160  fdcan.o(.bss.hfdcan1)
    hfdcan2                                  0x24000dfc   Data         160  fdcan.o(.bss.hfdcan2)
    hfdcan3                                  0x24000e9c   Data         160  fdcan.o(.bss.hfdcan3)
    hspi2                                    0x24000f3c   Data         136  spi.o(.bss.hspi2)
    htim1                                    0x24000fc4   Data          76  stm32h7xx_hal_timebase_tim.o(.bss.htim1)
    htim12                                   0x24001010   Data          76  tim.o(.bss.htim12)
    htim3                                    0x2400105c   Data          76  tim.o(.bss.htim3)
    huart5                                   0x240010a8   Data         148  usart.o(.bss.huart5)
    huart7                                   0x2400113c   Data         148  usart.o(.bss.huart7)
    imu                                      0x240011d0   Data         212  task_manager.o(.bss.imu)
    imuBinarySem01Handle                     0x240012a4   Data           4  freertos.o(.bss.imuBinarySem01Handle)
    imuBinarySemControlBlock                 0x240012a8   Data          80  freertos.o(.bss.imuBinarySemControlBlock)
    kinematics                               0x240012f8   Data          92  task_manager.o(.bss.kinematics)
    motor                                    0x24001354   Data         740  task_manager.o(.bss.motor)
    robot                                    0x24001b88   Data         180  task_manager.o(.bss.robot)
    uwTick                                   0x24001c3c   Data           4  stm32h7xx_hal.o(.bss.uwTick)
    xQueueRegistry                           0x24002300   Data          64  queue.o(.bss.xQueueRegistry)



==============================================================================

Memory Map of the image

  Image Entry point : 0x080002cd

  Load Region LR_IROM1 (Base: 0x08000000, Size: 0x00014450, Max: 0x00100000, ABSOLUTE)

    Execution Region ER_IROM1 (Exec base: 0x08000000, Load base: 0x08000000, Size: 0x0001442c, Max: 0x00100000, ABSOLUTE)

    Exec Addr    Load Addr    Size         Type   Attr      Idx    E Section Name        Object

    0x08000000   0x08000000   0x000002cc   Data   RO            3    RESET               startup_stm32h723xx.o
    0x080002cc   0x080002cc   0x00000008   Code   RO         3079  * !!!main             c_w.l(__main.o)
    0x080002d4   0x080002d4   0x00000034   Code   RO         3336    !!!scatter          c_w.l(__scatter.o)
    0x08000308   0x08000308   0x0000001a   Code   RO         3338    !!handler_copy      c_w.l(__scatter_copy.o)
    0x08000322   0x08000322   0x00000002   PAD
    0x08000324   0x08000324   0x0000001c   Code   RO         3340    !!handler_zi        c_w.l(__scatter_zi.o)
    0x08000340   0x08000340   0x00000000   Code   RO         3062    .ARM.Collect$$_printf_percent$$00000000  c_w.l(_printf_percent.o)
    0x08000340   0x08000340   0x00000006   Code   RO         3061    .ARM.Collect$$_printf_percent$$0000000A  c_w.l(_printf_u.o)
    0x08000346   0x08000346   0x00000006   Code   RO         3060    .ARM.Collect$$_printf_percent$$00000013  c_w.l(_printf_c.o)
    0x0800034c   0x0800034c   0x00000004   Code   RO         3134    .ARM.Collect$$_printf_percent$$00000017  c_w.l(_printf_percent_end.o)
    0x08000350   0x08000350   0x00000002   Code   RO         3266    .ARM.Collect$$libinit$$00000000  c_w.l(libinit.o)
    0x08000352   0x08000352   0x00000004   Code   RO         3137    .ARM.Collect$$libinit$$00000001  c_w.l(libinit2.o)
    0x08000356   0x08000356   0x00000000   Code   RO         3140    .ARM.Collect$$libinit$$00000004  c_w.l(libinit2.o)
    0x08000356   0x08000356   0x00000000   Code   RO         3142    .ARM.Collect$$libinit$$00000006  c_w.l(libinit2.o)
    0x08000356   0x08000356   0x00000000   Code   RO         3145    .ARM.Collect$$libinit$$0000000C  c_w.l(libinit2.o)
    0x08000356   0x08000356   0x00000000   Code   RO         3147    .ARM.Collect$$libinit$$0000000E  c_w.l(libinit2.o)
    0x08000356   0x08000356   0x00000000   Code   RO         3149    .ARM.Collect$$libinit$$00000010  c_w.l(libinit2.o)
    0x08000356   0x08000356   0x00000000   Code   RO         3152    .ARM.Collect$$libinit$$00000013  c_w.l(libinit2.o)
    0x08000356   0x08000356   0x00000000   Code   RO         3154    .ARM.Collect$$libinit$$00000015  c_w.l(libinit2.o)
    0x08000356   0x08000356   0x00000000   Code   RO         3156    .ARM.Collect$$libinit$$00000017  c_w.l(libinit2.o)
    0x08000356   0x08000356   0x00000000   Code   RO         3158    .ARM.Collect$$libinit$$00000019  c_w.l(libinit2.o)
    0x08000356   0x08000356   0x00000000   Code   RO         3160    .ARM.Collect$$libinit$$0000001B  c_w.l(libinit2.o)
    0x08000356   0x08000356   0x00000000   Code   RO         3162    .ARM.Collect$$libinit$$0000001D  c_w.l(libinit2.o)
    0x08000356   0x08000356   0x00000000   Code   RO         3164    .ARM.Collect$$libinit$$0000001F  c_w.l(libinit2.o)
    0x08000356   0x08000356   0x00000000   Code   RO         3166    .ARM.Collect$$libinit$$00000021  c_w.l(libinit2.o)
    0x08000356   0x08000356   0x00000000   Code   RO         3168    .ARM.Collect$$libinit$$00000023  c_w.l(libinit2.o)
    0x08000356   0x08000356   0x00000000   Code   RO         3170    .ARM.Collect$$libinit$$00000025  c_w.l(libinit2.o)
    0x08000356   0x08000356   0x00000000   Code   RO         3172    .ARM.Collect$$libinit$$00000027  c_w.l(libinit2.o)
    0x08000356   0x08000356   0x00000000   Code   RO         3176    .ARM.Collect$$libinit$$0000002E  c_w.l(libinit2.o)
    0x08000356   0x08000356   0x00000000   Code   RO         3178    .ARM.Collect$$libinit$$00000030  c_w.l(libinit2.o)
    0x08000356   0x08000356   0x00000000   Code   RO         3180    .ARM.Collect$$libinit$$00000032  c_w.l(libinit2.o)
    0x08000356   0x08000356   0x00000004   Code   RO         3181    .ARM.Collect$$libinit$$00000033  c_w.l(libinit2.o)
    0x0800035a   0x0800035a   0x00000000   Code   RO         3182    .ARM.Collect$$libinit$$00000034  c_w.l(libinit2.o)
    0x0800035a   0x0800035a   0x00000002   Code   RO         3183    .ARM.Collect$$libinit$$00000035  c_w.l(libinit2.o)
    0x0800035c   0x0800035c   0x00000002   Code   RO         3303    .ARM.Collect$$libshutdown$$00000000  c_w.l(libshutdown.o)
    0x0800035e   0x0800035e   0x00000000   Code   RO         3319    .ARM.Collect$$libshutdown$$00000002  c_w.l(libshutdown2.o)
    0x0800035e   0x0800035e   0x00000000   Code   RO         3321    .ARM.Collect$$libshutdown$$00000004  c_w.l(libshutdown2.o)
    0x0800035e   0x0800035e   0x00000000   Code   RO         3324    .ARM.Collect$$libshutdown$$00000007  c_w.l(libshutdown2.o)
    0x0800035e   0x0800035e   0x00000000   Code   RO         3327    .ARM.Collect$$libshutdown$$0000000A  c_w.l(libshutdown2.o)
    0x0800035e   0x0800035e   0x00000000   Code   RO         3329    .ARM.Collect$$libshutdown$$0000000C  c_w.l(libshutdown2.o)
    0x0800035e   0x0800035e   0x00000000   Code   RO         3332    .ARM.Collect$$libshutdown$$0000000F  c_w.l(libshutdown2.o)
    0x0800035e   0x0800035e   0x00000002   Code   RO         3333    .ARM.Collect$$libshutdown$$00000010  c_w.l(libshutdown2.o)
    0x08000360   0x08000360   0x00000000   Code   RO         3119    .ARM.Collect$$rtentry$$00000000  c_w.l(__rtentry.o)
    0x08000360   0x08000360   0x00000000   Code   RO         3217    .ARM.Collect$$rtentry$$00000002  c_w.l(__rtentry2.o)
    0x08000360   0x08000360   0x00000006   Code   RO         3229    .ARM.Collect$$rtentry$$00000004  c_w.l(__rtentry4.o)
    0x08000366   0x08000366   0x00000000   Code   RO         3219    .ARM.Collect$$rtentry$$00000009  c_w.l(__rtentry2.o)
    0x08000366   0x08000366   0x00000004   Code   RO         3220    .ARM.Collect$$rtentry$$0000000A  c_w.l(__rtentry2.o)
    0x0800036a   0x0800036a   0x00000000   Code   RO         3222    .ARM.Collect$$rtentry$$0000000C  c_w.l(__rtentry2.o)
    0x0800036a   0x0800036a   0x00000008   Code   RO         3223    .ARM.Collect$$rtentry$$0000000D  c_w.l(__rtentry2.o)
    0x08000372   0x08000372   0x00000002   Code   RO         3271    .ARM.Collect$$rtexit$$00000000  c_w.l(rtexit.o)
    0x08000374   0x08000374   0x00000000   Code   RO         3287    .ARM.Collect$$rtexit$$00000002  c_w.l(rtexit2.o)
    0x08000374   0x08000374   0x00000004   Code   RO         3288    .ARM.Collect$$rtexit$$00000003  c_w.l(rtexit2.o)
    0x08000378   0x08000378   0x00000006   Code   RO         3289    .ARM.Collect$$rtexit$$00000004  c_w.l(rtexit2.o)
    0x0800037e   0x0800037e   0x00000002   PAD
    0x08000380   0x08000380   0x00000040   Code   RO            4    .text               startup_stm32h723xx.o
    0x080003c0   0x080003c0   0x00000002   Code   RO         3026    .text               c_w.l(use_no_semi_2.o)
    0x080003c2   0x080003c2   0x000000f0   Code   RO         3028    .text               c_w.l(lludivv7m.o)
    0x080004b2   0x080004b2   0x00000052   Code   RO         3036    .text               c_w.l(_printf_str.o)
    0x08000504   0x08000504   0x00000078   Code   RO         3038    .text               c_w.l(_printf_dec.o)
    0x0800057c   0x0800057c   0x0000008a   Code   RO         3067    .text               c_w.l(rt_memcpy_v6.o)
    0x08000606   0x08000606   0x00000010   Code   RO         3071    .text               c_w.l(aeabi_memset4.o)
    0x08000616   0x08000616   0x00000044   Code   RO         3073    .text               c_w.l(rt_memclr.o)
    0x0800065a   0x0800065a   0x0000004e   Code   RO         3075    .text               c_w.l(rt_memclr_w.o)
    0x080006a8   0x080006a8   0x00000006   Code   RO         3077    .text               c_w.l(heapauxi.o)
    0x080006ae   0x080006ae   0x00000002   PAD
    0x080006b0   0x080006b0   0x00000024   Code   RO         3084    .text               c_w.l(init_aeabi.o)
    0x080006d4   0x080006d4   0x00000002   Code   RO         3117    .text               c_w.l(use_no_semi.o)
    0x080006d6   0x080006d6   0x00000016   Code   RO         3124    .text               c_w.l(_rserrno.o)
    0x080006ec   0x080006ec   0x000000b2   Code   RO         3126    .text               c_w.l(_printf_intcommon.o)
    0x0800079e   0x0800079e   0x0000002c   Code   RO         3132    .text               c_w.l(_printf_char.o)
    0x080007ca   0x080007ca   0x00000064   Code   RO         3135    .text               c_w.l(rt_memcpy_w.o)
    0x0800082e   0x0800082e   0x00000002   PAD
    0x08000830   0x08000830   0x00000008   Code   RO         3236    .text               c_w.l(rt_errno_addr_intlibspace.o)
    0x08000838   0x08000838   0x00000008   Code   RO         3246    .text               c_w.l(libspace.o)
    0x08000840   0x08000840   0x0000004a   Code   RO         3249    .text               c_w.l(sys_stackheap_outer.o)
    0x0800088a   0x0800088a   0x00000012   Code   RO         3251    .text               c_w.l(exit.o)
    0x0800089c   0x0800089c   0x00000004   PAD
    0x080008a0   0x080008a0   0x00000100   Code   RO          255    .text.ADC_ConfigureBoostMode  stm32h7xx_hal_adc.o
    0x080009a0   0x080009a0   0x0000005e   Code   RO          281    .text.ADC_DMAConvCplt  stm32h7xx_hal_adc.o
    0x080009fe   0x080009fe   0x00000002   PAD
    0x08000a00   0x08000a00   0x00000016   Code   RO          285    .text.ADC_DMAError  stm32h7xx_hal_adc.o
    0x08000a16   0x08000a16   0x00000002   PAD
    0x08000a18   0x08000a18   0x00000006   Code   RO          283    .text.ADC_DMAHalfConvCplt  stm32h7xx_hal_adc.o
    0x08000a1e   0x08000a1e   0x00000002   PAD
    0x08000a20   0x08000a20   0x00000078   Code   RO          261    .text.ADC_Disable   stm32h7xx_hal_adc.o
    0x08000a98   0x08000a98   0x000000ae   Code   RO          267    .text.ADC_Enable    stm32h7xx_hal_adc.o
    0x08000b46   0x08000b46   0x00000002   PAD
    0x08000b48   0x08000b48   0x00000010   Code   RO         2362    .text.BMI088_ACCEL_NS_H  bmi088middleware.o
    0x08000b58   0x08000b58   0x00000010   Code   RO         2360    .text.BMI088_ACCEL_NS_L  bmi088middleware.o
    0x08000b68   0x08000b68   0x00000002   Code   RO         2352    .text.BMI088_GPIO_init  bmi088middleware.o
    0x08000b6a   0x08000b6a   0x00000006   PAD
    0x08000b70   0x08000b70   0x00000010   Code   RO         2366    .text.BMI088_GYRO_NS_H  bmi088middleware.o
    0x08000b80   0x08000b80   0x00000010   Code   RO         2364    .text.BMI088_GYRO_NS_L  bmi088middleware.o
    0x08000b90   0x08000b90   0x00000002   Code   RO         2354    .text.BMI088_com_init  bmi088middleware.o
    0x08000b92   0x08000b92   0x00000006   PAD
    0x08000b98   0x08000b98   0x0000005a   Code   RO         2356    .text.BMI088_delay_ms  bmi088middleware.o
    0x08000bf2   0x08000bf2   0x00000006   PAD
    0x08000bf8   0x08000bf8   0x0000004a   Code   RO         2358    .text.BMI088_delay_us  bmi088middleware.o
    0x08000c42   0x08000c42   0x00000006   PAD
    0x08000c48   0x08000c48   0x00000018   Code   RO         2333    .text.BMI088_init   bmi088driver.o
    0x08000c60   0x08000c60   0x0000019a   Code   RO         2339    .text.BMI088_read   bmi088driver.o
    0x08000dfa   0x08000dfa   0x00000006   PAD
    0x08000e00   0x08000e00   0x0000002e   Code   RO         2368    .text.BMI088_read_write_byte  bmi088middleware.o
    0x08000e2e   0x08000e2e   0x00000002   PAD
    0x08000e30   0x08000e30   0x00000002   Code   RO          186    .text.BusFault_Handler  stm32h7xx_it.o
    0x08000e32   0x08000e32   0x00000006   PAD
    0x08000e38   0x08000e38   0x0000000c   Code   RO          192    .text.DMA1_Stream0_IRQHandler  stm32h7xx_it.o
    0x08000e44   0x08000e44   0x00000004   PAD
    0x08000e48   0x08000e48   0x0000000c   Code   RO          194    .text.DMA1_Stream1_IRQHandler  stm32h7xx_it.o
    0x08000e54   0x08000e54   0x00000004   PAD
    0x08000e58   0x08000e58   0x0000000c   Code   RO          196    .text.DMA1_Stream2_IRQHandler  stm32h7xx_it.o
    0x08000e64   0x08000e64   0x00000004   PAD
    0x08000e68   0x08000e68   0x0000000c   Code   RO          198    .text.DMA1_Stream3_IRQHandler  stm32h7xx_it.o
    0x08000e74   0x08000e74   0x00000004   PAD
    0x08000e78   0x08000e78   0x00000128   Code   RO          602    .text.DMA_CalcBaseAndBitshift  stm32h7xx_hal_dma.o
    0x08000fa0   0x08000fa0   0x00000312   Code   RO          608    .text.DMA_SetConfig  stm32h7xx_hal_dma.o
    0x080012b2   0x080012b2   0x00000006   PAD
    0x080012b8   0x080012b8   0x00000002   Code   RO          190    .text.DebugMon_Handler  stm32h7xx_it.o
    0x080012ba   0x080012ba   0x00000006   PAD
    0x080012c0   0x080012c0   0x00000026   Code   RO         2061    .text.Debug_Task    task_manager.o
    0x080012e6   0x080012e6   0x00000002   PAD
    0x080012e8   0x080012e8   0x00000016   Code   RO          212    .text.EXTI15_10_IRQHandler  stm32h7xx_it.o
    0x080012fe   0x080012fe   0x00000002   PAD
    0x08001300   0x08001300   0x0000000a   Code   RO           15    .text.Error_Handler  main.o
    0x0800130a   0x0800130a   0x00000006   PAD
    0x08001310   0x08001310   0x0000000c   Code   RO          200    .text.FDCAN1_IT0_IRQHandler  stm32h7xx_it.o
    0x0800131c   0x0800131c   0x00000004   PAD
    0x08001320   0x08001320   0x0000000c   Code   RO          204    .text.FDCAN1_IT1_IRQHandler  stm32h7xx_it.o
    0x0800132c   0x0800132c   0x00000004   PAD
    0x08001330   0x08001330   0x0000000c   Code   RO          202    .text.FDCAN2_IT0_IRQHandler  stm32h7xx_it.o
    0x0800133c   0x0800133c   0x00000004   PAD
    0x08001340   0x08001340   0x0000000c   Code   RO          206    .text.FDCAN2_IT1_IRQHandler  stm32h7xx_it.o
    0x0800134c   0x0800134c   0x00000004   PAD
    0x08001350   0x08001350   0x0000000c   Code   RO          216    .text.FDCAN3_IT0_IRQHandler  stm32h7xx_it.o
    0x0800135c   0x0800135c   0x00000004   PAD
    0x08001360   0x08001360   0x0000000c   Code   RO          218    .text.FDCAN3_IT1_IRQHandler  stm32h7xx_it.o
    0x0800136c   0x0800136c   0x00000004   PAD
    0x08001370   0x08001370   0x00000008   Code   RO         2251    .text.FusionAhrsGetQuaternion  fusionahrs.o
    0x08001378   0x08001378   0x00000060   Code   RO         2237    .text.FusionAhrsInitialise  fusionahrs.o
    0x080013d8   0x080013d8   0x000004ac   Code   RO         2243    .text.FusionAhrsUpdate  fusionahrs.o
    0x08001884   0x08001884   0x00000004   PAD
    0x08001888   0x08001888   0x000000c0   Code   RO         2247    .text.FusionAhrsUpdateNoMagnetometer  fusionahrs.o
    0x08001948   0x08001948   0x000000c4   Code   RO         2269    .text.FusionCompassCalculateHeading  fusioncompass.o
    0x08001a0c   0x08001a0c   0x00000004   PAD
    0x08001a10   0x08001a10   0x000000d8   Code   RO          317    .text.HAL_ADCEx_Calibration_Start  stm32h7xx_hal_adc_ex.o
    0x08001ae8   0x08001ae8   0x000000b8   Code   RO          367    .text.HAL_ADCEx_MultiModeConfigChannel  stm32h7xx_hal_adc_ex.o
    0x08001ba0   0x08001ba0   0x00000548   Code   RO          301    .text.HAL_ADC_ConfigChannel  stm32h7xx_hal_adc.o
    0x080020e8   0x080020e8   0x00000002   Code   RO          293    .text.HAL_ADC_ConvCpltCallback  stm32h7xx_hal_adc.o
    0x080020ea   0x080020ea   0x00000006   PAD
    0x080020f0   0x080020f0   0x00000002   Code   RO          299    .text.HAL_ADC_ConvHalfCpltCallback  stm32h7xx_hal_adc.o
    0x080020f2   0x080020f2   0x00000006   PAD
    0x080020f8   0x080020f8   0x00000002   Code   RO          297    .text.HAL_ADC_ErrorCallback  stm32h7xx_hal_adc.o
    0x080020fa   0x080020fa   0x00000006   PAD
    0x08002100   0x08002100   0x00000310   Code   RO          251    .text.HAL_ADC_Init  stm32h7xx_hal_adc.o
    0x08002410   0x08002410   0x0000011e   Code   RO           74    .text.HAL_ADC_MspInit  adc.o
    0x0800252e   0x0800252e   0x00000002   PAD
    0x08002530   0x08002530   0x0000013c   Code   RO          279    .text.HAL_ADC_Start_DMA  stm32h7xx_hal_adc.o
    0x0800266c   0x0800266c   0x00000004   PAD
    0x08002670   0x08002670   0x0000052e   Code   RO          612    .text.HAL_DMA_Abort  stm32h7xx_hal_dma.o
    0x08002b9e   0x08002b9e   0x00000002   PAD
    0x08002ba0   0x08002ba0   0x000002ba   Code   RO          614    .text.HAL_DMA_Abort_IT  stm32h7xx_hal_dma.o
    0x08002e5a   0x08002e5a   0x00000006   PAD
    0x08002e60   0x08002e60   0x00000830   Code   RO          618    .text.HAL_DMA_IRQHandler  stm32h7xx_hal_dma.o
    0x08003690   0x08003690   0x0000065c   Code   RO          600    .text.HAL_DMA_Init  stm32h7xx_hal_dma.o
    0x08003cec   0x08003cec   0x00000004   PAD
    0x08003cf0   0x08003cf0   0x000003a2   Code   RO          610    .text.HAL_DMA_Start_IT  stm32h7xx_hal_dma.o
    0x08004092   0x08004092   0x00000006   PAD
    0x08004098   0x08004098   0x0000008c   Code   RO         1352    .text.HAL_FDCAN_ActivateNotification  stm32h7xx_hal_fdcan.o
    0x08004124   0x08004124   0x00000004   PAD
    0x08004128   0x08004128   0x000000ee   Code   RO         1274    .text.HAL_FDCAN_AddMessageToTxFifoQ  stm32h7xx_hal_fdcan.o
    0x08004216   0x08004216   0x00000002   PAD
    0x08004218   0x08004218   0x00000002   Code   RO         1366    .text.HAL_FDCAN_ClockCalibrationCallback  stm32h7xx_hal_fdcan.o
    0x0800421a   0x0800421a   0x00000006   PAD
    0x08004220   0x08004220   0x00000062   Code   RO         1234    .text.HAL_FDCAN_ConfigFifoWatermark  stm32h7xx_hal_fdcan.o
    0x08004282   0x08004282   0x00000006   PAD
    0x08004288   0x08004288   0x0000008c   Code   RO         1226    .text.HAL_FDCAN_ConfigFilter  stm32h7xx_hal_fdcan.o
    0x08004314   0x08004314   0x00000004   PAD
    0x08004318   0x08004318   0x00000038   Code   RO         1228    .text.HAL_FDCAN_ConfigGlobalFilter  stm32h7xx_hal_fdcan.o
    0x08004350   0x08004350   0x00000002   Code   RO         1394    .text.HAL_FDCAN_ErrorCallback  stm32h7xx_hal_fdcan.o
    0x08004352   0x08004352   0x00000006   PAD
    0x08004358   0x08004358   0x00000002   Code   RO         1384    .text.HAL_FDCAN_ErrorStatusCallback  stm32h7xx_hal_fdcan.o
    0x0800435a   0x0800435a   0x00000006   PAD
    0x08004360   0x08004360   0x000001e6   Code   RO         1284    .text.HAL_FDCAN_GetRxMessage  stm32h7xx_hal_fdcan.o
    0x08004546   0x08004546   0x00000002   PAD
    0x08004548   0x08004548   0x00000002   Code   RO         1362    .text.HAL_FDCAN_HighPriorityMessageCallback  stm32h7xx_hal_fdcan.o
    0x0800454a   0x0800454a   0x00000006   PAD
    0x08004550   0x08004550   0x00000316   Code   RO         1360    .text.HAL_FDCAN_IRQHandler  stm32h7xx_hal_fdcan.o
    0x08004866   0x08004866   0x00000002   PAD
    0x08004868   0x08004868   0x00000400   Code   RO         1204    .text.HAL_FDCAN_Init  stm32h7xx_hal_fdcan.o
    0x08004c68   0x08004c68   0x000001c4   Code   RO          103    .text.HAL_FDCAN_MspInit  fdcan.o
    0x08004e2c   0x08004e2c   0x00000004   PAD
    0x08004e30   0x08004e30   0x00000002   Code   RO         1378    .text.HAL_FDCAN_RxBufferNewMessageCallback  stm32h7xx_hal_fdcan.o
    0x08004e32   0x08004e32   0x00000006   PAD
    0x08004e38   0x08004e38   0x00000038   Code   RO         2426    .text.HAL_FDCAN_RxFifo0Callback  can_bsp.o
    0x08004e70   0x08004e70   0x00000002   Code   RO         1372    .text.HAL_FDCAN_RxFifo1Callback  stm32h7xx_hal_fdcan.o
    0x08004e72   0x08004e72   0x00000006   PAD
    0x08004e78   0x08004e78   0x00000034   Code   RO         1272    .text.HAL_FDCAN_Start  stm32h7xx_hal_fdcan.o
    0x08004eac   0x08004eac   0x00000004   PAD
    0x08004eb0   0x08004eb0   0x00000002   Code   RO         1392    .text.HAL_FDCAN_TT_GlobalTimeCallback  stm32h7xx_hal_fdcan.o
    0x08004eb2   0x08004eb2   0x00000006   PAD
    0x08004eb8   0x08004eb8   0x00000002   Code   RO         1386    .text.HAL_FDCAN_TT_ScheduleSyncCallback  stm32h7xx_hal_fdcan.o
    0x08004eba   0x08004eba   0x00000006   PAD
    0x08004ec0   0x08004ec0   0x00000002   Code   RO         1390    .text.HAL_FDCAN_TT_StopWatchCallback  stm32h7xx_hal_fdcan.o
    0x08004ec2   0x08004ec2   0x00000006   PAD
    0x08004ec8   0x08004ec8   0x00000002   Code   RO         1388    .text.HAL_FDCAN_TT_TimeMarkCallback  stm32h7xx_hal_fdcan.o
    0x08004eca   0x08004eca   0x00000006   PAD
    0x08004ed0   0x08004ed0   0x00000002   Code   RO         1382    .text.HAL_FDCAN_TimeoutOccurredCallback  stm32h7xx_hal_fdcan.o
    0x08004ed2   0x08004ed2   0x00000006   PAD
    0x08004ed8   0x08004ed8   0x00000002   Code   RO         1380    .text.HAL_FDCAN_TimestampWraparoundCallback  stm32h7xx_hal_fdcan.o
    0x08004eda   0x08004eda   0x00000006   PAD
    0x08004ee0   0x08004ee0   0x00000002   Code   RO         1364    .text.HAL_FDCAN_TxBufferAbortCallback  stm32h7xx_hal_fdcan.o
    0x08004ee2   0x08004ee2   0x00000006   PAD
    0x08004ee8   0x08004ee8   0x00000002   Code   RO         1376    .text.HAL_FDCAN_TxBufferCompleteCallback  stm32h7xx_hal_fdcan.o
    0x08004eea   0x08004eea   0x00000006   PAD
    0x08004ef0   0x08004ef0   0x00000002   Code   RO         1368    .text.HAL_FDCAN_TxEventFifoCallback  stm32h7xx_hal_fdcan.o
    0x08004ef2   0x08004ef2   0x00000006   PAD
    0x08004ef8   0x08004ef8   0x00000002   Code   RO         1374    .text.HAL_FDCAN_TxFifoEmptyCallback  stm32h7xx_hal_fdcan.o
    0x08004efa   0x08004efa   0x00000006   PAD
    0x08004f00   0x08004f00   0x00000016   Code   RO         2073    .text.HAL_GPIO_EXTI_Callback  task_manager.o
    0x08004f16   0x08004f16   0x00000002   PAD
    0x08004f18   0x08004f18   0x00000014   Code   RO          558    .text.HAL_GPIO_EXTI_IRQHandler  stm32h7xx_hal_gpio.o
    0x08004f2c   0x08004f2c   0x00000004   PAD
    0x08004f30   0x08004f30   0x000001aa   Code   RO          546    .text.HAL_GPIO_Init  stm32h7xx_hal_gpio.o
    0x080050da   0x080050da   0x00000006   PAD
    0x080050e0   0x080050e0   0x0000000a   Code   RO          552    .text.HAL_GPIO_WritePin  stm32h7xx_hal_gpio.o
    0x080050ea   0x080050ea   0x00000006   PAD
    0x080050f0   0x080050f0   0x0000000c   Code   RO          898    .text.HAL_GetTick   stm32h7xx_hal.o
    0x080050fc   0x080050fc   0x00000004   PAD
    0x08005100   0x08005100   0x0000001a   Code   RO          896    .text.HAL_IncTick   stm32h7xx_hal.o
    0x0800511a   0x0800511a   0x00000006   PAD
    0x08005120   0x08005120   0x00000064   Code   RO          886    .text.HAL_Init      stm32h7xx_hal.o
    0x08005184   0x08005184   0x00000004   PAD
    0x08005188   0x08005188   0x0000009c   Code   RO          236    .text.HAL_InitTick  stm32h7xx_hal_timebase_tim.o
    0x08005224   0x08005224   0x00000004   PAD
    0x08005228   0x08005228   0x0000002a   Code   RO          227    .text.HAL_MspInit   stm32h7xx_hal_msp.o
    0x08005252   0x08005252   0x00000006   PAD
    0x08005258   0x08005258   0x00000022   Code   RO          838    .text.HAL_NVIC_EnableIRQ  stm32h7xx_hal_cortex.o
    0x0800527a   0x0800527a   0x00000006   PAD
    0x08005280   0x08005280   0x0000005a   Code   RO          836    .text.HAL_NVIC_SetPriority  stm32h7xx_hal_cortex.o
    0x080052da   0x080052da   0x00000006   PAD
    0x080052e0   0x080052e0   0x00000020   Code   RO          834    .text.HAL_NVIC_SetPriorityGrouping  stm32h7xx_hal_cortex.o
    0x08005300   0x08005300   0x0000004c   Code   RO          750    .text.HAL_PWREx_ConfigSupply  stm32h7xx_hal_pwr_ex.o
    0x0800534c   0x0800534c   0x00000004   PAD
    0x08005350   0x08005350   0x00000026   Code   RO          437    .text.HAL_RCCEx_GetD3PCLK1Freq  stm32h7xx_hal_rcc_ex.o
    0x08005376   0x08005376   0x00000002   PAD
    0x08005378   0x08005378   0x00000134   Code   RO          431    .text.HAL_RCCEx_GetPLL1ClockFreq  stm32h7xx_hal_rcc_ex.o
    0x080054ac   0x080054ac   0x00000004   PAD
    0x080054b0   0x080054b0   0x0000012c   Code   RO          433    .text.HAL_RCCEx_GetPLL2ClockFreq  stm32h7xx_hal_rcc_ex.o
    0x080055dc   0x080055dc   0x00000004   PAD
    0x080055e0   0x080055e0   0x0000012c   Code   RO          435    .text.HAL_RCCEx_GetPLL3ClockFreq  stm32h7xx_hal_rcc_ex.o
    0x0800570c   0x0800570c   0x00000004   PAD
    0x08005710   0x08005710   0x00000402   Code   RO          429    .text.HAL_RCCEx_GetPeriphCLKFreq  stm32h7xx_hal_rcc_ex.o
    0x08005b12   0x08005b12   0x00000006   PAD
    0x08005b18   0x08005b18   0x00000aa8   Code   RO          421    .text.HAL_RCCEx_PeriphCLKConfig  stm32h7xx_hal_rcc_ex.o
    0x080065c0   0x080065c0   0x00000268   Code   RO          389    .text.HAL_RCC_ClockConfig  stm32h7xx_hal_rcc.o
    0x08006828   0x08006828   0x00000058   Code   RO          407    .text.HAL_RCC_GetClockConfig  stm32h7xx_hal_rcc.o
    0x08006880   0x08006880   0x0000004c   Code   RO          399    .text.HAL_RCC_GetHCLKFreq  stm32h7xx_hal_rcc.o
    0x080068cc   0x080068cc   0x00000004   PAD
    0x080068d0   0x080068d0   0x00000060   Code   RO          401    .text.HAL_RCC_GetPCLK1Freq  stm32h7xx_hal_rcc.o
    0x08006930   0x08006930   0x00000060   Code   RO          403    .text.HAL_RCC_GetPCLK2Freq  stm32h7xx_hal_rcc.o
    0x08006990   0x08006990   0x00000118   Code   RO          391    .text.HAL_RCC_GetSysClockFreq  stm32h7xx_hal_rcc.o
    0x08006aa8   0x08006aa8   0x00000518   Code   RO          387    .text.HAL_RCC_OscConfig  stm32h7xx_hal_rcc.o
    0x08006fc0   0x08006fc0   0x00000002   Code   RO         1484    .text.HAL_SPI_ErrorCallback  stm32h7xx_hal_spi.o
    0x08006fc2   0x08006fc2   0x00000006   PAD
    0x08006fc8   0x08006fc8   0x0000024a   Code   RO         1480    .text.HAL_SPI_IRQHandler  stm32h7xx_hal_spi.o
    0x08007212   0x08007212   0x00000006   PAD
    0x08007218   0x08007218   0x000001be   Code   RO         1410    .text.HAL_SPI_Init  stm32h7xx_hal_spi.o
    0x080073d6   0x080073d6   0x00000002   PAD
    0x080073d8   0x080073d8   0x00000154   Code   RO          122    .text.HAL_SPI_MspInit  spi.o
    0x0800752c   0x0800752c   0x00000004   PAD
    0x08007530   0x08007530   0x00000002   Code   RO         1488    .text.HAL_SPI_RxCpltCallback  stm32h7xx_hal_spi.o
    0x08007532   0x08007532   0x00000006   PAD
    0x08007538   0x08007538   0x00000002   Code   RO         1482    .text.HAL_SPI_SuspendCallback  stm32h7xx_hal_spi.o
    0x0800753a   0x0800753a   0x00000006   PAD
    0x08007540   0x08007540   0x000003fa   Code   RO         1424    .text.HAL_SPI_TransmitReceive  stm32h7xx_hal_spi.o
    0x0800793a   0x0800793a   0x00000006   PAD
    0x08007940   0x08007940   0x00000002   Code   RO         1490    .text.HAL_SPI_TxCpltCallback  stm32h7xx_hal_spi.o
    0x08007942   0x08007942   0x00000006   PAD
    0x08007948   0x08007948   0x00000002   Code   RO         1486    .text.HAL_SPI_TxRxCpltCallback  stm32h7xx_hal_spi.o
    0x0800794a   0x0800794a   0x00000006   PAD
    0x08007950   0x08007950   0x00000018   Code   RO          870    .text.HAL_SYSTICK_CLKSourceConfig  stm32h7xx_hal_cortex.o
    0x08007968   0x08007968   0x00000002   Code   RO         1843    .text.HAL_TIMEx_Break2Callback  stm32h7xx_hal_tim_ex.o
    0x0800796a   0x0800796a   0x00000006   PAD
    0x08007970   0x08007970   0x00000002   Code   RO         1841    .text.HAL_TIMEx_BreakCallback  stm32h7xx_hal_tim_ex.o
    0x08007972   0x08007972   0x00000006   PAD
    0x08007978   0x08007978   0x00000002   Code   RO         1837    .text.HAL_TIMEx_CommutCallback  stm32h7xx_hal_tim_ex.o
    0x0800797a   0x0800797a   0x00000006   PAD
    0x08007980   0x08007980   0x000000da   Code   RO         1821    .text.HAL_TIMEx_MasterConfigSynchronization  stm32h7xx_hal_tim_ex.o
    0x08007a5a   0x08007a5a   0x00000006   PAD
    0x08007a60   0x08007a60   0x00000060   Code   RO         1526    .text.HAL_TIM_Base_Init  stm32h7xx_hal_tim.o
    0x08007ac0   0x08007ac0   0x00000032   Code   RO          143    .text.HAL_TIM_Base_MspInit  tim.o
    0x08007af2   0x08007af2   0x00000006   PAD
    0x08007af8   0x08007af8   0x000000dc   Code   RO         1540    .text.HAL_TIM_Base_Start_IT  stm32h7xx_hal_tim.o
    0x08007bd4   0x08007bd4   0x00000004   PAD
    0x08007bd8   0x08007bd8   0x000001fc   Code   RO         1706    .text.HAL_TIM_ConfigClockSource  stm32h7xx_hal_tim.o
    0x08007dd4   0x08007dd4   0x00000004   PAD
    0x08007dd8   0x08007dd8   0x00000002   Code   RO         1662    .text.HAL_TIM_IC_CaptureCallback  stm32h7xx_hal_tim.o
    0x08007dda   0x08007dda   0x00000006   PAD
    0x08007de0   0x08007de0   0x0000016c   Code   RO         1660    .text.HAL_TIM_IRQHandler  stm32h7xx_hal_tim.o
    0x08007f4c   0x08007f4c   0x00000004   PAD
    0x08007f50   0x08007f50   0x00000002   Code   RO         1664    .text.HAL_TIM_OC_DelayElapsedCallback  stm32h7xx_hal_tim.o
    0x08007f52   0x08007f52   0x00000006   PAD
    0x08007f58   0x08007f58   0x000004be   Code   RO         1680    .text.HAL_TIM_PWM_ConfigChannel  stm32h7xx_hal_tim.o
    0x08008416   0x08008416   0x00000002   PAD
    0x08008418   0x08008418   0x00000060   Code   RO         1580    .text.HAL_TIM_PWM_Init  stm32h7xx_hal_tim.o
    0x08008478   0x08008478   0x00000032   Code   RO          145    .text.HAL_TIM_PWM_MspInit  tim.o
    0x080084aa   0x080084aa   0x00000006   PAD
    0x080084b0   0x080084b0   0x00000002   Code   RO         1666    .text.HAL_TIM_PWM_PulseFinishedCallback  stm32h7xx_hal_tim.o
    0x080084b2   0x080084b2   0x00000006   PAD
    0x080084b8   0x080084b8   0x0000019c   Code   RO         1588    .text.HAL_TIM_PWM_Start  stm32h7xx_hal_tim.o
    0x08008654   0x08008654   0x00000004   PAD
    0x08008658   0x08008658   0x00000012   Code   RO           17    .text.HAL_TIM_PeriodElapsedCallback  main.o
    0x0800866a   0x0800866a   0x00000006   PAD
    0x08008670   0x08008670   0x00000002   Code   RO         1670    .text.HAL_TIM_TriggerCallback  stm32h7xx_hal_tim.o
    0x08008672   0x08008672   0x00000006   PAD
    0x08008678   0x08008678   0x00000036   Code   RO         2020    .text.HAL_UARTEx_DisableFifoMode  stm32h7xx_hal_uart_ex.o
    0x080086ae   0x080086ae   0x00000002   PAD
    0x080086b0   0x080086b0   0x00000098   Code   RO         2030    .text.HAL_UARTEx_ReceiveToIdle_DMA  stm32h7xx_hal_uart_ex.o
    0x08008748   0x08008748   0x00000128   Code   RO         2075    .text.HAL_UARTEx_RxEventCallback  task_manager.o
    0x08008870   0x08008870   0x00000002   Code   RO         2006    .text.HAL_UARTEx_RxFifoFullCallback  stm32h7xx_hal_uart_ex.o
    0x08008872   0x08008872   0x00000006   PAD
    0x08008878   0x08008878   0x00000090   Code   RO         2024    .text.HAL_UARTEx_SetRxFifoThreshold  stm32h7xx_hal_uart_ex.o
    0x08008908   0x08008908   0x00000090   Code   RO         2022    .text.HAL_UARTEx_SetTxFifoThreshold  stm32h7xx_hal_uart_ex.o
    0x08008998   0x08008998   0x00000002   Code   RO         2008    .text.HAL_UARTEx_TxFifoEmptyCallback  stm32h7xx_hal_uart_ex.o
    0x0800899a   0x0800899a   0x00000006   PAD
    0x080089a0   0x080089a0   0x00000002   Code   RO         2004    .text.HAL_UARTEx_WakeupCallback  stm32h7xx_hal_uart_ex.o
    0x080089a2   0x080089a2   0x00000006   PAD
    0x080089a8   0x080089a8   0x00000002   Code   RO         1945    .text.HAL_UART_ErrorCallback  stm32h7xx_hal_uart.o
    0x080089aa   0x080089aa   0x00000006   PAD
    0x080089b0   0x080089b0   0x00000758   Code   RO         1941    .text.HAL_UART_IRQHandler  stm32h7xx_hal_uart.o
    0x08009108   0x08009108   0x00000068   Code   RO         1857    .text.HAL_UART_Init  stm32h7xx_hal_uart.o
    0x08009170   0x08009170   0x00000188   Code   RO          165    .text.HAL_UART_MspInit  usart.o
    0x080092f8   0x080092f8   0x00000002   Code   RO         1953    .text.HAL_UART_RxCpltCallback  stm32h7xx_hal_uart.o
    0x080092fa   0x080092fa   0x00000006   PAD
    0x08009300   0x08009300   0x00000002   Code   RO         1955    .text.HAL_UART_RxHalfCpltCallback  stm32h7xx_hal_uart.o
    0x08009302   0x08009302   0x00000006   PAD
    0x08009308   0x08009308   0x00000002   Code   RO         1949    .text.HAL_UART_TxCpltCallback  stm32h7xx_hal_uart.o
    0x0800930a   0x0800930a   0x00000006   PAD
    0x08009310   0x08009310   0x00000002   Code   RO          182    .text.HardFault_Handler  stm32h7xx_it.o
    0x08009312   0x08009312   0x00000006   PAD
    0x08009318   0x08009318   0x00000076   Code   RO         2063    .text.IMU_Task      task_manager.o
    0x0800938e   0x0800938e   0x00000002   PAD
    0x08009390   0x08009390   0x000000ce   Code   RO           72    .text.MX_ADC1_Init  adc.o
    0x0800945e   0x0800945e   0x00000002   PAD
    0x08009460   0x08009460   0x00000064   Code   RO           88    .text.MX_DMA_Init   dma.o
    0x080094c4   0x080094c4   0x00000004   PAD
    0x080094c8   0x080094c8   0x00000066   Code   RO           97    .text.MX_FDCAN1_Init  fdcan.o
    0x0800952e   0x0800952e   0x00000002   PAD
    0x08009530   0x08009530   0x0000006a   Code   RO           99    .text.MX_FDCAN2_Init  fdcan.o
    0x0800959a   0x0800959a   0x00000006   PAD
    0x080095a0   0x080095a0   0x0000006a   Code   RO          101    .text.MX_FDCAN3_Init  fdcan.o
    0x0800960a   0x0800960a   0x00000006   PAD
    0x08009610   0x08009610   0x000000b4   Code   RO           41    .text.MX_FREERTOS_Init  freertos.o
    0x080096c4   0x080096c4   0x00000004   PAD
    0x080096c8   0x080096c8   0x0000011c   Code   RO           28    .text.MX_GPIO_Init  gpio.o
    0x080097e4   0x080097e4   0x00000004   PAD
    0x080097e8   0x080097e8   0x00000062   Code   RO          120    .text.MX_SPI2_Init  spi.o
    0x0800984a   0x0800984a   0x00000006   PAD
    0x08009850   0x08009850   0x000000ea   Code   RO          141    .text.MX_TIM12_Init  tim.o
    0x0800993a   0x0800993a   0x00000006   PAD
    0x08009940   0x08009940   0x00000126   Code   RO          137    .text.MX_TIM3_Init  tim.o
    0x08009a66   0x08009a66   0x00000002   PAD
    0x08009a68   0x08009a68   0x0000008c   Code   RO          161    .text.MX_UART5_Init  usart.o
    0x08009af4   0x08009af4   0x00000004   PAD
    0x08009af8   0x08009af8   0x0000007c   Code   RO          163    .text.MX_UART7_Init  usart.o
    0x08009b74   0x08009b74   0x00000004   PAD
    0x08009b78   0x08009b78   0x00000002   Code   RO          184    .text.MemManage_Handler  stm32h7xx_it.o
    0x08009b7a   0x08009b7a   0x00000006   PAD
    0x08009b80   0x08009b80   0x00000090   Code   RO         2059    .text.Motor_Ctrl_Task  task_manager.o
    0x08009c10   0x08009c10   0x00000002   Code   RO          180    .text.NMI_Handler   stm32h7xx_it.o
    0x08009c12   0x08009c12   0x0000000e   PAD
    0x08009c20   0x08009c20   0x00000064   Code   RO         2471    .text.PendSV_Handler  port.o
    0x08009c84   0x08009c84   0x00000004   PAD
    0x08009c88   0x08009c88   0x00000122   Code   RO          423    .text.RCCEx_PLL2_Config  stm32h7xx_hal_rcc_ex.o
    0x08009daa   0x08009daa   0x00000006   PAD
    0x08009db0   0x08009db0   0x00000122   Code   RO          425    .text.RCCEx_PLL3_Config  stm32h7xx_hal_rcc_ex.o
    0x08009ed2   0x08009ed2   0x00000006   PAD
    0x08009ed8   0x08009ed8   0x000002c8   Code   RO         2057    .text.Robot_Task    task_manager.o
    0x0800a1a0   0x0800a1a0   0x0000000c   Code   RO          210    .text.SPI2_IRQHandler  stm32h7xx_it.o
    0x0800a1ac   0x0800a1ac   0x00000004   PAD
    0x0800a1b0   0x0800a1b0   0x000000d0   Code   RO         1420    .text.SPI_CloseTransfer  stm32h7xx_hal_spi.o
    0x0800a280   0x0800a280   0x00000016   Code   RO         1492    .text.SPI_DMAAbortOnError  stm32h7xx_hal_spi.o
    0x0800a296   0x0800a296   0x0000000a   PAD
    0x0800a2a0   0x0800a2a0   0x00000024   Code   RO         2455    .text.SVC_Handler   port.o
    0x0800a2c4   0x0800a2c4   0x00000004   PAD
    0x0800a2c8   0x0800a2c8   0x0000001e   Code   RO         2840    .text.SysTick_Handler  cmsis_os2.o
    0x0800a2e6   0x0800a2e6   0x00000002   PAD
    0x0800a2e8   0x0800a2e8   0x000000d0   Code   RO           13    .text.SystemClock_Config  main.o
    0x0800a3b8   0x0800a3b8   0x000000b0   Code   RO         2043    .text.SystemInit    system_stm32h7xx.o
    0x0800a468   0x0800a468   0x00000034   Code   RO         2065    .text.System_Monitor_Task  task_manager.o
    0x0800a49c   0x0800a49c   0x00000004   PAD
    0x0800a4a0   0x0800a4a0   0x0000000c   Code   RO          208    .text.TIM1_UP_IRQHandler  stm32h7xx_it.o
    0x0800a4ac   0x0800a4ac   0x00000004   PAD
    0x0800a4b0   0x0800a4b0   0x00000180   Code   RO         1530    .text.TIM_Base_SetConfig  stm32h7xx_hal_tim.o
    0x0800a630   0x0800a630   0x0000000c   Code   RO          214    .text.UART5_IRQHandler  stm32h7xx_it.o
    0x0800a63c   0x0800a63c   0x00000004   PAD
    0x0800a640   0x0800a640   0x000000e0   Code   RO         1861    .text.UART_AdvFeatureConfig  stm32h7xx_hal_uart.o
    0x0800a720   0x0800a720   0x00000176   Code   RO         1865    .text.UART_CheckIdleState  stm32h7xx_hal_uart.o
    0x0800a896   0x0800a896   0x00000002   PAD
    0x0800a898   0x0800a898   0x00000010   Code   RO         1943    .text.UART_DMAAbortOnError  stm32h7xx_hal_uart.o
    0x0800a8a8   0x0800a8a8   0x000001f4   Code   RO         1903    .text.UART_DMAError  stm32h7xx_hal_uart.o
    0x0800aa9c   0x0800aa9c   0x00000004   PAD
    0x0800aaa0   0x0800aaa0   0x00000178   Code   RO         1987    .text.UART_DMAReceiveCplt  stm32h7xx_hal_uart.o
    0x0800ac18   0x0800ac18   0x0000001c   Code   RO         1989    .text.UART_DMARxHalfCplt  stm32h7xx_hal_uart.o
    0x0800ac34   0x0800ac34   0x00000004   PAD
    0x0800ac38   0x0800ac38   0x000004d4   Code   RO         1863    .text.UART_SetConfig  stm32h7xx_hal_uart.o
    0x0800b10c   0x0800b10c   0x00000004   PAD
    0x0800b110   0x0800b110   0x00000158   Code   RO         1907    .text.UART_Start_Receive_DMA  stm32h7xx_hal_uart.o
    0x0800b268   0x0800b268   0x00000358   Code   RO         1879    .text.UART_WaitOnFlagUntilTimeout  stm32h7xx_hal_uart.o
    0x0800b5c0   0x0800b5c0   0x00000002   Code   RO          188    .text.UsageFault_Handler  stm32h7xx_it.o
    0x0800b5c2   0x0800b5c2   0x00000006   PAD
    0x0800b5c8   0x0800b5c8   0x0000005e   Code   RO         2077    .text._GLOBAL__sub_I_Task_Manager.cpp  task_manager.o
    0x0800b626   0x0800b626   0x00000002   PAD
    0x0800b628   0x0800b628   0x00000048   Code   RO         2228    .text._Z9WRAP2_2PIf  user_math.o
    0x0800b670   0x0800b670   0x00000290   Code   RO         2180    .text._ZN10Kinematics18generateTrajectoryERK16Direction_Vectori  kinematics.o
    0x0800b900   0x0800b900   0x00000804   Code   RO         2182    .text._ZN10Kinematics24computeForwardKinematicsE11Joint_Anglei  kinematics.o
    0x0800c104   0x0800c104   0x00000004   PAD
    0x0800c108   0x0800c108   0x0000169c   Code   RO         2184    .text._ZN10Kinematics24computeInverseKinematicsERK16Direction_VectorS2_RK11Joint_Anglei  kinematics.o
    0x0800d7a4   0x0800d7a4   0x00000004   PAD
    0x0800d7a8   0x0800d7a8   0x0000002c   Code   RO         2178    .text._ZN10KinematicsC2Ev  kinematics.o
    0x0800d7d4   0x0800d7d4   0x00000004   PAD
    0x0800d7d8   0x0800d7d8   0x0000002c   Code   RO         2111    .text._ZN3IMU11heatControlEv  imu.o
    0x0800d804   0x0800d804   0x00000004   PAD
    0x0800d808   0x0800d808   0x000001cc   Code   RO         2115    .text._ZN3IMU11processDataEv  imu.o
    0x0800d9d4   0x0800d9d4   0x00000004   PAD
    0x0800d9d8   0x0800d9d8   0x000000d4   Code   RO         2113    .text._ZN3IMU9updateRawEPKfS1_f  imu.o
    0x0800daac   0x0800daac   0x00000004   PAD
    0x0800dab0   0x0800dab0   0x00000078   Code   RO         2109    .text._ZN3IMUC2Ev   imu.o
    0x0800db28   0x0800db28   0x0000001c   Code   RO         2295    .text._ZN4Orin11receiveDataEv  orin_nx.o
    0x0800db44   0x0800db44   0x00000004   PAD
    0x0800db48   0x0800db48   0x00000014   Code   RO         2293    .text._ZN4Orin8sendDataEv  orin_nx.o
    0x0800db5c   0x0800db5c   0x00000004   PAD
    0x0800db60   0x0800db60   0x00000016   Code   RO         2291    .text._ZN4OrinC2Ev  orin_nx.o
    0x0800db76   0x0800db76   0x00000002   PAD
    0x0800db78   0x0800db78   0x0000013e   Code   RO         2195    .text._ZN5Eigen8internal10AssignmentINS_6MatrixIfLi3ELi3ELi0ELi3ELi3EEENS_7InverseINS_13CwiseBinaryOpINS0_13scalar_sum_opIffEEKNS_7ProductINS_9TransposeIS3_EES3_Li0EEEKNS5_INS0_17scalar_product_opIffEEKNS_14CwiseNullaryOpINS0_18scalar_constant_opIfEEKS3_EEKNSF_INS0_18scalar_identity_opIfEES3_EEEEEEEENS0_9assign_opIffEENS0_11Dense2DenseEvE3runERS3_RKSS_RKSU_  kinematics.o
    0x0800dcb6   0x0800dcb6   0x00000002   PAD
    0x0800dcb8   0x0800dcb8   0x00000158   Code   RO         2199    .text._ZN5Eigen8internal55copy_using_evaluator_DefaultTraversal_CompleteUnrollingINS0_31generic_dense_assignment_kernelINS0_9evaluatorINS_6MatrixIfLi3ELi3ELi0ELi3ELi3EEEEENS3_INS_7ProductINS_7InverseINS_13CwiseBinaryOpINS0_13scalar_sum_opIffEEKNS7_INS_9TransposeIS5_EES5_Li0EEEKNS9_INS0_17scalar_product_opIffEEKNS_14CwiseNullaryOpINS0_18scalar_constant_opIfEEKS5_EEKNSI_INS0_18scalar_identity_opIfEES5_EEEEEEEESD_Li1EEEEENS0_9assign_opIffEELi0EEELi1ELi9EE3runERS10_  kinematics.o
    0x0800de10   0x0800de10   0x0000015a   Code   RO         2197    .text._ZN5Eigen8internal55copy_using_evaluator_DefaultTraversal_CompleteUnrollingINS0_31generic_dense_assignment_kernelINS0_9evaluatorINS_6MatrixIfLi3ELi3ELi0ELi3ELi3EEEEENS3_INS_7ProductINS_9TransposeIS5_EES5_Li1EEEEENS0_9assign_opIffEELi0EEELi1ELi9EE3runERSE_  kinematics.o
    0x0800df6a   0x0800df6a   0x00000006   PAD
    0x0800df70   0x0800df70   0x0000005c   Code   RO         2137    .text._ZN5Motor10disableAllEv  motor.o
    0x0800dfcc   0x0800dfcc   0x00000004   PAD
    0x0800dfd0   0x0800dfd0   0x000000a0   Code   RO         2135    .text._ZN5Motor11resetJointsEv  motor.o
    0x0800e070   0x0800e070   0x000001c8   Code   RO         2129    .text._ZN5Motor13returnZeroPosEv  motor.o
    0x0800e238   0x0800e238   0x0000007a   Code   RO         2127    .text._ZN5Motor15setAllJointsPosEP5Robot  motor.o
    0x0800e2b2   0x0800e2b2   0x00000006   PAD
    0x0800e2b8   0x0800e2b8   0x000002d0   Code   RO         2131    .text._ZN5Motor21createVirtualBoundaryEv  motor.o
    0x0800e588   0x0800e588   0x0000005c   Code   RO         2141    .text._ZN5Motor7sendAllEv  motor.o
    0x0800e5e4   0x0800e5e4   0x00000004   PAD
    0x0800e5e8   0x0800e5e8   0x000000ae   Code   RO         2125    .text._ZN5MotorC2Ev  motor.o
    0x0800e696   0x0800e696   0x00000002   PAD
    0x0800e698   0x0800e698   0x00000060   Code   RO         2095    .text._ZN5RobotC2Ev  robot.o
    0x0800e6f8   0x0800e6f8   0x0000011a   Code   RO         2311    .text._ZN6Remote13checkWatchdogEP20__UART_HandleTypeDef  et16s_remote.o
    0x0800e812   0x0800e812   0x00000006   PAD
    0x0800e818   0x0800e818   0x000001cc   Code   RO         2309    .text._ZN6Remote13processBufferEv  et16s_remote.o
    0x0800e9e4   0x0800e9e4   0x00000004   PAD
    0x0800e9e8   0x0800e9e8   0x0000010c   Code   RO         2307    .text._ZN6Remote4InitEP20__UART_HandleTypeDef  et16s_remote.o
    0x0800eaf4   0x0800eaf4   0x00000004   PAD
    0x0800eaf8   0x0800eaf8   0x0000001c   Code   RO         2305    .text._ZN6RemoteC2Ev  et16s_remote.o
    0x0800eb14   0x0800eb14   0x00000004   PAD
    0x0800eb18   0x0800eb18   0x00000002   Code   RO         2166    .text._ZN8ControlsC2Ev  controls.o
    0x0800eb1a   0x0800eb1a   0x00000006   PAD
    0x0800eb20   0x0800eb20   0x000013c4   Code   RO         2204    .text._ZN8Dynamics19computeCenterOfMassERK11Joint_AngleS2_RK12FusionMatrix  dynamics.o
    0x0800fee4   0x0800fee4   0x00000004   PAD
    0x0800fee8   0x0800fee8   0x00000138   Code   RO         2206    .text._ZN8Dynamics22computeZeroMomentPointERK12FusionVectorS2_S2_RK12FusionMatrix  dynamics.o
    0x08010020   0x08010020   0x00000022   Code   RO         2202    .text._ZN8DynamicsC2Ev  dynamics.o
    0x08010042   0x08010042   0x00000006   PAD
    0x08010048   0x08010048   0x00000028   Code   RO         2097    .text._ZNK5Robot14initBatteryADCEv  robot.o
    0x08010070   0x08010070   0x00000002   Code   RO         2153    .text._sys_exit     debug.o
    0x08010072   0x08010072   0x00000006   PAD
    0x08010078   0x08010078   0x00000250   Code   RO         2335    .text.bmi088_accel_init  bmi088driver.o
    0x080102c8   0x080102c8   0x00000214   Code   RO         2337    .text.bmi088_gyro_init  bmi088driver.o
    0x080104dc   0x080104dc   0x00000004   PAD
    0x080104e0   0x080104e0   0x00000052   Code   RO         2418    .text.can_bsp_init  can_bsp.o
    0x08010532   0x08010532   0x00000006   PAD
    0x08010538   0x08010538   0x00000094   Code   RO         2420    .text.can_filter_init  can_bsp.o
    0x080105cc   0x080105cc   0x00000004   PAD
    0x080105d0   0x080105d0   0x00000002   Code   RO           37    .text.configureTimerForRunTimeStats  freertos.o
    0x080105d2   0x080105d2   0x00000006   PAD
    0x080105d8   0x080105d8   0x00000016   Code   RO         2436    .text.delay_init    delay.o
    0x080105ee   0x080105ee   0x00000002   PAD
    0x080105f0   0x080105f0   0x00000052   Code   RO         2438    .text.delay_us      delay.o
    0x08010642   0x08010642   0x00000006   PAD
    0x08010648   0x08010648   0x0000000e   Code   RO         2386    .text.dm4310_clear_para  dm4310driver.o
    0x08010656   0x08010656   0x00000002   PAD
    0x08010658   0x08010658   0x000001c4   Code   RO         2388    .text.dm4310_ctrl_send  dm4310driver.o
    0x0801081c   0x0801081c   0x00000004   PAD
    0x08010820   0x08010820   0x000000c4   Code   RO         2382    .text.dm4310_disable  dm4310driver.o
    0x080108e4   0x080108e4   0x00000004   PAD
    0x080108e8   0x080108e8   0x0000009c   Code   RO         2378    .text.dm4310_enable  dm4310driver.o
    0x08010984   0x08010984   0x00000004   PAD
    0x08010988   0x08010988   0x000000cc   Code   RO         2402    .text.dm4310_fbdata  dm4310driver.o
    0x08010a54   0x08010a54   0x00000004   PAD
    0x08010a58   0x08010a58   0x00000082   Code   RO         2067    .text.fdcan1_rx_callback  task_manager.o
    0x08010ada   0x08010ada   0x00000006   PAD
    0x08010ae0   0x08010ae0   0x00000048   Code   RO         2069    .text.fdcan2_rx_callback  task_manager.o
    0x08010b28   0x08010b28   0x0000000e   Code   RO         2071    .text.fdcan3_rx_callback  task_manager.o
    0x08010b36   0x08010b36   0x00000002   PAD
    0x08010b38   0x08010b38   0x0000002a   Code   RO         2424    .text.fdcanx_receive  can_bsp.o
    0x08010b62   0x08010b62   0x00000006   PAD
    0x08010b68   0x08010b68   0x00000028   Code   RO         2422    .text.fdcanx_send_data  can_bsp.o
    0x08010b90   0x08010b90   0x00000004   Code   RO           39    .text.getRunTimeCounterValue  freertos.o
    0x08010b94   0x08010b94   0x00000004   PAD
    0x08010b98   0x08010b98   0x00000042   Code   RO           11    .text.main          main.o
    0x08010bda   0x08010bda   0x00000006   PAD
    0x08010be0   0x08010be0   0x00000020   Code   RO         2900    .text.osDelay       cmsis_os2.o
    0x08010c00   0x08010c00   0x0000002a   Code   RO         2842    .text.osKernelInitialize  cmsis_os2.o
    0x08010c2a   0x08010c2a   0x00000006   PAD
    0x08010c30   0x08010c30   0x0000003e   Code   RO         2848    .text.osKernelStart  cmsis_os2.o
    0x08010c6e   0x08010c6e   0x00000002   PAD
    0x08010c70   0x08010c70   0x0000006c   Code   RO         2942    .text.osSemaphoreAcquire  cmsis_os2.o
    0x08010cdc   0x08010cdc   0x00000004   PAD
    0x08010ce0   0x08010ce0   0x000000ba   Code   RO         2940    .text.osSemaphoreNew  cmsis_os2.o
    0x08010d9a   0x08010d9a   0x00000006   PAD
    0x08010da0   0x08010da0   0x00000064   Code   RO         2944    .text.osSemaphoreRelease  cmsis_os2.o
    0x08010e04   0x08010e04   0x00000004   PAD
    0x08010e08   0x08010e08   0x000000ae   Code   RO         2864    .text.osThreadNew   cmsis_os2.o
    0x08010eb6   0x08010eb6   0x00000002   PAD
    0x08010eb8   0x08010eb8   0x0000028c   Code   RO         2671    .text.prvAddNewTaskToReadyList  tasks.o
    0x08011144   0x08011144   0x00000004   PAD
    0x08011148   0x08011148   0x0000008a   Code   RO         2703    .text.prvIdleTask   tasks.o
    0x080111d2   0x080111d2   0x00000006   PAD
    0x080111d8   0x080111d8   0x00000128   Code   RO         2669    .text.prvInitialiseNewTask  tasks.o
    0x08011300   0x08011300   0x00000028   Code   RO         2463    .text.prvPortStartFirstTask  port.o
    0x08011328   0x08011328   0x00000044   Code   RO         2453    .text.prvTaskExitError  port.o
    0x0801136c   0x0801136c   0x00000004   PAD
    0x08011370   0x08011370   0x000003b6   Code   RO         2792    .text.prvTimerTask  timers.o
    0x08011726   0x08011726   0x00000002   PAD
    0x08011728   0x08011728   0x0000007a   Code   RO         2568    .text.prvUnlockQueue  queue.o
    0x080117a2   0x080117a2   0x00000006   PAD
    0x080117a8   0x080117a8   0x00000210   Code   RO         3003    .text.pvPortMalloc  heap_4.o
    0x080119b8   0x080119b8   0x00000018   Code   RO         2763    .text.pvTaskIncrementMutexHeldCount  tasks.o
    0x080119d0   0x080119d0   0x0000002c   Code   RO         2451    .text.pxPortInitialiseStack  port.o
    0x080119fc   0x080119fc   0x00000004   PAD
    0x08011a00   0x08011a00   0x0000002a   Code   RO         2532    .text.uxListRemove  list.o
    0x08011a2a   0x08011a2a   0x00000006   PAD
    0x08011a30   0x08011a30   0x0000001a   Code   RO         2986    .text.vApplicationGetIdleTaskMemory  cmsis_os2.o
    0x08011a4a   0x08011a4a   0x00000006   PAD
    0x08011a50   0x08011a50   0x0000001c   Code   RO         2988    .text.vApplicationGetTimerTaskMemory  cmsis_os2.o
    0x08011a6c   0x08011a6c   0x00000004   PAD
    0x08011a70   0x08011a70   0x00000016   Code   RO         2524    .text.vListInitialise  list.o
    0x08011a86   0x08011a86   0x00000002   PAD
    0x08011a88   0x08011a88   0x00000006   Code   RO         2526    .text.vListInitialiseItem  list.o
    0x08011a8e   0x08011a8e   0x00000002   PAD
    0x08011a90   0x08011a90   0x00000066   Code   RO         2530    .text.vListInsert   list.o
    0x08011af6   0x08011af6   0x00000002   PAD
    0x08011af8   0x08011af8   0x0000001c   Code   RO         2528    .text.vListInsertEnd  list.o
    0x08011b14   0x08011b14   0x00000004   PAD
    0x08011b18   0x08011b18   0x00000014   Code   RO         2461    .text.vPortEnableVFP  port.o
    0x08011b2c   0x08011b2c   0x00000004   PAD
    0x08011b30   0x08011b30   0x00000052   Code   RO         2467    .text.vPortEnterCritical  port.o
    0x08011b82   0x08011b82   0x00000006   PAD
    0x08011b88   0x08011b88   0x00000032   Code   RO         2469    .text.vPortExitCritical  port.o
    0x08011bba   0x08011bba   0x00000006   PAD
    0x08011bc0   0x08011bc0   0x000000dc   Code   RO         3005    .text.vPortFree     heap_4.o
    0x08011c9c   0x08011c9c   0x00000004   PAD
    0x08011ca0   0x08011ca0   0x00000034   Code   RO         2459    .text.vPortSetupTimerInterrupt  port.o
    0x08011cd4   0x08011cd4   0x00000004   PAD
    0x08011cd8   0x08011cd8   0x00000066   Code   RO         2475    .text.vPortValidateInterruptPriority  port.o
    0x08011d3e   0x08011d3e   0x00000002   PAD
    0x08011d40   0x08011d40   0x000000b0   Code   RO         2602    .text.vQueueAddToRegistry  queue.o
    0x08011df0   0x08011df0   0x000000ac   Code   RO         2588    .text.vQueueDelete  queue.o
    0x08011e9c   0x08011e9c   0x00000004   PAD
    0x08011ea0   0x08011ea0   0x00000064   Code   RO         2606    .text.vQueueWaitForMessageRestricted  queue.o
    0x08011f04   0x08011f04   0x00000004   PAD
    0x08011f08   0x08011f08   0x00000088   Code   RO         2683    .text.vTaskDelay    tasks.o
    0x08011f90   0x08011f90   0x000000dc   Code   RO         2677    .text.vTaskDelayUntil  tasks.o
    0x0801206c   0x0801206c   0x00000004   PAD
    0x08012070   0x08012070   0x00000012   Code   RO         2733    .text.vTaskInternalSetTimeOutState  tasks.o
    0x08012082   0x08012082   0x00000006   PAD
    0x08012088   0x08012088   0x0000000e   Code   RO         2737    .text.vTaskMissedYield  tasks.o
    0x08012096   0x08012096   0x00000002   PAD
    0x08012098   0x08012098   0x00000080   Code   RO         2721    .text.vTaskPlaceOnEventList  tasks.o
    0x08012118   0x08012118   0x00000082   Code   RO         2725    .text.vTaskPlaceOnEventListRestricted  tasks.o
    0x0801219a   0x0801219a   0x00000006   PAD
    0x080121a0   0x080121a0   0x000000a6   Code   RO         2755    .text.vTaskPriorityDisinheritAfterTimeout  tasks.o
    0x08012246   0x08012246   0x00000002   PAD
    0x08012248   0x08012248   0x00000108   Code   RO         2701    .text.vTaskStartScheduler  tasks.o
    0x08012350   0x08012350   0x00000010   Code   RO         2679    .text.vTaskSuspendAll  tasks.o
    0x08012360   0x08012360   0x000000c4   Code   RO         2695    .text.vTaskSwitchContext  tasks.o
    0x08012424   0x08012424   0x00000004   PAD
    0x08012428   0x08012428   0x00000182   Code   RO         2457    .text.xPortStartScheduler  port.o
    0x080125aa   0x080125aa   0x00000006   PAD
    0x080125b0   0x080125b0   0x00000032   Code   RO         2473    .text.xPortSysTickHandler  port.o
    0x080125e2   0x080125e2   0x00000006   PAD
    0x080125e8   0x080125e8   0x0000004c   Code   RO         2566    .text.xQueueCreateCountingSemaphore  queue.o
    0x08012634   0x08012634   0x00000004   PAD
    0x08012638   0x08012638   0x000000d2   Code   RO         2564    .text.xQueueCreateCountingSemaphoreStatic  queue.o
    0x0801270a   0x0801270a   0x00000006   PAD
    0x08012710   0x08012710   0x0000008a   Code   RO         2546    .text.xQueueGenericCreate  queue.o
    0x0801279a   0x0801279a   0x00000006   PAD
    0x080127a0   0x080127a0   0x000000f6   Code   RO         2544    .text.xQueueGenericCreateStatic  queue.o
    0x08012896   0x08012896   0x00000002   PAD
    0x08012898   0x08012898   0x00000256   Code   RO         2558    .text.xQueueGenericSend  queue.o
    0x08012aee   0x08012aee   0x00000002   PAD
    0x08012af0   0x08012af0   0x000000d4   Code   RO         2572    .text.xQueueGiveFromISR  queue.o
    0x08012bc4   0x08012bc4   0x00000004   PAD
    0x08012bc8   0x08012bc8   0x000001b6   Code   RO         2574    .text.xQueueReceive  queue.o
    0x08012d7e   0x08012d7e   0x00000002   PAD
    0x08012d80   0x08012d80   0x000000f8   Code   RO         2578    .text.xQueueReceiveFromISR  queue.o
    0x08012e78   0x08012e78   0x000001f2   Code   RO         2562    .text.xQueueSemaphoreTake  queue.o
    0x0801306a   0x0801306a   0x00000006   PAD
    0x08013070   0x08013070   0x000000ae   Code   RO         2735    .text.xTaskCheckForTimeOut  tasks.o
    0x0801311e   0x0801311e   0x00000002   PAD
    0x08013120   0x08013120   0x00000060   Code   RO         2673    .text.xTaskCreate   tasks.o
    0x08013180   0x08013180   0x00000086   Code   RO         2667    .text.xTaskCreateStatic  tasks.o
    0x08013206   0x08013206   0x00000002   PAD
    0x08013208   0x08013208   0x0000001c   Code   RO         2749    .text.xTaskGetSchedulerState  tasks.o
    0x08013224   0x08013224   0x00000004   PAD
    0x08013228   0x08013228   0x00000018   Code   RO         2709    .text.xTaskGetTickCount  tasks.o
    0x08013240   0x08013240   0x00000106   Code   RO         2707    .text.xTaskIncrementTick  tasks.o
    0x08013346   0x08013346   0x00000002   PAD
    0x08013348   0x08013348   0x00000092   Code   RO         2753    .text.xTaskPriorityDisinherit  tasks.o
    0x080133da   0x080133da   0x00000006   PAD
    0x080133e0   0x080133e0   0x0000008e   Code   RO         2751    .text.xTaskPriorityInherit  tasks.o
    0x0801346e   0x0801346e   0x00000002   PAD
    0x08013470   0x08013470   0x00000078   Code   RO         2727    .text.xTaskRemoveFromEventList  tasks.o
    0x080134e8   0x080134e8   0x000000f4   Code   RO         2681    .text.xTaskResumeAll  tasks.o
    0x080135dc   0x080135dc   0x00000004   PAD
    0x080135e0   0x080135e0   0x000000b8   Code   RO         2790    .text.xTimerCreateTimerTask  timers.o
    0x08013698   0x08013698   0x00000026   Code   RO         3191    i.__ARM_fpclassifyf  m_wv.l(fpclassifyf.o)
    0x080136be   0x080136be   0x00000002   PAD
    0x080136c0   0x080136c0   0x0000012c   Code   RO         3087    i.__hardfp_asinf    m_wv.l(asinf.o)
    0x080137ec   0x080137ec   0x000002ac   Code   RO         3093    i.__hardfp_atan2f   m_wv.l(atan2f.o)
    0x08013a98   0x08013a98   0x00000150   Code   RO         3099    i.__hardfp_cosf     m_wv.l(cosf.o)
    0x08013be8   0x08013be8   0x000000b0   Code   RO         3105    i.__hardfp_fmodf    m_wv.l(fmodf.o)
    0x08013c98   0x08013c98   0x00000190   Code   RO         3111    i.__hardfp_sinf     m_wv.l(sinf.o)
    0x08013e28   0x08013e28   0x00000006   Code   RO         3194    i.__mathlib_flt_infnan  m_wv.l(funder.o)
    0x08013e2e   0x08013e2e   0x00000006   Code   RO         3195    i.__mathlib_flt_infnan2  m_wv.l(funder.o)
    0x08013e34   0x08013e34   0x00000010   Code   RO         3196    i.__mathlib_flt_invalid  m_wv.l(funder.o)
    0x08013e44   0x08013e44   0x00000010   Code   RO         3199    i.__mathlib_flt_underflow  m_wv.l(funder.o)
    0x08013e54   0x08013e54   0x00000154   Code   RO         3207    i.__mathlib_rredf2  m_wv.l(rredf.o)
    0x08013fa8   0x08013fa8   0x0000003e   Code   RO         3212    i.sqrtf             m_wv.l(sqrtf.o)
    0x08013fe6   0x08013fe6   0x0000008c   Code   RO         3242    x$fpl$fnaninf       fz_wv.l(fnaninf.o)
    0x08014072   0x08014072   0x0000001a   Code   RO         3244    x$fpl$fpinit        fz_wv.l(fpinit.o)
    0x0801408c   0x0801408c   0x000000f4   Code   RO         3188    x$fpl$frem          fz_wv.l(frem_clz.o)
    0x08014180   0x08014180   0x00000000   Code   RO         3190    x$fpl$usenofp       fz_wv.l(usenofp.o)
    0x08014180   0x08014180   0x00000020   Data   RO         3208    .constdata          m_wv.l(rredf.o)
    0x080141a0   0x080141a0   0x0000004c   Data   RO         1400    .rodata..L__const.HAL_FDCAN_Init.CvtEltSize  stm32h7xx_hal_fdcan.o
    0x080141ec   0x080141ec   0x00000006   Data   RO         1992    .rodata..Lswitch.table.UART_SetConfig.7  stm32h7xx_hal_uart.o
    0x080141f2   0x080141f2   0x00000006   Data   RO         1993    .rodata..Lswitch.table.UART_SetConfig.9  stm32h7xx_hal_uart.o
    0x080141f8   0x080141f8   0x00000010   Data   RO         2047    .rodata.D1CorePrescTable  system_stm32h7xx.o
    0x08014208   0x08014208   0x00000024   Data   RO           54    .rodata.Debug_attributes  freertos.o
    0x0801422c   0x0801422c   0x00000024   Data   RO           57    .rodata.IMU_attributes  freertos.o
    0x08014250   0x08014250   0x00000024   Data   RO           59    .rodata.Motor_Ctrl_attributes  freertos.o
    0x08014274   0x08014274   0x00000024   Data   RO           58    .rodata.Robot_attributes  freertos.o
    0x08014298   0x08014298   0x00000024   Data   RO           60    .rodata.System_Monitor_attributes  freertos.o
    0x080142bc   0x080142bc   0x00000018   Data   RO         1991    .rodata.UARTPrescTable  stm32h7xx_hal_uart.o
    0x080142d4   0x080142d4   0x00000050   Data   RO         2186    .rodata._ZL11DH_Left_Leg  kinematics.o
    0x08014324   0x08014324   0x00000050   Data   RO         2187    .rodata._ZL12DH_Right_Leg  kinematics.o
    0x08014374   0x08014374   0x00000010   Data   RO         1401    .rodata.cst16       stm32h7xx_hal_fdcan.o
    0x08014384   0x08014384   0x00000010   Data   RO         2034    .rodata.cst8        stm32h7xx_hal_uart_ex.o
    0x08014394   0x08014394   0x00000039   Data   RO           53    .rodata.str1.1      freertos.o
    0x080143cd   0x080143cd   0x00000005   Data   RO         2830    .rodata.str1.1      timers.o
    0x080143d2   0x080143d2   0x00000012   Data   RO         2341    .rodata.write_BMI088_accel_reg_data_error  bmi088driver.o
    0x080143e4   0x080143e4   0x00000012   Data   RO         2342    .rodata.write_BMI088_gyro_reg_data_error  bmi088driver.o
    0x080143f6   0x080143f6   0x00000002   PAD
    0x080143f8   0x080143f8   0x00000030   Data   RO         3335    Region$$Table       anon$$obj.o
    0x08014428   0x08014428   0x00000004   Data   RO         2085    .init_array         task_manager.o
    0x0801442c   0x08014428   0x00000000   Data   RO         3082    .init_array         c_w.l(init_aeabi.o)


    Execution Region RW_IRAM1 (Exec base: 0x20000000, Load base: 0x0801442c, Size: 0x00003c00, Max: 0x00020000, ABSOLUTE)

    Exec Addr    Load Addr    Size         Type   Attr      Idx    E Section Name        Object

    0x20000000        -       0x00003c00   Zero   RW         3015    .bss.ucHeap         heap_4.o


    Execution Region RW_IRAM2 (Exec base: 0x24000000, Load base: 0x08014430, Size: 0x00002940, Max: 0x00020000, ABSOLUTE)

    Exec Addr    Load Addr    Size         Type   Attr      Idx    E Section Name        Object

    0x24000000   0x08014430   0x00000008   Data   RW          995    .data..L_MergedGlobals  stm32h7xx_hal.o
    0x24000008   0x08014438   0x00000008   Data   RW         2048    .data..L_MergedGlobals  system_stm32h7xx.o
    0x24000010   0x08014440   0x00000008   Data   RW         2343    .data..L_MergedGlobals  bmi088driver.o
    0x24000018   0x08014448   0x00000004   Data   RW         2477    .data.uxCriticalNesting  port.o
    0x2400001c   0x0801444c   0x00000004   PAD
    0x24000020        -       0x00000060   Zero   RW         3247    .bss                c_w.l(libspace.o)
    0x24000080        -       0x00000014   Zero   RW           63    .bss..L_MergedGlobals  freertos.o
    0x24000094        -       0x00000060   Zero   RW         2086    .bss..L_MergedGlobals  task_manager.o
    0x240000f4        -       0x00000008   Zero   RW         2478    .bss..L_MergedGlobals  port.o
    0x240000fc        -       0x00000078   Zero   RW         2780    .bss..L_MergedGlobals  tasks.o
    0x24000174        -       0x0000003c   Zero   RW         2831    .bss..L_MergedGlobals  timers.o
    0x240001b0        -       0x00000020   Zero   RW         3016    .bss..L_MergedGlobals  heap_4.o
    0x240001d0        -       0x00000028   Zero   RW         2781    .bss..L_MergedGlobals.4  tasks.o
    0x240001f8        -       0x00000004   Zero   RW          110    .bss.HAL_RCC_FDCAN_CLK_ENABLED  fdcan.o
    0x240001fc        -       0x00000800   Zero   RW           56    .bss.IMUBuffer      freertos.o
    0x240009fc        -       0x00000060   Zero   RW           55    .bss.IMUControlBlock  freertos.o
    0x24000a5c        -       0x00000004   Zero   RW         2990    .bss.KernelState    cmsis_os2.o
    0x24000a60        -       0x000000a8   Zero   RW         2084    .bss.dynamics       task_manager.o
    0x24000b08        -       0x00000004   Zero   RW         2442    .bss.fac_us         delay.o
    0x24000b0c        -       0x00000070   Zero   RW           78    .bss.hadc1          adc.o
    0x24000b7c        -       0x00000078   Zero   RW           79    .bss.hdma_adc1      adc.o
    0x24000bf4        -       0x00000078   Zero   RW          127    .bss.hdma_spi2_rx   spi.o
    0x24000c6c        -       0x00000078   Zero   RW          128    .bss.hdma_spi2_tx   spi.o
    0x24000ce4        -       0x00000078   Zero   RW          171    .bss.hdma_uart5_rx  usart.o
    0x24000d5c        -       0x000000a0   Zero   RW          107    .bss.hfdcan1        fdcan.o
    0x24000dfc        -       0x000000a0   Zero   RW          108    .bss.hfdcan2        fdcan.o
    0x24000e9c        -       0x000000a0   Zero   RW          109    .bss.hfdcan3        fdcan.o
    0x24000f3c        -       0x00000088   Zero   RW          126    .bss.hspi2          spi.o
    0x24000fc4        -       0x0000004c   Zero   RW          242    .bss.htim1          stm32h7xx_hal_timebase_tim.o
    0x24001010        -       0x0000004c   Zero   RW          152    .bss.htim12         tim.o
    0x2400105c        -       0x0000004c   Zero   RW          151    .bss.htim3          tim.o
    0x240010a8        -       0x00000094   Zero   RW          169    .bss.huart5         usart.o
    0x2400113c        -       0x00000094   Zero   RW          170    .bss.huart7         usart.o
    0x240011d0        -       0x000000d4   Zero   RW         2082    .bss.imu            task_manager.o
    0x240012a4        -       0x00000004   Zero   RW           62    .bss.imuBinarySem01Handle  freertos.o
    0x240012a8        -       0x00000050   Zero   RW           61    .bss.imuBinarySemControlBlock  freertos.o
    0x240012f8        -       0x0000005c   Zero   RW         2080    .bss.kinematics     task_manager.o
    0x24001354        -       0x000002e4   Zero   RW         2081    .bss.motor          task_manager.o
    0x24001638        -       0x000000a0   Zero   RW         2829    .bss.prvCheckForValidListAndQueue.ucStaticTimerQueueStorage  timers.o
    0x240016d8        -       0x00000050   Zero   RW         2828    .bss.prvCheckForValidListAndQueue.xStaticTimerQueue  timers.o
    0x24001728        -       0x00000460   Zero   RW         2779    .bss.pxReadyTasksLists  tasks.o
    0x24001b88        -       0x000000b4   Zero   RW         2079    .bss.robot          task_manager.o
    0x24001c3c        -       0x00000004   Zero   RW          994    .bss.uwTick         stm32h7xx_hal.o
    0x24001c40        -       0x00000200   Zero   RW         2992    .bss.vApplicationGetIdleTaskMemory.Idle_Stack  cmsis_os2.o
    0x24001e40        -       0x00000060   Zero   RW         2991    .bss.vApplicationGetIdleTaskMemory.Idle_TCB  cmsis_os2.o
    0x24001ea0        -       0x00000400   Zero   RW         2994    .bss.vApplicationGetTimerTaskMemory.Timer_Stack  cmsis_os2.o
    0x240022a0        -       0x00000060   Zero   RW         2993    .bss.vApplicationGetTimerTaskMemory.Timer_TCB  cmsis_os2.o
    0x24002300        -       0x00000040   Zero   RW         2608    .bss.xQueueRegistry  queue.o
    0x24002340        -       0x00000200   Zero   RW            2    HEAP                startup_stm32h723xx.o
    0x24002540        -       0x00000400   Zero   RW            1    STACK               startup_stm32h723xx.o


==============================================================================

Image component sizes


      Code (inc. data)   RO Data    RW Data    ZI Data      Debug   Object Name

       492          0          0          0        232       9335   adc.o
      1558          0         36          8          0       5626   bmi088driver.o
       278          0          0          0          0       4057   bmi088middleware.o
       368          0          0          0          0       6290   can_bsp.o
       788          0          0          0       1732      46755   cmsis_os2.o
         2          0          0          0          0       1608   controls.o
         2          0          0          0          0      18226   debug.o
       104          0          0          0          4       2199   delay.o
      1022         44          0          0          0      16529   dm4310driver.o
       100          0          0          0          0       5448   dma.o
      5406        112          0          0          0     602826   dynamics.o
      1038          0          0          0          0      18248   et16s_remote.o
       766          0          0          0        484      12082   fdcan.o
       186         16        237          0       2248       5870   freertos.o
      1492         24          0          0          0      16222   fusionahrs.o
       196         12          0          0          0       3332   fusioncompass.o
       284          0          0          0          0       6083   gpio.o
       748          0          0          0      15392       5747   heap_4.o
       836         76          0          0          0      17461   imu.o
      9548        156        160          0          0    2220788   kinematics.o
       200          0          0          0          0       2377   list.o
       302          0          0          0          0       6266   main.o
      1816         12          0          0          0      19197   motor.o
        70          0          0          0          0      12738   orin_nx.o
      1030         16          0          4          8       4164   port.o
      3234          0          0          0         64      28219   queue.o
       136          0          0          0          0      15616   robot.o
       438          0          0          0        376      11704   spi.o
        64         26        716          0       1536        900   startup_stm32h723xx.o
       138          0          0          8          4      15942   stm32h7xx_hal.o
      3130         12          0          0          0      30727   stm32h7xx_hal_adc.o
       400          0          0          0          0      31729   stm32h7xx_hal_adc_ex.o
       180          0          0          0          0      12499   stm32h7xx_hal_cortex.o
      7760         12          0          0          0      17867   stm32h7xx_hal_dma.o
      3056          0         92          0          0      63433   stm32h7xx_hal_fdcan.o
       456          0          0          0          0       7008   stm32h7xx_hal_gpio.o
        42          0          0          0          0       5486   stm32h7xx_hal_msp.o
        76          0          0          0          0       9638   stm32h7xx_hal_pwr_ex.o
      2556         16          0          0          0      11439   stm32h7xx_hal_rcc.o
      5280        210          0          0          0      19936   stm32h7xx_hal_rcc_ex.o
      2290          0          0          0          0      22896   stm32h7xx_hal_spi.o
      3302         22          0          0          0      64936   stm32h7xx_hal_tim.o
       224          0          0          0          0      26736   stm32h7xx_hal_tim_ex.o
       156          0          0          0         76       9721   stm32h7xx_hal_timebase_tim.o
      5946        330         36          0          0      43601   stm32h7xx_hal_uart.o
       500          0         16          0          0      11632   stm32h7xx_hal_uart_ex.o
       190          0          0          0          0      12270   stm32h7xx_it.o
       176          0         16          8          0       5361   system_stm32h7xx.o
      1692         34          4          0       1488      36039   task_manager.o
      3768          8          0          0       1280      44831   tasks.o
       628          0          0          0        152       8550   tim.o
      1134         18          5          0        300      16250   timers.o
       656          0          0          0        416      11924   usart.o
        72         12          0          0          0      13299   user_math.o

    ----------------------------------------------------------------------
     77368       1240       1368         28      25796    3679663   Object Totals
         0          0         48          0          0          0   (incl. Generated)
      1056         72          2          0          4          0   (incl. Padding)

    ----------------------------------------------------------------------

      Code (inc. data)   RO Data    RW Data    ZI Data      Debug   Library Member Name

         8          0          0          0          0         68   __main.o
         0          0          0          0          0          0   __rtentry.o
        12          0          0          0          0          0   __rtentry2.o
         6          0          0          0          0          0   __rtentry4.o
        52          8          0          0          0          0   __scatter.o
        26          0          0          0          0          0   __scatter_copy.o
        28          0          0          0          0          0   __scatter_zi.o
         6          0          0          0          0          0   _printf_c.o
        44          0          0          0          0        108   _printf_char.o
       120         16          0          0          0         92   _printf_dec.o
       178          0          0          0          0         88   _printf_intcommon.o
         0          0          0          0          0          0   _printf_percent.o
         4          0          0          0          0          0   _printf_percent_end.o
        82          0          0          0          0         80   _printf_str.o
         6          0          0          0          0          0   _printf_u.o
        22          0          0          0          0        100   _rserrno.o
        16          0          0          0          0         68   aeabi_memset4.o
        18          0          0          0          0         80   exit.o
         6          0          0          0          0        152   heapauxi.o
        36          8          0          0          0         80   init_aeabi.o
         2          0          0          0          0          0   libinit.o
        10          0          0          0          0          0   libinit2.o
         2          0          0          0          0          0   libshutdown.o
         2          0          0          0          0          0   libshutdown2.o
         8          4          0          0         96         68   libspace.o
       240          0          0          0          0        100   lludivv7m.o
         8          4          0          0          0         68   rt_errno_addr_intlibspace.o
        68          0          0          0          0         68   rt_memclr.o
        78          0          0          0          0         80   rt_memclr_w.o
       138          0          0          0          0         68   rt_memcpy_v6.o
       100          0          0          0          0         80   rt_memcpy_w.o
         2          0          0          0          0          0   rtexit.o
        10          0          0          0          0          0   rtexit2.o
        74          0          0          0          0         80   sys_stackheap_outer.o
         2          0          0          0          0         68   use_no_semi.o
         2          0          0          0          0         68   use_no_semi_2.o
       140          4          0          0          0        132   fnaninf.o
        26          0          0          0          0        116   fpinit.o
       244          8          0          0          0        132   frem_clz.o
         0          0          0          0          0          0   usenofp.o
       300         42          0          0          0        176   asinf.o
       684         90          0          0          0        208   atan2f.o
       336         56          0          0          0        136   cosf.o
       176          0          0          0          0        168   fmodf.o
        38          0          0          0          0        116   fpclassifyf.o
        44         12          0          0          0        464   funder.o
       340         24         32          0          0        160   rredf.o
       400         56          0          0          0        212   sinf.o
        62          0          0          0          0        136   sqrtf.o

    ----------------------------------------------------------------------
      4220        332         32          0         96       3820   Library Totals
        14          0          0          0          0          0   (incl. Padding)

    ----------------------------------------------------------------------

      Code (inc. data)   RO Data    RW Data    ZI Data      Debug   Library Name

      1416         40          0          0         96       1664   c_w.l
       410         12          0          0          0        380   fz_wv.l
      2380        280         32          0          0       1776   m_wv.l

    ----------------------------------------------------------------------
      4220        332         32          0         96       3820   Library Totals

    ----------------------------------------------------------------------

==============================================================================


      Code (inc. data)   RO Data    RW Data    ZI Data      Debug   

     81588       1572       1400         28      25892    3680311   Grand Totals
     81588       1572       1400         28      25892    3680311   ELF Image Totals
     81588       1572       1400         28          0          0   ROM Totals

==============================================================================

    Total RO  Size (Code + RO Data)                82988 (  81.04kB)
    Total RW  Size (RW Data + ZI Data)             25920 (  25.31kB)
    Total ROM Size (Code + RO Data + RW Data)      83016 (  81.07kB)

==============================================================================

