Component: Arm Compiler for Embedded 6.19 Tool: armlink [5e73cb00]

==============================================================================

Section Cross References

    startup_stm32h723xx.o(STACK) refers (Special) to heapauxi.o(.text) for __use_two_region_memory
    startup_stm32h723xx.o(HEAP) refers (Special) to heapauxi.o(.text) for __use_two_region_memory
    startup_stm32h723xx.o(RESET) refers (Special) to heapauxi.o(.text) for __use_two_region_memory
    startup_stm32h723xx.o(RESET) refers to startup_stm32h723xx.o(STACK) for __initial_sp
    startup_stm32h723xx.o(RESET) refers to startup_stm32h723xx.o(.text) for Reset_Handler
    startup_stm32h723xx.o(RESET) refers to stm32h7xx_it.o(.text.NMI_Handler) for NMI_Handler
    startup_stm32h723xx.o(RESET) refers to stm32h7xx_it.o(.text.HardFault_Handler) for HardFault_Handler
    startup_stm32h723xx.o(RESET) refers to stm32h7xx_it.o(.text.MemManage_Handler) for MemManage_Handler
    startup_stm32h723xx.o(RESET) refers to stm32h7xx_it.o(.text.BusFault_Handler) for BusFault_Handler
    startup_stm32h723xx.o(RESET) refers to stm32h7xx_it.o(.text.UsageFault_Handler) for UsageFault_Handler
    startup_stm32h723xx.o(RESET) refers to port.o(.text.SVC_Handler) for SVC_Handler
    startup_stm32h723xx.o(RESET) refers to stm32h7xx_it.o(.text.DebugMon_Handler) for DebugMon_Handler
    startup_stm32h723xx.o(RESET) refers to port.o(.text.PendSV_Handler) for PendSV_Handler
    startup_stm32h723xx.o(RESET) refers to cmsis_os2.o(.text.SysTick_Handler) for SysTick_Handler
    startup_stm32h723xx.o(RESET) refers to stm32h7xx_it.o(.text.DMA1_Stream0_IRQHandler) for DMA1_Stream0_IRQHandler
    startup_stm32h723xx.o(RESET) refers to stm32h7xx_it.o(.text.DMA1_Stream1_IRQHandler) for DMA1_Stream1_IRQHandler
    startup_stm32h723xx.o(RESET) refers to stm32h7xx_it.o(.text.DMA1_Stream2_IRQHandler) for DMA1_Stream2_IRQHandler
    startup_stm32h723xx.o(RESET) refers to stm32h7xx_it.o(.text.DMA1_Stream3_IRQHandler) for DMA1_Stream3_IRQHandler
    startup_stm32h723xx.o(RESET) refers to stm32h7xx_it.o(.text.FDCAN1_IT0_IRQHandler) for FDCAN1_IT0_IRQHandler
    startup_stm32h723xx.o(RESET) refers to stm32h7xx_it.o(.text.FDCAN2_IT0_IRQHandler) for FDCAN2_IT0_IRQHandler
    startup_stm32h723xx.o(RESET) refers to stm32h7xx_it.o(.text.FDCAN1_IT1_IRQHandler) for FDCAN1_IT1_IRQHandler
    startup_stm32h723xx.o(RESET) refers to stm32h7xx_it.o(.text.FDCAN2_IT1_IRQHandler) for FDCAN2_IT1_IRQHandler
    startup_stm32h723xx.o(RESET) refers to stm32h7xx_it.o(.text.TIM1_UP_IRQHandler) for TIM1_UP_IRQHandler
    startup_stm32h723xx.o(RESET) refers to stm32h7xx_it.o(.text.SPI2_IRQHandler) for SPI2_IRQHandler
    startup_stm32h723xx.o(RESET) refers to stm32h7xx_it.o(.text.EXTI15_10_IRQHandler) for EXTI15_10_IRQHandler
    startup_stm32h723xx.o(RESET) refers to stm32h7xx_it.o(.text.UART5_IRQHandler) for UART5_IRQHandler
    startup_stm32h723xx.o(RESET) refers to stm32h7xx_it.o(.text.FDCAN3_IT0_IRQHandler) for FDCAN3_IT0_IRQHandler
    startup_stm32h723xx.o(RESET) refers to stm32h7xx_it.o(.text.FDCAN3_IT1_IRQHandler) for FDCAN3_IT1_IRQHandler
    startup_stm32h723xx.o(.text) refers (Special) to heapauxi.o(.text) for __use_two_region_memory
    startup_stm32h723xx.o(.text) refers to system_stm32h7xx.o(.text.SystemInit) for SystemInit
    startup_stm32h723xx.o(.text) refers to __main.o(!!!main) for __main
    startup_stm32h723xx.o(.text) refers to startup_stm32h723xx.o(HEAP) for Heap_Mem
    startup_stm32h723xx.o(.text) refers to startup_stm32h723xx.o(STACK) for Stack_Mem
    main.o(.text.main) refers to stm32h7xx_hal.o(.text.HAL_Init) for HAL_Init
    main.o(.text.main) refers to main.o(.text.SystemClock_Config) for SystemClock_Config
    main.o(.text.main) refers to gpio.o(.text.MX_GPIO_Init) for MX_GPIO_Init
    main.o(.text.main) refers to dma.o(.text.MX_DMA_Init) for MX_DMA_Init
    main.o(.text.main) refers to spi.o(.text.MX_SPI2_Init) for MX_SPI2_Init
    main.o(.text.main) refers to tim.o(.text.MX_TIM3_Init) for MX_TIM3_Init
    main.o(.text.main) refers to usart.o(.text.MX_UART7_Init) for MX_UART7_Init
    main.o(.text.main) refers to usart.o(.text.MX_UART5_Init) for MX_UART5_Init
    main.o(.text.main) refers to fdcan.o(.text.MX_FDCAN1_Init) for MX_FDCAN1_Init
    main.o(.text.main) refers to fdcan.o(.text.MX_FDCAN2_Init) for MX_FDCAN2_Init
    main.o(.text.main) refers to adc.o(.text.MX_ADC1_Init) for MX_ADC1_Init
    main.o(.text.main) refers to tim.o(.text.MX_TIM12_Init) for MX_TIM12_Init
    main.o(.text.main) refers to fdcan.o(.text.MX_FDCAN3_Init) for MX_FDCAN3_Init
    main.o(.text.main) refers to cmsis_os2.o(.text.osKernelInitialize) for osKernelInitialize
    main.o(.text.main) refers to freertos.o(.text.MX_FREERTOS_Init) for MX_FREERTOS_Init
    main.o(.text.main) refers to cmsis_os2.o(.text.osKernelStart) for osKernelStart
    main.o(.ARM.exidx.text.main) refers to main.o(.text.main) for [Anonymous Symbol]
[...]
    MX_GPIO_Init                             0x080096e1   Thumb Code   284  gpio.o(.text.MX_GPIO_Init)
    MX_SPI2_Init                             0x08009801   Thumb Code    98  spi.o(.text.MX_SPI2_Init)
    MX_TIM12_Init                            0x08009869   Thumb Code   234  tim.o(.text.MX_TIM12_Init)
    MX_TIM3_Init                             0x08009959   Thumb Code   294  tim.o(.text.MX_TIM3_Init)
    MX_UART5_Init                            0x08009a81   Thumb Code   140  usart.o(.text.MX_UART5_Init)
    MX_UART7_Init                            0x08009b11   Thumb Code   124  usart.o(.text.MX_UART7_Init)
    MemManage_Handler                        0x08009b91   Thumb Code     2  stm32h7xx_it.o(.text.MemManage_Handler)
    Motor_Ctrl_Task                          0x08009b99   Thumb Code   144  task_manager.o(.text.Motor_Ctrl_Task)
    NMI_Handler                              0x08009c29   Thumb Code     2  stm32h7xx_it.o(.text.NMI_Handler)
    Orin_Task                                0x08009c31   Thumb Code    12  freertos.o(.text.Orin_Task)
    PendSV_Handler                           0x08009c41   Thumb Code   100  port.o(.text.PendSV_Handler)
    Robot_Task                               0x08009ef9   Thumb Code   136  task_manager.o(.text.Robot_Task)
    SPI2_IRQHandler                          0x08009f81   Thumb Code    12  stm32h7xx_it.o(.text.SPI2_IRQHandler)
    SVC_Handler                              0x0800a081   Thumb Code    36  port.o(.text.SVC_Handler)
    SysTick_Handler                          0x0800a0a9   Thumb Code    30  cmsis_os2.o(.text.SysTick_Handler)
    SystemClock_Config                       0x0800a0c9   Thumb Code   208  main.o(.text.SystemClock_Config)
    SystemInit                               0x0800a199   Thumb Code   176  system_stm32h7xx.o(.text.SystemInit)
    System_Monitor_Task                      0x0800a249   Thumb Code   122  task_manager.o(.text.System_Monitor_Task)
    TIM1_UP_IRQHandler                       0x0800a2c9   Thumb Code    12  stm32h7xx_it.o(.text.TIM1_UP_IRQHandler)
    TIM_Base_SetConfig                       0x0800a2d9   Thumb Code   384  stm32h7xx_hal_tim.o(.text.TIM_Base_SetConfig)
    UART5_IRQHandler                         0x0800a459   Thumb Code    12  stm32h7xx_it.o(.text.UART5_IRQHandler)
    UART_AdvFeatureConfig                    0x0800a469   Thumb Code   224  stm32h7xx_hal_uart.o(.text.UART_AdvFeatureConfig)
    UART_CheckIdleState                      0x0800a549   Thumb Code   374  stm32h7xx_hal_uart.o(.text.UART_CheckIdleState)
    UART_SetConfig                           0x0800aa61   Thumb Code  1228  stm32h7xx_hal_uart.o(.text.UART_SetConfig)
    UART_Start_Receive_DMA                   0x0800af39   Thumb Code   344  stm32h7xx_hal_uart.o(.text.UART_Start_Receive_DMA)
    UART_WaitOnFlagUntilTimeout              0x0800b091   Thumb Code   856  stm32h7xx_hal_uart.o(.text.UART_WaitOnFlagUntilTimeout)
    UsageFault_Handler                       0x0800b3e9   Thumb Code     2  stm32h7xx_it.o(.text.UsageFault_Handler)
    IMU::heatControl()                       0x0800b429   Thumb Code    44  imu.o(.text._ZN3IMU11heatControlEv)
    IMU::processData()                       0x0800b459   Thumb Code   460  imu.o(.text._ZN3IMU11processDataEv)
    IMU::updateRaw(float const*, float const*, float) 0x0800b629   Thumb Code   212  imu.o(.text._ZN3IMU9updateRawEPKfS1_f)
    IMU::IMU()                               0x0800b701   Thumb Code   120  imu.o(.text._ZN3IMUC2Ev)
    IMU::IMU__sub_object()                   0x0800b701   Thumb Code   120  imu.o(.text._ZN3IMUC2Ev)
    Orin::receiveData(Motor&)                0x0800b779   Thumb Code   874  orin_nx.o(.text._ZN4Orin11receiveDataER5Motor)
    Orin::sendData(Motor const&, IMU const&, Direction_Vector const&, Direction_Vector const&) 0x0800bae9   Thumb Code  1168  orin_nx.o(.text._ZN4Orin8sendDataERK5MotorRK3IMURK16Direction_VectorS8_)
    Motor::disableAll()                      0x0800bf79   Thumb Code    92  motor.o(.text._ZN5Motor10disableAllEv)
    Motor::resetJoints()                     0x0800bfd9   Thumb Code   160  motor.o(.text._ZN5Motor11resetJointsEv)
    Motor::returnZeroPos()                   0x0800c079   Thumb Code   456  motor.o(.text._ZN5Motor13returnZeroPosEv)
    Motor::setAllJointsPos(Robot*)           0x0800c241   Thumb Code   122  motor.o(.text._ZN5Motor15setAllJointsPosEP5Robot)
    Motor::createVirtualBoundary()           0x0800c2c1   Thumb Code   720  motor.o(.text._ZN5Motor21createVirtualBoundaryEv)
    Motor::sendAll()                         0x0800c591   Thumb Code    92  motor.o(.text._ZN5Motor7sendAllEv)
    Motor::Motor()                           0x0800c5f1   Thumb Code   174  motor.o(.text._ZN5MotorC2Ev)
    Motor::Motor__sub_object()               0x0800c5f1   Thumb Code   174  motor.o(.text._ZN5MotorC2Ev)
    Robot::Robot()                           0x0800c6a1   Thumb Code    96  robot.o(.text._ZN5RobotC2Ev)
    Robot::Robot__sub_object()               0x0800c6a1   Thumb Code    96  robot.o(.text._ZN5RobotC2Ev)
    Remote::checkWatchdog(__UART_HandleTypeDef*) 0x0800c701   Thumb Code   282  et16s_remote.o(.text._ZN6Remote13checkWatchdogEP20__UART_HandleTypeDef)
    Remote::processBuffer()                  0x0800c821   Thumb Code   460  et16s_remote.o(.text._ZN6Remote13processBufferEv)
    Remote::Init(__UART_HandleTypeDef*)      0x0800c9f1   Thumb Code   268  et16s_remote.o(.text._ZN6Remote4InitEP20__UART_HandleTypeDef)
    Remote::Remote()                         0x0800cb01   Thumb Code    28  et16s_remote.o(.text._ZN6RemoteC2Ev)
    Remote::Remote__sub_object()             0x0800cb01   Thumb Code    28  et16s_remote.o(.text._ZN6RemoteC2Ev)
    Robot::initBatteryADC() const            0x0800cb21   Thumb Code    40  robot.o(.text._ZNK5Robot14initBatteryADCEv)
    _sys_exit                                0x0800cb49   Thumb Code     2  debug.o(.text._sys_exit)
    bmi088_accel_init                        0x0800cb51   Thumb Code   592  bmi088driver.o(.text.bmi088_accel_init)
    bmi088_gyro_init                         0x0800cda1   Thumb Code   532  bmi088driver.o(.text.bmi088_gyro_init)
    can_bsp_init                             0x0800cfb9   Thumb Code    82  can_bsp.o(.text.can_bsp_init)
    can_filter_init                          0x0800d011   Thumb Code   148  can_bsp.o(.text.can_filter_init)
    configureTimerForRunTimeStats            0x0800d0a9   Thumb Code     2  freertos.o(.text.configureTimerForRunTimeStats)
    delay_init                               0x0800d0b1   Thumb Code    22  delay.o(.text.delay_init)
    delay_us                                 0x0800d0c9   Thumb Code    82  delay.o(.text.delay_us)
    dm4310_clear_para                        0x0800d121   Thumb Code    14  dm4310driver.o(.text.dm4310_clear_para)
    dm4310_ctrl_send                         0x0800d131   Thumb Code   452  dm4310driver.o(.text.dm4310_ctrl_send)
    dm4310_disable                           0x0800d2f9   Thumb Code   196  dm4310driver.o(.text.dm4310_disable)
    dm4310_enable                            0x0800d3c1   Thumb Code   156  dm4310driver.o(.text.dm4310_enable)
    dm4310_fbdata                            0x0800d461   Thumb Code   204  dm4310driver.o(.text.dm4310_fbdata)
    fdcan1_rx_callback                       0x0800d531   Thumb Code   130  task_manager.o(.text.fdcan1_rx_callback)
    fdcan2_rx_callback                       0x0800d5b9   Thumb Code    56  task_manager.o(.text.fdcan2_rx_callback)
    fdcan3_rx_callback                       0x0800d601   Thumb Code    20  task_manager.o(.text.fdcan3_rx_callback)
    fdcanx_receive                           0x0800d619   Thumb Code    42  can_bsp.o(.text.fdcanx_receive)
    fdcanx_send_data                         0x0800d649   Thumb Code    40  can_bsp.o(.text.fdcanx_send_data)
    float_to_uint                            0x0800d671   Thumb Code    44  dm4310driver.o(.text.float_to_uint)
    getRunTimeCounterValue                   0x0800d6a1   Thumb Code     4  freertos.o(.text.getRunTimeCounterValue)
    main                                     0x0800d6a9   Thumb Code    66  main.o(.text.main)
    osDelay                                  0x0800d6f1   Thumb Code    32  cmsis_os2.o(.text.osDelay)
    osKernelInitialize                       0x0800d711   Thumb Code    42  cmsis_os2.o(.text.osKernelInitialize)
    osKernelStart                            0x0800d741   Thumb Code    62  cmsis_os2.o(.text.osKernelStart)
    osSemaphoreAcquire                       0x0800d781   Thumb Code   108  cmsis_os2.o(.text.osSemaphoreAcquire)
    osSemaphoreNew                           0x0800d7f1   Thumb Code   186  cmsis_os2.o(.text.osSemaphoreNew)
    osSemaphoreRelease                       0x0800d8b1   Thumb Code   100  cmsis_os2.o(.text.osSemaphoreRelease)
    osThreadNew                              0x0800d919   Thumb Code   174  cmsis_os2.o(.text.osThreadNew)
    pvPortMalloc                             0x0800e2b9   Thumb Code   528  heap_4.o(.text.pvPortMalloc)
    pvTaskIncrementMutexHeldCount            0x0800e4c9   Thumb Code    24  tasks.o(.text.pvTaskIncrementMutexHeldCount)
    pxPortInitialiseStack                    0x0800e4e1   Thumb Code    44  port.o(.text.pxPortInitialiseStack)
    uint_to_float                            0x0800e511   Thumb Code    42  dm4310driver.o(.text.uint_to_float)
    uxListRemove                             0x0800e541   Thumb Code    42  list.o(.text.uxListRemove)
    vApplicationGetIdleTaskMemory            0x0800e571   Thumb Code    26  cmsis_os2.o(.text.vApplicationGetIdleTaskMemory)
    vApplicationGetTimerTaskMemory           0x0800e591   Thumb Code    28  cmsis_os2.o(.text.vApplicationGetTimerTaskMemory)
    vListInitialise                          0x0800e5b1   Thumb Code    22  list.o(.text.vListInitialise)
    vListInitialiseItem                      0x0800e5c9   Thumb Code     6  list.o(.text.vListInitialiseItem)
    vListInsert                              0x0800e5d1   Thumb Code   102  list.o(.text.vListInsert)
    vListInsertEnd                           0x0800e639   Thumb Code    28  list.o(.text.vListInsertEnd)
    vPortEnterCritical                       0x0800e671   Thumb Code    82  port.o(.text.vPortEnterCritical)
    vPortExitCritical                        0x0800e6c9   Thumb Code    50  port.o(.text.vPortExitCritical)
    vPortFree                                0x0800e701   Thumb Code   220  heap_4.o(.text.vPortFree)
    vPortSetupTimerInterrupt                 0x0800e7e1   Thumb Code    52  port.o(.text.vPortSetupTimerInterrupt)
    vPortValidateInterruptPriority           0x0800e819   Thumb Code   102  port.o(.text.vPortValidateInterruptPriority)
    vQueueAddToRegistry                      0x0800e881   Thumb Code   176  queue.o(.text.vQueueAddToRegistry)
    vQueueDelete                             0x0800e931   Thumb Code   172  queue.o(.text.vQueueDelete)
    vQueueWaitForMessageRestricted           0x0800e9e1   Thumb Code   100  queue.o(.text.vQueueWaitForMessageRestricted)
    vTaskDelay                               0x0800ea49   Thumb Code   136  tasks.o(.text.vTaskDelay)
    vTaskDelayUntil                          0x0800ead1   Thumb Code   220  tasks.o(.text.vTaskDelayUntil)
    vTaskInternalSetTimeOutState             0x0800ebb1   Thumb Code    18  tasks.o(.text.vTaskInternalSetTimeOutState)
    vTaskMissedYield                         0x0800ebc9   Thumb Code    14  tasks.o(.text.vTaskMissedYield)
    vTaskPlaceOnEventList                    0x0800ebd9   Thumb Code   128  tasks.o(.text.vTaskPlaceOnEventList)
    vTaskPlaceOnEventListRestricted          0x0800ec59   Thumb Code   130  tasks.o(.text.vTaskPlaceOnEventListRestricted)
    vTaskPriorityDisinheritAfterTimeout      0x0800ece1   Thumb Code   166  tasks.o(.text.vTaskPriorityDisinheritAfterTimeout)
    vTaskStartScheduler                      0x0800ed89   Thumb Code   256  tasks.o(.text.vTaskStartScheduler)
    vTaskSuspendAll                          0x0800ee91   Thumb Code    16  tasks.o(.text.vTaskSuspendAll)
    vTaskSwitchContext                       0x0800eea1   Thumb Code   196  tasks.o(.text.vTaskSwitchContext)
    xPortStartScheduler                      0x0800ef69   Thumb Code   386  port.o(.text.xPortStartScheduler)
    xPortSysTickHandler                      0x0800f0f1   Thumb Code    50  port.o(.text.xPortSysTickHandler)
    xQueueCreateCountingSemaphore            0x0800f129   Thumb Code    76  queue.o(.text.xQueueCreateCountingSemaphore)
    xQueueCreateCountingSemaphoreStatic      0x0800f179   Thumb Code   210  queue.o(.text.xQueueCreateCountingSemaphoreStatic)
    xQueueGenericCreate                      0x0800f251   Thumb Code   138  queue.o(.text.xQueueGenericCreate)
    xQueueGenericCreateStatic                0x0800f2e1   Thumb Code   246  queue.o(.text.xQueueGenericCreateStatic)
    xQueueGenericSend                        0x0800f3d9   Thumb Code   598  queue.o(.text.xQueueGenericSend)
    xQueueGiveFromISR                        0x0800f631   Thumb Code   212  queue.o(.text.xQueueGiveFromISR)
    xQueueReceive                            0x0800f709   Thumb Code   438  queue.o(.text.xQueueReceive)
    xQueueReceiveFromISR                     0x0800f8c1   Thumb Code   248  queue.o(.text.xQueueReceiveFromISR)
    xQueueSemaphoreTake                      0x0800f9b9   Thumb Code   498  queue.o(.text.xQueueSemaphoreTake)
    xTaskCheckForTimeOut                     0x0800fbb1   Thumb Code   174  tasks.o(.text.xTaskCheckForTimeOut)
    xTaskCreate                              0x0800fc61   Thumb Code    96  tasks.o(.text.xTaskCreate)
    xTaskCreateStatic                        0x0800fcc1   Thumb Code   134  tasks.o(.text.xTaskCreateStatic)
    xTaskGetSchedulerState                   0x0800fd49   Thumb Code    28  tasks.o(.text.xTaskGetSchedulerState)
    xTaskGetTickCount                        0x0800fd69   Thumb Code    24  tasks.o(.text.xTaskGetTickCount)
    xTaskIncrementTick                       0x0800fd81   Thumb Code   262  tasks.o(.text.xTaskIncrementTick)
    xTaskPriorityDisinherit                  0x0800fe89   Thumb Code   146  tasks.o(.text.xTaskPriorityDisinherit)
    xTaskPriorityInherit                     0x0800ff21   Thumb Code   142  tasks.o(.text.xTaskPriorityInherit)
    xTaskRemoveFromEventList                 0x0800ffb1   Thumb Code   120  tasks.o(.text.xTaskRemoveFromEventList)
    xTaskResumeAll                           0x08010029   Thumb Code   244  tasks.o(.text.xTaskResumeAll)
    xTimerCreateTimerTask                    0x08010121   Thumb Code   176  timers.o(.text.xTimerCreateTimerTask)
    __ARM_fpclassifyf                        0x080101d9   Thumb Code    38  fpclassifyf.o(i.__ARM_fpclassifyf)
    __hardfp_asinf                           0x08010201   Thumb Code   258  asinf.o(i.__hardfp_asinf)
    __hardfp_atan2f                          0x0801032d   Thumb Code   594  atan2f.o(i.__hardfp_atan2f)
    __hardfp_cosf                            0x080105d9   Thumb Code   280  cosf.o(i.__hardfp_cosf)
    __hardfp_sinf                            0x08010729   Thumb Code   344  sinf.o(i.__hardfp_sinf)
    __mathlib_flt_infnan                     0x080108b9   Thumb Code     6  funder.o(i.__mathlib_flt_infnan)
    __mathlib_flt_infnan2                    0x080108bf   Thumb Code     6  funder.o(i.__mathlib_flt_infnan2)
    __mathlib_flt_invalid                    0x080108c5   Thumb Code    10  funder.o(i.__mathlib_flt_invalid)
    __mathlib_flt_underflow                  0x080108d5   Thumb Code    10  funder.o(i.__mathlib_flt_underflow)
    __mathlib_rredf2                         0x080108e5   Thumb Code   316  rredf.o(i.__mathlib_rredf2)
    sqrtf                                    0x08010a39   Thumb Code    62  sqrtf.o(i.sqrtf)
    _fp_init                                 0x08010a77   Thumb Code    26  fpinit.o(x$fpl$fpinit)
    __fplib_config_fpu_vfp                   0x08010a8f   Thumb Code     0  fpinit.o(x$fpl$fpinit)
    __fplib_config_pureend_doubles           0x08010a8f   Thumb Code     0  fpinit.o(x$fpl$fpinit)
    __I$use$fp                               0x08010a90   Number         0  usenofp.o(x$fpl$usenofp)
    D1CorePrescTable                         0x08010b08   Data          16  system_stm32h7xx.o(.rodata.D1CorePrescTable)
    Debug_attributes                         0x08010b18   Data          36  freertos.o(.rodata.Debug_attributes)
    IMU_attributes                           0x08010b3c   Data          36  freertos.o(.rodata.IMU_attributes)
    Motor_Ctrl_attributes                    0x08010b60   Data          36  freertos.o(.rodata.Motor_Ctrl_attributes)
    Orin_attributes                          0x08010b84   Data          36  freertos.o(.rodata.Orin_attributes)
    Robot_attributes                         0x08010ba8   Data          36  freertos.o(.rodata.Robot_attributes)
    System_Monitor_attributes                0x08010bcc   Data          36  freertos.o(.rodata.System_Monitor_attributes)
    UARTPrescTable                           0x08010bf0   Data          24  stm32h7xx_hal_uart.o(.rodata.UARTPrescTable)
    Region$$Table$$Base                      0x08010c90   Number         0  anon$$obj.o(Region$$Table)
    Region$$Table$$Limit                     0x08010cc0   Number         0  anon$$obj.o(Region$$Table)
    SHT$$INIT_ARRAY$$Base                    0x08010cc0   Number         0  task_manager.o(.init_array)
    SHT$$INIT_ARRAY$$Limit                   0x08010cc4   Number         0  init_aeabi.o(.init_array)
    uwTickFreq                               0x24000000   Data           1  stm32h7xx_hal.o(.data..L_MergedGlobals)
    uwTickPrio                               0x24000004   Data           4  stm32h7xx_hal.o(.data..L_MergedGlobals)
    SystemCoreClock                          0x24000008   Data           4  system_stm32h7xx.o(.data..L_MergedGlobals)
    SystemD2Clock                            0x2400000c   Data           4  system_stm32h7xx.o(.data..L_MergedGlobals)
    BMI088_ACCEL_SEN                         0x24000010   Data           4  bmi088driver.o(.data..L_MergedGlobals)
    BMI088_GYRO_SEN                          0x24000014   Data           4  bmi088driver.o(.data..L_MergedGlobals)
    __libspace_start                         0x24000020   Data          96  libspace.o(.bss)
    DebugHandle                              0x24000080   Data           4  freertos.o(.bss..L_MergedGlobals)
    __temporary_stack_top$libspace           0x24000080   Data           0  libspace.o(.bss)
    IMUHandle                                0x24000084   Data           4  freertos.o(.bss..L_MergedGlobals)
    RobotHandle                              0x24000088   Data           4  freertos.o(.bss..L_MergedGlobals)
    Motor_CtrlHandle                         0x2400008c   Data           4  freertos.o(.bss..L_MergedGlobals)
    System_MonitorHandle                     0x24000090   Data           4  freertos.o(.bss..L_MergedGlobals)
    OrinHandle                               0x24000094   Data           4  freertos.o(.bss..L_MergedGlobals)
    pxCurrentTCB                             0x240000a8   Data           4  tasks.o(.bss..L_MergedGlobals)
    IMUBuffer                                0x240001a0   Data        2048  freertos.o(.bss.IMUBuffer)
    IMUControlBlock                          0x240009a0   Data          96  freertos.o(.bss.IMUControlBlock)
    hadc1                                    0x24000a08   Data         112  adc.o(.bss.hadc1)
    hdma_adc1                                0x24000a78   Data         120  adc.o(.bss.hdma_adc1)
    hdma_spi2_rx                             0x24000af0   Data         120  spi.o(.bss.hdma_spi2_rx)
    hdma_spi2_tx                             0x24000b68   Data         120  spi.o(.bss.hdma_spi2_tx)
    hdma_uart5_rx                            0x24000be0   Data         120  usart.o(.bss.hdma_uart5_rx)
    hfdcan1                                  0x24000c58   Data         160  fdcan.o(.bss.hfdcan1)
    hfdcan2                                  0x24000cf8   Data         160  fdcan.o(.bss.hfdcan2)
    hfdcan3                                  0x24000d98   Data         160  fdcan.o(.bss.hfdcan3)
    hspi2                                    0x24000e38   Data         136  spi.o(.bss.hspi2)
    htim1                                    0x24000ec0   Data          76  stm32h7xx_hal_timebase_tim.o(.bss.htim1)
    htim12                                   0x24000f0c   Data          76  tim.o(.bss.htim12)
    htim3                                    0x24000f58   Data          76  tim.o(.bss.htim3)
    huart5                                   0x24000fa4   Data         148  usart.o(.bss.huart5)
    huart7                                   0x24001038   Data         148  usart.o(.bss.huart7)
    imu                                      0x240010cc   Data         212  task_manager.o(.bss.imu)
    imuBinarySem01Handle                     0x240011a0   Data           4  freertos.o(.bss.imuBinarySem01Handle)
    imuBinarySemControlBlock                 0x240011a4   Data          80  freertos.o(.bss.imuBinarySemControlBlock)
    motor                                    0x240011f4   Data         740  task_manager.o(.bss.motor)
    orin                                     0x240014d8   Data         104  task_manager.o(.bss.orin)
    remote                                   0x24001a90   Data          78  task_manager.o(.bss.remote)
    robot                                    0x24001ae0   Data         192  task_manager.o(.bss.robot)
    uwTick                                   0x24001ba0   Data           4  stm32h7xx_hal.o(.bss.uwTick)
    xQueueRegistry                           0x24002264   Data          64  queue.o(.bss.xQueueRegistry)



==============================================================================

Memory Map of the image

  Image Entry point : 0x080002cd

  Load Region LR_IROM1 (Base: 0x08000000, Size: 0x00010ce8, Max: 0x00100000, ABSOLUTE)

    Execution Region ER_IROM1 (Exec base: 0x08000000, Load base: 0x08000000, Size: 0x00010cc4, Max: 0x00100000, ABSOLUTE)

    Exec Addr    Load Addr    Size         Type   Attr      Idx    E Section Name        Object

    0x08000000   0x08000000   0x000002cc   Data   RO            3    RESET               startup_stm32h723xx.o
    0x080002cc   0x080002cc   0x00000008   Code   RO         3029  * !!!main             c_w.l(__main.o)
    0x080002d4   0x080002d4   0x00000034   Code   RO         3286    !!!scatter          c_w.l(__scatter.o)
    0x08000308   0x08000308   0x0000001a   Code   RO         3288    !!handler_copy      c_w.l(__scatter_copy.o)
    0x08000322   0x08000322   0x00000002   PAD
    0x08000324   0x08000324   0x0000001c   Code   RO         3290    !!handler_zi        c_w.l(__scatter_zi.o)
    0x08000340   0x08000340   0x00000000   Code   RO         3012    .ARM.Collect$$_printf_percent$$00000000  c_w.l(_printf_percent.o)
    0x08000340   0x08000340   0x00000006   Code   RO         3011    .ARM.Collect$$_printf_percent$$0000000A  c_w.l(_printf_u.o)
    0x08000346   0x08000346   0x00000006   Code   RO         3010    .ARM.Collect$$_printf_percent$$00000013  c_w.l(_printf_c.o)
    0x0800034c   0x0800034c   0x00000004   Code   RO         3084    .ARM.Collect$$_printf_percent$$00000017  c_w.l(_printf_percent_end.o)
    0x08000350   0x08000350   0x00000002   Code   RO         3216    .ARM.Collect$$libinit$$00000000  c_w.l(libinit.o)
    0x08000352   0x08000352   0x00000004   Code   RO         3087    .ARM.Collect$$libinit$$00000001  c_w.l(libinit2.o)
    0x08000356   0x08000356   0x00000000   Code   RO         3090    .ARM.Collect$$libinit$$00000004  c_w.l(libinit2.o)
    0x08000356   0x08000356   0x00000000   Code   RO         3092    .ARM.Collect$$libinit$$00000006  c_w.l(libinit2.o)
    0x08000356   0x08000356   0x00000000   Code   RO         3095    .ARM.Collect$$libinit$$0000000C  c_w.l(libinit2.o)
    0x08000356   0x08000356   0x00000000   Code   RO         3097    .ARM.Collect$$libinit$$0000000E  c_w.l(libinit2.o)
    0x08000356   0x08000356   0x00000000   Code   RO         3099    .ARM.Collect$$libinit$$00000010  c_w.l(libinit2.o)
    0x08000356   0x08000356   0x00000000   Code   RO         3102    .ARM.Collect$$libinit$$00000013  c_w.l(libinit2.o)
    0x08000356   0x08000356   0x00000000   Code   RO         3104    .ARM.Collect$$libinit$$00000015  c_w.l(libinit2.o)
    0x08000356   0x08000356   0x00000000   Code   RO         3106    .ARM.Collect$$libinit$$00000017  c_w.l(libinit2.o)
    0x08000356   0x08000356   0x00000000   Code   RO         3108    .ARM.Collect$$libinit$$00000019  c_w.l(libinit2.o)
    0x08000356   0x08000356   0x00000000   Code   RO         3110    .ARM.Collect$$libinit$$0000001B  c_w.l(libinit2.o)
    0x08000356   0x08000356   0x00000000   Code   RO         3112    .ARM.Collect$$libinit$$0000001D  c_w.l(libinit2.o)
    0x08000356   0x08000356   0x00000000   Code   RO         3114    .ARM.Collect$$libinit$$0000001F  c_w.l(libinit2.o)
    0x08000356   0x08000356   0x00000000   Code   RO         3116    .ARM.Collect$$libinit$$00000021  c_w.l(libinit2.o)
    0x08000356   0x08000356   0x00000000   Code   RO         3118    .ARM.Collect$$libinit$$00000023  c_w.l(libinit2.o)
    0x08000356   0x08000356   0x00000000   Code   RO         3120    .ARM.Collect$$libinit$$00000025  c_w.l(libinit2.o)
    0x08000356   0x08000356   0x00000000   Code   RO         3122    .ARM.Collect$$libinit$$00000027  c_w.l(libinit2.o)
    0x08000356   0x08000356   0x00000000   Code   RO         3126    .ARM.Collect$$libinit$$0000002E  c_w.l(libinit2.o)
    0x08000356   0x08000356   0x00000000   Code   RO         3128    .ARM.Collect$$libinit$$00000030  c_w.l(libinit2.o)
    0x08000356   0x08000356   0x00000000   Code   RO         3130    .ARM.Collect$$libinit$$00000032  c_w.l(libinit2.o)
    0x08000356   0x08000356   0x00000004   Code   RO         3131    .ARM.Collect$$libinit$$00000033  c_w.l(libinit2.o)
    0x0800035a   0x0800035a   0x00000000   Code   RO         3132    .ARM.Collect$$libinit$$00000034  c_w.l(libinit2.o)
    0x0800035a   0x0800035a   0x00000002   Code   RO         3133    .ARM.Collect$$libinit$$00000035  c_w.l(libinit2.o)
    0x0800035c   0x0800035c   0x00000002   Code   RO         3253    .ARM.Collect$$libshutdown$$00000000  c_w.l(libshutdown.o)
    0x0800035e   0x0800035e   0x00000000   Code   RO         3269    .ARM.Collect$$libshutdown$$00000002  c_w.l(libshutdown2.o)
    0x0800035e   0x0800035e   0x00000000   Code   RO         3271    .ARM.Collect$$libshutdown$$00000004  c_w.l(libshutdown2.o)
    0x0800035e   0x0800035e   0x00000000   Code   RO         3274    .ARM.Collect$$libshutdown$$00000007  c_w.l(libshutdown2.o)
    0x0800035e   0x0800035e   0x00000000   Code   RO         3277    .ARM.Collect$$libshutdown$$0000000A  c_w.l(libshutdown2.o)
    0x0800035e   0x0800035e   0x00000000   Code   RO         3279    .ARM.Collect$$libshutdown$$0000000C  c_w.l(libshutdown2.o)
    0x0800035e   0x0800035e   0x00000000   Code   RO         3282    .ARM.Collect$$libshutdown$$0000000F  c_w.l(libshutdown2.o)
    0x0800035e   0x0800035e   0x00000002   Code   RO         3283    .ARM.Collect$$libshutdown$$00000010  c_w.l(libshutdown2.o)
    0x08000360   0x08000360   0x00000000   Code   RO         3069    .ARM.Collect$$rtentry$$00000000  c_w.l(__rtentry.o)
    0x08000360   0x08000360   0x00000000   Code   RO         3167    .ARM.Collect$$rtentry$$00000002  c_w.l(__rtentry2.o)
    0x08000360   0x08000360   0x00000006   Code   RO         3179    .ARM.Collect$$rtentry$$00000004  c_w.l(__rtentry4.o)
    0x08000366   0x08000366   0x00000000   Code   RO         3169    .ARM.Collect$$rtentry$$00000009  c_w.l(__rtentry2.o)
    0x08000366   0x08000366   0x00000004   Code   RO         3170    .ARM.Collect$$rtentry$$0000000A  c_w.l(__rtentry2.o)
    0x0800036a   0x0800036a   0x00000000   Code   RO         3172    .ARM.Collect$$rtentry$$0000000C  c_w.l(__rtentry2.o)
    0x0800036a   0x0800036a   0x00000008   Code   RO         3173    .ARM.Collect$$rtentry$$0000000D  c_w.l(__rtentry2.o)
    0x08000372   0x08000372   0x00000002   Code   RO         3221    .ARM.Collect$$rtexit$$00000000  c_w.l(rtexit.o)
    0x08000374   0x08000374   0x00000000   Code   RO         3237    .ARM.Collect$$rtexit$$00000002  c_w.l(rtexit2.o)
    0x08000374   0x08000374   0x00000004   Code   RO         3238    .ARM.Collect$$rtexit$$00000003  c_w.l(rtexit2.o)
    0x08000378   0x08000378   0x00000006   Code   RO         3239    .ARM.Collect$$rtexit$$00000004  c_w.l(rtexit2.o)
    0x0800037e   0x0800037e   0x00000002   PAD
    0x08000380   0x08000380   0x00000040   Code   RO            4    .text               startup_stm32h723xx.o
    0x080003c0   0x080003c0   0x00000002   Code   RO         2976    .text               c_w.l(use_no_semi_2.o)
    0x080003c2   0x080003c2   0x000000f0   Code   RO         2978    .text               c_w.l(lludivv7m.o)
    0x080004b2   0x080004b2   0x00000052   Code   RO         2986    .text               c_w.l(_printf_str.o)
    0x08000504   0x08000504   0x00000078   Code   RO         2988    .text               c_w.l(_printf_dec.o)
    0x0800057c   0x0800057c   0x0000008a   Code   RO         3017    .text               c_w.l(rt_memcpy_v6.o)
    0x08000606   0x08000606   0x00000010   Code   RO         3021    .text               c_w.l(aeabi_memset4.o)
    0x08000616   0x08000616   0x00000044   Code   RO         3023    .text               c_w.l(rt_memclr.o)
    0x0800065a   0x0800065a   0x0000004e   Code   RO         3025    .text               c_w.l(rt_memclr_w.o)
    0x080006a8   0x080006a8   0x00000006   Code   RO         3027    .text               c_w.l(heapauxi.o)
    0x080006ae   0x080006ae   0x00000002   PAD
    0x080006b0   0x080006b0   0x00000024   Code   RO         3034    .text               c_w.l(init_aeabi.o)
    0x080006d4   0x080006d4   0x00000002   Code   RO         3067    .text               c_w.l(use_no_semi.o)
    0x080006d6   0x080006d6   0x00000016   Code   RO         3074    .text               c_w.l(_rserrno.o)
    0x080006ec   0x080006ec   0x000000b2   Code   RO         3076    .text               c_w.l(_printf_intcommon.o)
    0x0800079e   0x0800079e   0x0000002c   Code   RO         3082    .text               c_w.l(_printf_char.o)
    0x080007ca   0x080007ca   0x00000064   Code   RO         3085    .text               c_w.l(rt_memcpy_w.o)
    0x0800082e   0x0800082e   0x00000002   PAD
    0x08000830   0x08000830   0x00000008   Code   RO         3186    .text               c_w.l(rt_errno_addr_intlibspace.o)
    0x08000838   0x08000838   0x00000008   Code   RO         3196    .text               c_w.l(libspace.o)
    0x08000840   0x08000840   0x0000004a   Code   RO         3199    .text               c_w.l(sys_stackheap_outer.o)
    0x0800088a   0x0800088a   0x00000012   Code   RO         3201    .text               c_w.l(exit.o)
    0x0800089c   0x0800089c   0x00000004   PAD
    0x080008a0   0x080008a0   0x00000100   Code   RO          258    .text.ADC_ConfigureBoostMode  stm32h7xx_hal_adc.o
    0x080009a0   0x080009a0   0x0000005e   Code   RO          284    .text.ADC_DMAConvCplt  stm32h7xx_hal_adc.o
    0x080009fe   0x080009fe   0x00000002   PAD
    0x08000a00   0x08000a00   0x00000016   Code   RO          288    .text.ADC_DMAError  stm32h7xx_hal_adc.o
    0x08000a16   0x08000a16   0x00000002   PAD
    0x08000a18   0x08000a18   0x00000006   Code   RO          286    .text.ADC_DMAHalfConvCplt  stm32h7xx_hal_adc.o
    0x08000a1e   0x08000a1e   0x00000002   PAD
    0x08000a20   0x08000a20   0x00000078   Code   RO          264    .text.ADC_Disable   stm32h7xx_hal_adc.o
    0x08000a98   0x08000a98   0x000000ae   Code   RO          270    .text.ADC_Enable    stm32h7xx_hal_adc.o
    0x08000b46   0x08000b46   0x00000002   PAD
    0x08000b48   0x08000b48   0x00000010   Code   RO         2312    .text.BMI088_ACCEL_NS_H  bmi088middleware.o
    0x08000b58   0x08000b58   0x00000010   Code   RO         2310    .text.BMI088_ACCEL_NS_L  bmi088middleware.o
    0x08000b68   0x08000b68   0x00000002   Code   RO         2302    .text.BMI088_GPIO_init  bmi088middleware.o
    0x08000b6a   0x08000b6a   0x00000006   PAD
    0x08000b70   0x08000b70   0x00000010   Code   RO         2316    .text.BMI088_GYRO_NS_H  bmi088middleware.o
    0x08000b80   0x08000b80   0x00000010   Code   RO         2314    .text.BMI088_GYRO_NS_L  bmi088middleware.o
    0x08000b90   0x08000b90   0x00000002   Code   RO         2304    .text.BMI088_com_init  bmi088middleware.o
    0x08000b92   0x08000b92   0x00000006   PAD
    0x08000b98   0x08000b98   0x0000005a   Code   RO         2306    .text.BMI088_delay_ms  bmi088middleware.o
    0x08000bf2   0x08000bf2   0x00000006   PAD
    0x08000bf8   0x08000bf8   0x0000004a   Code   RO         2308    .text.BMI088_delay_us  bmi088middleware.o
    0x08000c42   0x08000c42   0x00000006   PAD
    0x08000c48   0x08000c48   0x00000018   Code   RO         2283    .text.BMI088_init   bmi088driver.o
    0x08000c60   0x08000c60   0x0000019a   Code   RO         2289    .text.BMI088_read   bmi088driver.o
    0x08000dfa   0x08000dfa   0x00000006   PAD
    0x08000e00   0x08000e00   0x0000002e   Code   RO         2318    .text.BMI088_read_write_byte  bmi088middleware.o
    0x08000e2e   0x08000e2e   0x00000002   PAD
    0x08000e30   0x08000e30   0x00000002   Code   RO          189    .text.BusFault_Handler  stm32h7xx_it.o
    0x08000e32   0x08000e32   0x00000006   PAD
    0x08000e38   0x08000e38   0x0000000c   Code   RO          195    .text.DMA1_Stream0_IRQHandler  stm32h7xx_it.o
    0x08000e44   0x08000e44   0x00000004   PAD
    0x08000e48   0x08000e48   0x0000000c   Code   RO          197    .text.DMA1_Stream1_IRQHandler  stm32h7xx_it.o
    0x08000e54   0x08000e54   0x00000004   PAD
    0x08000e58   0x08000e58   0x0000000c   Code   RO          199    .text.DMA1_Stream2_IRQHandler  stm32h7xx_it.o
    0x08000e64   0x08000e64   0x00000004   PAD
    0x08000e68   0x08000e68   0x0000000c   Code   RO          201    .text.DMA1_Stream3_IRQHandler  stm32h7xx_it.o
    0x08000e74   0x08000e74   0x00000004   PAD
    0x08000e78   0x08000e78   0x00000128   Code   RO          605    .text.DMA_CalcBaseAndBitshift  stm32h7xx_hal_dma.o
    0x08000fa0   0x08000fa0   0x00000312   Code   RO          611    .text.DMA_SetConfig  stm32h7xx_hal_dma.o
    0x080012b2   0x080012b2   0x00000006   PAD
    0x080012b8   0x080012b8   0x00000002   Code   RO          193    .text.DebugMon_Handler  stm32h7xx_it.o
    0x080012ba   0x080012ba   0x00000006   PAD
    0x080012c0   0x080012c0   0x00000026   Code   RO         2064    .text.Debug_Task    task_manager.o
    0x080012e6   0x080012e6   0x00000002   PAD
    0x080012e8   0x080012e8   0x00000016   Code   RO          215    .text.EXTI15_10_IRQHandler  stm32h7xx_it.o
    0x080012fe   0x080012fe   0x00000002   PAD
    0x08001300   0x08001300   0x0000000a   Code   RO           15    .text.Error_Handler  main.o
    0x0800130a   0x0800130a   0x00000006   PAD
    0x08001310   0x08001310   0x0000000c   Code   RO          203    .text.FDCAN1_IT0_IRQHandler  stm32h7xx_it.o
    0x0800131c   0x0800131c   0x00000004   PAD
    0x08001320   0x08001320   0x0000000c   Code   RO          207    .text.FDCAN1_IT1_IRQHandler  stm32h7xx_it.o
    0x0800132c   0x0800132c   0x00000004   PAD
    0x08001330   0x08001330   0x0000000c   Code   RO          205    .text.FDCAN2_IT0_IRQHandler  stm32h7xx_it.o
    0x0800133c   0x0800133c   0x00000004   PAD
    0x08001340   0x08001340   0x0000000c   Code   RO          209    .text.FDCAN2_IT1_IRQHandler  stm32h7xx_it.o
    0x0800134c   0x0800134c   0x00000004   PAD
    0x08001350   0x08001350   0x0000000c   Code   RO          219    .text.FDCAN3_IT0_IRQHandler  stm32h7xx_it.o
    0x0800135c   0x0800135c   0x00000004   PAD
    0x08001360   0x08001360   0x0000000c   Code   RO          221    .text.FDCAN3_IT1_IRQHandler  stm32h7xx_it.o
    0x0800136c   0x0800136c   0x00000004   PAD
    0x08001370   0x08001370   0x00000008   Code   RO         2203    .text.FusionAhrsGetQuaternion  fusionahrs.o
    0x08001378   0x08001378   0x00000060   Code   RO         2189    .text.FusionAhrsInitialise  fusionahrs.o
    0x080013d8   0x080013d8   0x000004ac   Code   RO         2195    .text.FusionAhrsUpdate  fusionahrs.o
    0x08001884   0x08001884   0x00000004   PAD
    0x08001888   0x08001888   0x000000c0   Code   RO         2199    .text.FusionAhrsUpdateNoMagnetometer  fusionahrs.o
    0x08001948   0x08001948   0x000000c4   Code   RO         2221    .text.FusionCompassCalculateHeading  fusioncompass.o
    0x08001a0c   0x08001a0c   0x00000004   PAD
    0x08001a10   0x08001a10   0x000000d8   Code   RO          320    .text.HAL_ADCEx_Calibration_Start  stm32h7xx_hal_adc_ex.o
    0x08001ae8   0x08001ae8   0x000000b8   Code   RO          370    .text.HAL_ADCEx_MultiModeConfigChannel  stm32h7xx_hal_adc_ex.o
    0x08001ba0   0x08001ba0   0x00000548   Code   RO          304    .text.HAL_ADC_ConfigChannel  stm32h7xx_hal_adc.o
    0x080020e8   0x080020e8   0x00000002   Code   RO          296    .text.HAL_ADC_ConvCpltCallback  stm32h7xx_hal_adc.o
    0x080020ea   0x080020ea   0x00000006   PAD
    0x080020f0   0x080020f0   0x00000002   Code   RO          302    .text.HAL_ADC_ConvHalfCpltCallback  stm32h7xx_hal_adc.o
    0x080020f2   0x080020f2   0x00000006   PAD
    0x080020f8   0x080020f8   0x00000002   Code   RO          300    .text.HAL_ADC_ErrorCallback  stm32h7xx_hal_adc.o
    0x080020fa   0x080020fa   0x00000006   PAD
    0x08002100   0x08002100   0x00000310   Code   RO          254    .text.HAL_ADC_Init  stm32h7xx_hal_adc.o
    0x08002410   0x08002410   0x0000011e   Code   RO           77    .text.HAL_ADC_MspInit  adc.o
    0x0800252e   0x0800252e   0x00000002   PAD
    0x08002530   0x08002530   0x0000013c   Code   RO          282    .text.HAL_ADC_Start_DMA  stm32h7xx_hal_adc.o
    0x0800266c   0x0800266c   0x00000004   PAD
    0x08002670   0x08002670   0x0000052e   Code   RO          615    .text.HAL_DMA_Abort  stm32h7xx_hal_dma.o
    0x08002b9e   0x08002b9e   0x00000002   PAD
    0x08002ba0   0x08002ba0   0x000002ba   Code   RO          617    .text.HAL_DMA_Abort_IT  stm32h7xx_hal_dma.o
    0x08002e5a   0x08002e5a   0x00000006   PAD
    0x08002e60   0x08002e60   0x00000830   Code   RO          621    .text.HAL_DMA_IRQHandler  stm32h7xx_hal_dma.o
    0x08003690   0x08003690   0x0000065c   Code   RO          603    .text.HAL_DMA_Init  stm32h7xx_hal_dma.o
    0x08003cec   0x08003cec   0x00000004   PAD
    0x08003cf0   0x08003cf0   0x000003a2   Code   RO          613    .text.HAL_DMA_Start_IT  stm32h7xx_hal_dma.o
    0x08004092   0x08004092   0x00000006   PAD
    0x08004098   0x08004098   0x0000008c   Code   RO         1355    .text.HAL_FDCAN_ActivateNotification  stm32h7xx_hal_fdcan.o
    0x08004124   0x08004124   0x00000004   PAD
    0x08004128   0x08004128   0x000000ee   Code   RO         1277    .text.HAL_FDCAN_AddMessageToTxFifoQ  stm32h7xx_hal_fdcan.o
    0x08004216   0x08004216   0x00000002   PAD
    0x08004218   0x08004218   0x00000002   Code   RO         1369    .text.HAL_FDCAN_ClockCalibrationCallback  stm32h7xx_hal_fdcan.o
    0x0800421a   0x0800421a   0x00000006   PAD
    0x08004220   0x08004220   0x00000062   Code   RO         1237    .text.HAL_FDCAN_ConfigFifoWatermark  stm32h7xx_hal_fdcan.o
    0x08004282   0x08004282   0x00000006   PAD
    0x08004288   0x08004288   0x0000008c   Code   RO         1229    .text.HAL_FDCAN_ConfigFilter  stm32h7xx_hal_fdcan.o
    0x08004314   0x08004314   0x00000004   PAD
    0x08004318   0x08004318   0x00000038   Code   RO         1231    .text.HAL_FDCAN_ConfigGlobalFilter  stm32h7xx_hal_fdcan.o
    0x08004350   0x08004350   0x00000002   Code   RO         1397    .text.HAL_FDCAN_ErrorCallback  stm32h7xx_hal_fdcan.o
    0x08004352   0x08004352   0x00000006   PAD
    0x08004358   0x08004358   0x00000002   Code   RO         1387    .text.HAL_FDCAN_ErrorStatusCallback  stm32h7xx_hal_fdcan.o
    0x0800435a   0x0800435a   0x00000006   PAD
    0x08004360   0x08004360   0x000001e6   Code   RO         1287    .text.HAL_FDCAN_GetRxMessage  stm32h7xx_hal_fdcan.o
    0x08004546   0x08004546   0x00000002   PAD
    0x08004548   0x08004548   0x00000002   Code   RO         1365    .text.HAL_FDCAN_HighPriorityMessageCallback  stm32h7xx_hal_fdcan.o
    0x0800454a   0x0800454a   0x00000006   PAD
    0x08004550   0x08004550   0x00000316   Code   RO         1363    .text.HAL_FDCAN_IRQHandler  stm32h7xx_hal_fdcan.o
    0x08004866   0x08004866   0x00000002   PAD
    0x08004868   0x08004868   0x00000400   Code   RO         1207    .text.HAL_FDCAN_Init  stm32h7xx_hal_fdcan.o
    0x08004c68   0x08004c68   0x000001c4   Code   RO          106    .text.HAL_FDCAN_MspInit  fdcan.o
    0x08004e2c   0x08004e2c   0x00000004   PAD
    0x08004e30   0x08004e30   0x00000002   Code   RO         1381    .text.HAL_FDCAN_RxBufferNewMessageCallback  stm32h7xx_hal_fdcan.o
    0x08004e32   0x08004e32   0x00000006   PAD
    0x08004e38   0x08004e38   0x00000038   Code   RO         2376    .text.HAL_FDCAN_RxFifo0Callback  can_bsp.o
    0x08004e70   0x08004e70   0x00000002   Code   RO         1375    .text.HAL_FDCAN_RxFifo1Callback  stm32h7xx_hal_fdcan.o
    0x08004e72   0x08004e72   0x00000006   PAD
    0x08004e78   0x08004e78   0x00000034   Code   RO         1275    .text.HAL_FDCAN_Start  stm32h7xx_hal_fdcan.o
    0x08004eac   0x08004eac   0x00000004   PAD
    0x08004eb0   0x08004eb0   0x00000002   Code   RO         1395    .text.HAL_FDCAN_TT_GlobalTimeCallback  stm32h7xx_hal_fdcan.o
    0x08004eb2   0x08004eb2   0x00000006   PAD
    0x08004eb8   0x08004eb8   0x00000002   Code   RO         1389    .text.HAL_FDCAN_TT_ScheduleSyncCallback  stm32h7xx_hal_fdcan.o
    0x08004eba   0x08004eba   0x00000006   PAD
    0x08004ec0   0x08004ec0   0x00000002   Code   RO         1393    .text.HAL_FDCAN_TT_StopWatchCallback  stm32h7xx_hal_fdcan.o
    0x08004ec2   0x08004ec2   0x00000006   PAD
    0x08004ec8   0x08004ec8   0x00000002   Code   RO         1391    .text.HAL_FDCAN_TT_TimeMarkCallback  stm32h7xx_hal_fdcan.o
    0x08004eca   0x08004eca   0x00000006   PAD
    0x08004ed0   0x08004ed0   0x00000002   Code   RO         1385    .text.HAL_FDCAN_TimeoutOccurredCallback  stm32h7xx_hal_fdcan.o
    0x08004ed2   0x08004ed2   0x00000006   PAD
    0x08004ed8   0x08004ed8   0x00000002   Code   RO         1383    .text.HAL_FDCAN_TimestampWraparoundCallback  stm32h7xx_hal_fdcan.o
    0x08004eda   0x08004eda   0x00000006   PAD
    0x08004ee0   0x08004ee0   0x00000002   Code   RO         1367    .text.HAL_FDCAN_TxBufferAbortCallback  stm32h7xx_hal_fdcan.o
    0x08004ee2   0x08004ee2   0x00000006   PAD
    0x08004ee8   0x08004ee8   0x00000002   Code   RO         1379    .text.HAL_FDCAN_TxBufferCompleteCallback  stm32h7xx_hal_fdcan.o
    0x08004eea   0x08004eea   0x00000006   PAD
    0x08004ef0   0x08004ef0   0x00000002   Code   RO         1371    .text.HAL_FDCAN_TxEventFifoCallback  stm32h7xx_hal_fdcan.o
    0x08004ef2   0x08004ef2   0x00000006   PAD
    0x08004ef8   0x08004ef8   0x00000002   Code   RO         1377    .text.HAL_FDCAN_TxFifoEmptyCallback  stm32h7xx_hal_fdcan.o
    0x08004efa   0x08004efa   0x00000006   PAD
    0x08004f00   0x08004f00   0x00000016   Code   RO         2076    .text.HAL_GPIO_EXTI_Callback  task_manager.o
    0x08004f16   0x08004f16   0x00000002   PAD
    0x08004f18   0x08004f18   0x00000014   Code   RO          561    .text.HAL_GPIO_EXTI_IRQHandler  stm32h7xx_hal_gpio.o
    0x08004f2c   0x08004f2c   0x00000004   PAD
    0x08004f30   0x08004f30   0x000001aa   Code   RO          549    .text.HAL_GPIO_Init  stm32h7xx_hal_gpio.o
    0x080050da   0x080050da   0x00000006   PAD
    0x080050e0   0x080050e0   0x0000000a   Code   RO          555    .text.HAL_GPIO_WritePin  stm32h7xx_hal_gpio.o
    0x080050ea   0x080050ea   0x00000006   PAD
    0x080050f0   0x080050f0   0x0000000c   Code   RO          901    .text.HAL_GetTick   stm32h7xx_hal.o
    0x080050fc   0x080050fc   0x00000004   PAD
    0x08005100   0x08005100   0x0000001a   Code   RO          899    .text.HAL_IncTick   stm32h7xx_hal.o
    0x0800511a   0x0800511a   0x00000006   PAD
    0x08005120   0x08005120   0x00000064   Code   RO          889    .text.HAL_Init      stm32h7xx_hal.o
    0x08005184   0x08005184   0x00000004   PAD
    0x08005188   0x08005188   0x0000009c   Code   RO          239    .text.HAL_InitTick  stm32h7xx_hal_timebase_tim.o
    0x08005224   0x08005224   0x00000004   PAD
    0x08005228   0x08005228   0x0000002a   Code   RO          230    .text.HAL_MspInit   stm32h7xx_hal_msp.o
    0x08005252   0x08005252   0x00000006   PAD
    0x08005258   0x08005258   0x00000022   Code   RO          841    .text.HAL_NVIC_EnableIRQ  stm32h7xx_hal_cortex.o
    0x0800527a   0x0800527a   0x00000006   PAD
    0x08005280   0x08005280   0x0000005a   Code   RO          839    .text.HAL_NVIC_SetPriority  stm32h7xx_hal_cortex.o
    0x080052da   0x080052da   0x00000006   PAD
    0x080052e0   0x080052e0   0x00000020   Code   RO          837    .text.HAL_NVIC_SetPriorityGrouping  stm32h7xx_hal_cortex.o
    0x08005300   0x08005300   0x0000004c   Code   RO          753    .text.HAL_PWREx_ConfigSupply  stm32h7xx_hal_pwr_ex.o
    0x0800534c   0x0800534c   0x00000004   PAD
    0x08005350   0x08005350   0x00000026   Code   RO          440    .text.HAL_RCCEx_GetD3PCLK1Freq  stm32h7xx_hal_rcc_ex.o
    0x08005376   0x08005376   0x00000002   PAD
    0x08005378   0x08005378   0x00000134   Code   RO          434    .text.HAL_RCCEx_GetPLL1ClockFreq  stm32h7xx_hal_rcc_ex.o
    0x080054ac   0x080054ac   0x00000004   PAD
    0x080054b0   0x080054b0   0x0000012c   Code   RO          436    .text.HAL_RCCEx_GetPLL2ClockFreq  stm32h7xx_hal_rcc_ex.o
    0x080055dc   0x080055dc   0x00000004   PAD
    0x080055e0   0x080055e0   0x0000012c   Code   RO          438    .text.HAL_RCCEx_GetPLL3ClockFreq  stm32h7xx_hal_rcc_ex.o
    0x0800570c   0x0800570c   0x00000004   PAD
    0x08005710   0x08005710   0x00000402   Code   RO          432    .text.HAL_RCCEx_GetPeriphCLKFreq  stm32h7xx_hal_rcc_ex.o
    0x08005b12   0x08005b12   0x00000006   PAD
    0x08005b18   0x08005b18   0x00000aa8   Code   RO          424    .text.HAL_RCCEx_PeriphCLKConfig  stm32h7xx_hal_rcc_ex.o
    0x080065c0   0x080065c0   0x00000268   Code   RO          392    .text.HAL_RCC_ClockConfig  stm32h7xx_hal_rcc.o
    0x08006828   0x08006828   0x00000058   Code   RO          410    .text.HAL_RCC_GetClockConfig  stm32h7xx_hal_rcc.o
    0x08006880   0x08006880   0x0000004c   Code   RO          402    .text.HAL_RCC_GetHCLKFreq  stm32h7xx_hal_rcc.o
    0x080068cc   0x080068cc   0x00000004   PAD
    0x080068d0   0x080068d0   0x00000060   Code   RO          404    .text.HAL_RCC_GetPCLK1Freq  stm32h7xx_hal_rcc.o
    0x08006930   0x08006930   0x00000060   Code   RO          406    .text.HAL_RCC_GetPCLK2Freq  stm32h7xx_hal_rcc.o
    0x08006990   0x08006990   0x00000118   Code   RO          394    .text.HAL_RCC_GetSysClockFreq  stm32h7xx_hal_rcc.o
    0x08006aa8   0x08006aa8   0x00000518   Code   RO          390    .text.HAL_RCC_OscConfig  stm32h7xx_hal_rcc.o
    0x08006fc0   0x08006fc0   0x00000002   Code   RO         1487    .text.HAL_SPI_ErrorCallback  stm32h7xx_hal_spi.o
    0x08006fc2   0x08006fc2   0x00000006   PAD
    0x08006fc8   0x08006fc8   0x0000024a   Code   RO         1483    .text.HAL_SPI_IRQHandler  stm32h7xx_hal_spi.o
    0x08007212   0x08007212   0x00000006   PAD
    0x08007218   0x08007218   0x000001be   Code   RO         1413    .text.HAL_SPI_Init  stm32h7xx_hal_spi.o
    0x080073d6   0x080073d6   0x00000002   PAD
    0x080073d8   0x080073d8   0x00000154   Code   RO          125    .text.HAL_SPI_MspInit  spi.o
    0x0800752c   0x0800752c   0x00000004   PAD
    0x08007530   0x08007530   0x00000002   Code   RO         1491    .text.HAL_SPI_RxCpltCallback  stm32h7xx_hal_spi.o
    0x08007532   0x08007532   0x00000006   PAD
    0x08007538   0x08007538   0x00000002   Code   RO         1485    .text.HAL_SPI_SuspendCallback  stm32h7xx_hal_spi.o
    0x0800753a   0x0800753a   0x00000006   PAD
    0x08007540   0x08007540   0x000003fa   Code   RO         1427    .text.HAL_SPI_TransmitReceive  stm32h7xx_hal_spi.o
    0x0800793a   0x0800793a   0x00000006   PAD
    0x08007940   0x08007940   0x00000002   Code   RO         1493    .text.HAL_SPI_TxCpltCallback  stm32h7xx_hal_spi.o
    0x08007942   0x08007942   0x00000006   PAD
    0x08007948   0x08007948   0x00000002   Code   RO         1489    .text.HAL_SPI_TxRxCpltCallback  stm32h7xx_hal_spi.o
    0x0800794a   0x0800794a   0x00000006   PAD
    0x08007950   0x08007950   0x00000018   Code   RO          873    .text.HAL_SYSTICK_CLKSourceConfig  stm32h7xx_hal_cortex.o
    0x08007968   0x08007968   0x00000002   Code   RO         1846    .text.HAL_TIMEx_Break2Callback  stm32h7xx_hal_tim_ex.o
    0x0800796a   0x0800796a   0x00000006   PAD
    0x08007970   0x08007970   0x00000002   Code   RO         1844    .text.HAL_TIMEx_BreakCallback  stm32h7xx_hal_tim_ex.o
    0x08007972   0x08007972   0x00000006   PAD
    0x08007978   0x08007978   0x00000002   Code   RO         1840    .text.HAL_TIMEx_CommutCallback  stm32h7xx_hal_tim_ex.o
    0x0800797a   0x0800797a   0x00000006   PAD
    0x08007980   0x08007980   0x000000da   Code   RO         1824    .text.HAL_TIMEx_MasterConfigSynchronization  stm32h7xx_hal_tim_ex.o
    0x08007a5a   0x08007a5a   0x00000006   PAD
    0x08007a60   0x08007a60   0x00000060   Code   RO         1529    .text.HAL_TIM_Base_Init  stm32h7xx_hal_tim.o
    0x08007ac0   0x08007ac0   0x00000032   Code   RO          146    .text.HAL_TIM_Base_MspInit  tim.o
    0x08007af2   0x08007af2   0x00000006   PAD
    0x08007af8   0x08007af8   0x000000dc   Code   RO         1543    .text.HAL_TIM_Base_Start_IT  stm32h7xx_hal_tim.o
    0x08007bd4   0x08007bd4   0x00000004   PAD
    0x08007bd8   0x08007bd8   0x000001fc   Code   RO         1709    .text.HAL_TIM_ConfigClockSource  stm32h7xx_hal_tim.o
    0x08007dd4   0x08007dd4   0x00000004   PAD
    0x08007dd8   0x08007dd8   0x00000002   Code   RO         1665    .text.HAL_TIM_IC_CaptureCallback  stm32h7xx_hal_tim.o
    0x08007dda   0x08007dda   0x00000006   PAD
    0x08007de0   0x08007de0   0x0000016c   Code   RO         1663    .text.HAL_TIM_IRQHandler  stm32h7xx_hal_tim.o
    0x08007f4c   0x08007f4c   0x00000004   PAD
    0x08007f50   0x08007f50   0x00000002   Code   RO         1667    .text.HAL_TIM_OC_DelayElapsedCallback  stm32h7xx_hal_tim.o
    0x08007f52   0x08007f52   0x00000006   PAD
    0x08007f58   0x08007f58   0x000004be   Code   RO         1683    .text.HAL_TIM_PWM_ConfigChannel  stm32h7xx_hal_tim.o
    0x08008416   0x08008416   0x00000002   PAD
    0x08008418   0x08008418   0x00000060   Code   RO         1583    .text.HAL_TIM_PWM_Init  stm32h7xx_hal_tim.o
    0x08008478   0x08008478   0x00000032   Code   RO          148    .text.HAL_TIM_PWM_MspInit  tim.o
    0x080084aa   0x080084aa   0x00000006   PAD
    0x080084b0   0x080084b0   0x00000002   Code   RO         1669    .text.HAL_TIM_PWM_PulseFinishedCallback  stm32h7xx_hal_tim.o
    0x080084b2   0x080084b2   0x00000006   PAD
    0x080084b8   0x080084b8   0x0000019c   Code   RO         1591    .text.HAL_TIM_PWM_Start  stm32h7xx_hal_tim.o
    0x08008654   0x08008654   0x00000004   PAD
    0x08008658   0x08008658   0x00000012   Code   RO           17    .text.HAL_TIM_PeriodElapsedCallback  main.o
    0x0800866a   0x0800866a   0x00000006   PAD
    0x08008670   0x08008670   0x00000002   Code   RO         1673    .text.HAL_TIM_TriggerCallback  stm32h7xx_hal_tim.o
    0x08008672   0x08008672   0x00000006   PAD
    0x08008678   0x08008678   0x00000036   Code   RO         2023    .text.HAL_UARTEx_DisableFifoMode  stm32h7xx_hal_uart_ex.o
    0x080086ae   0x080086ae   0x00000002   PAD
    0x080086b0   0x080086b0   0x00000098   Code   RO         2033    .text.HAL_UARTEx_ReceiveToIdle_DMA  stm32h7xx_hal_uart_ex.o
    0x08008748   0x08008748   0x00000124   Code   RO         2078    .text.HAL_UARTEx_RxEventCallback  task_manager.o
    0x0800886c   0x0800886c   0x00000004   PAD
    0x08008870   0x08008870   0x00000002   Code   RO         2009    .text.HAL_UARTEx_RxFifoFullCallback  stm32h7xx_hal_uart_ex.o
    0x08008872   0x08008872   0x00000006   PAD
    0x08008878   0x08008878   0x00000090   Code   RO         2027    .text.HAL_UARTEx_SetRxFifoThreshold  stm32h7xx_hal_uart_ex.o
    0x08008908   0x08008908   0x00000090   Code   RO         2025    .text.HAL_UARTEx_SetTxFifoThreshold  stm32h7xx_hal_uart_ex.o
    0x08008998   0x08008998   0x00000002   Code   RO         2011    .text.HAL_UARTEx_TxFifoEmptyCallback  stm32h7xx_hal_uart_ex.o
    0x0800899a   0x0800899a   0x00000006   PAD
    0x080089a0   0x080089a0   0x00000002   Code   RO         2007    .text.HAL_UARTEx_WakeupCallback  stm32h7xx_hal_uart_ex.o
    0x080089a2   0x080089a2   0x00000006   PAD
    0x080089a8   0x080089a8   0x00000002   Code   RO         1948    .text.HAL_UART_ErrorCallback  stm32h7xx_hal_uart.o
    0x080089aa   0x080089aa   0x00000006   PAD
    0x080089b0   0x080089b0   0x00000758   Code   RO         1944    .text.HAL_UART_IRQHandler  stm32h7xx_hal_uart.o
    0x08009108   0x08009108   0x00000068   Code   RO         1860    .text.HAL_UART_Init  stm32h7xx_hal_uart.o
    0x08009170   0x08009170   0x00000188   Code   RO          168    .text.HAL_UART_MspInit  usart.o
    0x080092f8   0x080092f8   0x00000002   Code   RO         1956    .text.HAL_UART_RxCpltCallback  stm32h7xx_hal_uart.o
    0x080092fa   0x080092fa   0x00000006   PAD
    0x08009300   0x08009300   0x00000002   Code   RO         1958    .text.HAL_UART_RxHalfCpltCallback  stm32h7xx_hal_uart.o
    0x08009302   0x08009302   0x00000006   PAD
    0x08009308   0x08009308   0x00000002   Code   RO         1952    .text.HAL_UART_TxCpltCallback  stm32h7xx_hal_uart.o
    0x0800930a   0x0800930a   0x00000006   PAD
    0x08009310   0x08009310   0x00000002   Code   RO          185    .text.HardFault_Handler  stm32h7xx_it.o
    0x08009312   0x08009312   0x00000006   PAD
    0x08009318   0x08009318   0x00000076   Code   RO         2066    .text.IMU_Task      task_manager.o
    0x0800938e   0x0800938e   0x00000002   PAD
    0x08009390   0x08009390   0x000000ce   Code   RO           75    .text.MX_ADC1_Init  adc.o
    0x0800945e   0x0800945e   0x00000002   PAD
    0x08009460   0x08009460   0x00000064   Code   RO           91    .text.MX_DMA_Init   dma.o
    0x080094c4   0x080094c4   0x00000004   PAD
    0x080094c8   0x080094c8   0x00000066   Code   RO          100    .text.MX_FDCAN1_Init  fdcan.o
    0x0800952e   0x0800952e   0x00000002   PAD
    0x08009530   0x08009530   0x0000006a   Code   RO          102    .text.MX_FDCAN2_Init  fdcan.o
    0x0800959a   0x0800959a   0x00000006   PAD
    0x080095a0   0x080095a0   0x0000006a   Code   RO          104    .text.MX_FDCAN3_Init  fdcan.o
    0x0800960a   0x0800960a   0x00000006   PAD
    0x08009610   0x08009610   0x000000cc   Code   RO           41    .text.MX_FREERTOS_Init  freertos.o
    0x080096dc   0x080096dc   0x00000004   PAD
    0x080096e0   0x080096e0   0x0000011c   Code   RO           28    .text.MX_GPIO_Init  gpio.o
    0x080097fc   0x080097fc   0x00000004   PAD
    0x08009800   0x08009800   0x00000062   Code   RO          123    .text.MX_SPI2_Init  spi.o
    0x08009862   0x08009862   0x00000006   PAD
    0x08009868   0x08009868   0x000000ea   Code   RO          144    .text.MX_TIM12_Init  tim.o
    0x08009952   0x08009952   0x00000006   PAD
    0x08009958   0x08009958   0x00000126   Code   RO          140    .text.MX_TIM3_Init  tim.o
    0x08009a7e   0x08009a7e   0x00000002   PAD
    0x08009a80   0x08009a80   0x0000008c   Code   RO          164    .text.MX_UART5_Init  usart.o
    0x08009b0c   0x08009b0c   0x00000004   PAD
    0x08009b10   0x08009b10   0x0000007c   Code   RO          166    .text.MX_UART7_Init  usart.o
    0x08009b8c   0x08009b8c   0x00000004   PAD
    0x08009b90   0x08009b90   0x00000002   Code   RO          187    .text.MemManage_Handler  stm32h7xx_it.o
    0x08009b92   0x08009b92   0x00000006   PAD
    0x08009b98   0x08009b98   0x00000090   Code   RO         2062    .text.Motor_Ctrl_Task  task_manager.o
    0x08009c28   0x08009c28   0x00000002   Code   RO          183    .text.NMI_Handler   stm32h7xx_it.o
    0x08009c2a   0x08009c2a   0x00000006   PAD
    0x08009c30   0x08009c30   0x0000000c   Code   RO           53    .text.Orin_Task     freertos.o
    0x08009c3c   0x08009c3c   0x00000004   PAD
    0x08009c40   0x08009c40   0x00000064   Code   RO         2421    .text.PendSV_Handler  port.o
    0x08009ca4   0x08009ca4   0x00000004   PAD
    0x08009ca8   0x08009ca8   0x00000122   Code   RO          426    .text.RCCEx_PLL2_Config  stm32h7xx_hal_rcc_ex.o
    0x08009dca   0x08009dca   0x00000006   PAD
    0x08009dd0   0x08009dd0   0x00000122   Code   RO          428    .text.RCCEx_PLL3_Config  stm32h7xx_hal_rcc_ex.o
    0x08009ef2   0x08009ef2   0x00000006   PAD
    0x08009ef8   0x08009ef8   0x00000088   Code   RO         2060    .text.Robot_Task    task_manager.o
    0x08009f80   0x08009f80   0x0000000c   Code   RO          213    .text.SPI2_IRQHandler  stm32h7xx_it.o
    0x08009f8c   0x08009f8c   0x00000004   PAD
    0x08009f90   0x08009f90   0x000000d0   Code   RO         1423    .text.SPI_CloseTransfer  stm32h7xx_hal_spi.o
    0x0800a060   0x0800a060   0x00000016   Code   RO         1495    .text.SPI_DMAAbortOnError  stm32h7xx_hal_spi.o
    0x0800a076   0x0800a076   0x0000000a   PAD
    0x0800a080   0x0800a080   0x00000024   Code   RO         2405    .text.SVC_Handler   port.o
    0x0800a0a4   0x0800a0a4   0x00000004   PAD
    0x0800a0a8   0x0800a0a8   0x0000001e   Code   RO         2790    .text.SysTick_Handler  cmsis_os2.o
    0x0800a0c6   0x0800a0c6   0x00000002   PAD
    0x0800a0c8   0x0800a0c8   0x000000d0   Code   RO           13    .text.SystemClock_Config  main.o
    0x0800a198   0x0800a198   0x000000b0   Code   RO         2046    .text.SystemInit    system_stm32h7xx.o
    0x0800a248   0x0800a248   0x0000007a   Code   RO         2068    .text.System_Monitor_Task  task_manager.o
    0x0800a2c2   0x0800a2c2   0x00000006   PAD
    0x0800a2c8   0x0800a2c8   0x0000000c   Code   RO          211    .text.TIM1_UP_IRQHandler  stm32h7xx_it.o
    0x0800a2d4   0x0800a2d4   0x00000004   PAD
    0x0800a2d8   0x0800a2d8   0x00000180   Code   RO         1533    .text.TIM_Base_SetConfig  stm32h7xx_hal_tim.o
    0x0800a458   0x0800a458   0x0000000c   Code   RO          217    .text.UART5_IRQHandler  stm32h7xx_it.o
    0x0800a464   0x0800a464   0x00000004   PAD
    0x0800a468   0x0800a468   0x000000e0   Code   RO         1864    .text.UART_AdvFeatureConfig  stm32h7xx_hal_uart.o
    0x0800a548   0x0800a548   0x00000176   Code   RO         1868    .text.UART_CheckIdleState  stm32h7xx_hal_uart.o
    0x0800a6be   0x0800a6be   0x00000002   PAD
    0x0800a6c0   0x0800a6c0   0x00000010   Code   RO         1946    .text.UART_DMAAbortOnError  stm32h7xx_hal_uart.o
    0x0800a6d0   0x0800a6d0   0x000001f4   Code   RO         1906    .text.UART_DMAError  stm32h7xx_hal_uart.o
    0x0800a8c4   0x0800a8c4   0x00000004   PAD
    0x0800a8c8   0x0800a8c8   0x00000178   Code   RO         1990    .text.UART_DMAReceiveCplt  stm32h7xx_hal_uart.o
    0x0800aa40   0x0800aa40   0x0000001c   Code   RO         1992    .text.UART_DMARxHalfCplt  stm32h7xx_hal_uart.o
    0x0800aa5c   0x0800aa5c   0x00000004   PAD
    0x0800aa60   0x0800aa60   0x000004d4   Code   RO         1866    .text.UART_SetConfig  stm32h7xx_hal_uart.o
    0x0800af34   0x0800af34   0x00000004   PAD
    0x0800af38   0x0800af38   0x00000158   Code   RO         1910    .text.UART_Start_Receive_DMA  stm32h7xx_hal_uart.o
    0x0800b090   0x0800b090   0x00000358   Code   RO         1882    .text.UART_WaitOnFlagUntilTimeout  stm32h7xx_hal_uart.o
    0x0800b3e8   0x0800b3e8   0x00000002   Code   RO          191    .text.UsageFault_Handler  stm32h7xx_it.o
    0x0800b3ea   0x0800b3ea   0x00000006   PAD
    0x0800b3f0   0x0800b3f0   0x00000036   Code   RO         2080    .text._GLOBAL__sub_I_Task_Manager.cpp  task_manager.o
    0x0800b426   0x0800b426   0x00000002   PAD
    0x0800b428   0x0800b428   0x0000002c   Code   RO         2113    .text._ZN3IMU11heatControlEv  imu.o
    0x0800b454   0x0800b454   0x00000004   PAD
    0x0800b458   0x0800b458   0x000001cc   Code   RO         2117    .text._ZN3IMU11processDataEv  imu.o
    0x0800b624   0x0800b624   0x00000004   PAD
    0x0800b628   0x0800b628   0x000000d4   Code   RO         2115    .text._ZN3IMU9updateRawEPKfS1_f  imu.o
    0x0800b6fc   0x0800b6fc   0x00000004   PAD
    0x0800b700   0x0800b700   0x00000078   Code   RO         2111    .text._ZN3IMUC2Ev   imu.o
    0x0800b778   0x0800b778   0x0000036a   Code   RO         2245    .text._ZN4Orin11receiveDataER5Motor  orin_nx.o
    0x0800bae2   0x0800bae2   0x00000006   PAD
    0x0800bae8   0x0800bae8   0x00000490   Code   RO         2243    .text._ZN4Orin8sendDataERK5MotorRK3IMURK16Direction_VectorS8_  orin_nx.o
    0x0800bf78   0x0800bf78   0x0000005c   Code   RO         2139    .text._ZN5Motor10disableAllEv  motor.o
    0x0800bfd4   0x0800bfd4   0x00000004   PAD
    0x0800bfd8   0x0800bfd8   0x000000a0   Code   RO         2137    .text._ZN5Motor11resetJointsEv  motor.o
    0x0800c078   0x0800c078   0x000001c8   Code   RO         2131    .text._ZN5Motor13returnZeroPosEv  motor.o
    0x0800c240   0x0800c240   0x0000007a   Code   RO         2129    .text._ZN5Motor15setAllJointsPosEP5Robot  motor.o
    0x0800c2ba   0x0800c2ba   0x00000006   PAD
    0x0800c2c0   0x0800c2c0   0x000002d0   Code   RO         2133    .text._ZN5Motor21createVirtualBoundaryEv  motor.o
    0x0800c590   0x0800c590   0x0000005c   Code   RO         2143    .text._ZN5Motor7sendAllEv  motor.o
    0x0800c5ec   0x0800c5ec   0x00000004   PAD
    0x0800c5f0   0x0800c5f0   0x000000ae   Code   RO         2127    .text._ZN5MotorC2Ev  motor.o
    0x0800c69e   0x0800c69e   0x00000002   PAD
    0x0800c6a0   0x0800c6a0   0x00000060   Code   RO         2097    .text._ZN5RobotC2Ev  robot.o
    0x0800c700   0x0800c700   0x0000011a   Code   RO         2261    .text._ZN6Remote13checkWatchdogEP20__UART_HandleTypeDef  et16s_remote.o
    0x0800c81a   0x0800c81a   0x00000006   PAD
    0x0800c820   0x0800c820   0x000001cc   Code   RO         2259    .text._ZN6Remote13processBufferEv  et16s_remote.o
    0x0800c9ec   0x0800c9ec   0x00000004   PAD
    0x0800c9f0   0x0800c9f0   0x0000010c   Code   RO         2257    .text._ZN6Remote4InitEP20__UART_HandleTypeDef  et16s_remote.o
    0x0800cafc   0x0800cafc   0x00000004   PAD
    0x0800cb00   0x0800cb00   0x0000001c   Code   RO         2255    .text._ZN6RemoteC2Ev  et16s_remote.o
    0x0800cb1c   0x0800cb1c   0x00000004   PAD
    0x0800cb20   0x0800cb20   0x00000028   Code   RO         2099    .text._ZNK5Robot14initBatteryADCEv  robot.o
    0x0800cb48   0x0800cb48   0x00000002   Code   RO         2155    .text._sys_exit     debug.o
    0x0800cb4a   0x0800cb4a   0x00000006   PAD
    0x0800cb50   0x0800cb50   0x00000250   Code   RO         2285    .text.bmi088_accel_init  bmi088driver.o
    0x0800cda0   0x0800cda0   0x00000214   Code   RO         2287    .text.bmi088_gyro_init  bmi088driver.o
    0x0800cfb4   0x0800cfb4   0x00000004   PAD
    0x0800cfb8   0x0800cfb8   0x00000052   Code   RO         2368    .text.can_bsp_init  can_bsp.o
    0x0800d00a   0x0800d00a   0x00000006   PAD
    0x0800d010   0x0800d010   0x00000094   Code   RO         2370    .text.can_filter_init  can_bsp.o
    0x0800d0a4   0x0800d0a4   0x00000004   PAD
    0x0800d0a8   0x0800d0a8   0x00000002   Code   RO           37    .text.configureTimerForRunTimeStats  freertos.o
    0x0800d0aa   0x0800d0aa   0x00000006   PAD
    0x0800d0b0   0x0800d0b0   0x00000016   Code   RO         2386    .text.delay_init    delay.o
    0x0800d0c6   0x0800d0c6   0x00000002   PAD
    0x0800d0c8   0x0800d0c8   0x00000052   Code   RO         2388    .text.delay_us      delay.o
    0x0800d11a   0x0800d11a   0x00000006   PAD
    0x0800d120   0x0800d120   0x0000000e   Code   RO         2336    .text.dm4310_clear_para  dm4310driver.o
    0x0800d12e   0x0800d12e   0x00000002   PAD
    0x0800d130   0x0800d130   0x000001c4   Code   RO         2338    .text.dm4310_ctrl_send  dm4310driver.o
    0x0800d2f4   0x0800d2f4   0x00000004   PAD
    0x0800d2f8   0x0800d2f8   0x000000c4   Code   RO         2332    .text.dm4310_disable  dm4310driver.o
    0x0800d3bc   0x0800d3bc   0x00000004   PAD
    0x0800d3c0   0x0800d3c0   0x0000009c   Code   RO         2328    .text.dm4310_enable  dm4310driver.o
    0x0800d45c   0x0800d45c   0x00000004   PAD
    0x0800d460   0x0800d460   0x000000cc   Code   RO         2352    .text.dm4310_fbdata  dm4310driver.o
    0x0800d52c   0x0800d52c   0x00000004   PAD
    0x0800d530   0x0800d530   0x00000082   Code   RO         2070    .text.fdcan1_rx_callback  task_manager.o
    0x0800d5b2   0x0800d5b2   0x00000006   PAD
    0x0800d5b8   0x0800d5b8   0x00000048   Code   RO         2072    .text.fdcan2_rx_callback  task_manager.o
    0x0800d600   0x0800d600   0x00000014   Code   RO         2074    .text.fdcan3_rx_callback  task_manager.o
    0x0800d614   0x0800d614   0x00000004   PAD
    0x0800d618   0x0800d618   0x0000002a   Code   RO         2374    .text.fdcanx_receive  can_bsp.o
    0x0800d642   0x0800d642   0x00000006   PAD
    0x0800d648   0x0800d648   0x00000028   Code   RO         2372    .text.fdcanx_send_data  can_bsp.o
    0x0800d670   0x0800d670   0x0000002c   Code   RO         2356    .text.float_to_uint  dm4310driver.o
    0x0800d69c   0x0800d69c   0x00000004   PAD
    0x0800d6a0   0x0800d6a0   0x00000004   Code   RO           39    .text.getRunTimeCounterValue  freertos.o
    0x0800d6a4   0x0800d6a4   0x00000004   PAD
    0x0800d6a8   0x0800d6a8   0x00000042   Code   RO           11    .text.main          main.o
    0x0800d6ea   0x0800d6ea   0x00000006   PAD
    0x0800d6f0   0x0800d6f0   0x00000020   Code   RO         2850    .text.osDelay       cmsis_os2.o
    0x0800d710   0x0800d710   0x0000002a   Code   RO         2792    .text.osKernelInitialize  cmsis_os2.o
    0x0800d73a   0x0800d73a   0x00000006   PAD
    0x0800d740   0x0800d740   0x0000003e   Code   RO         2798    .text.osKernelStart  cmsis_os2.o
    0x0800d77e   0x0800d77e   0x00000002   PAD
    0x0800d780   0x0800d780   0x0000006c   Code   RO         2892    .text.osSemaphoreAcquire  cmsis_os2.o
    0x0800d7ec   0x0800d7ec   0x00000004   PAD
    0x0800d7f0   0x0800d7f0   0x000000ba   Code   RO         2890    .text.osSemaphoreNew  cmsis_os2.o
    0x0800d8aa   0x0800d8aa   0x00000006   PAD
    0x0800d8b0   0x0800d8b0   0x00000064   Code   RO         2894    .text.osSemaphoreRelease  cmsis_os2.o
    0x0800d914   0x0800d914   0x00000004   PAD
    0x0800d918   0x0800d918   0x000000ae   Code   RO         2814    .text.osThreadNew   cmsis_os2.o
    0x0800d9c6   0x0800d9c6   0x00000002   PAD
    0x0800d9c8   0x0800d9c8   0x0000028c   Code   RO         2621    .text.prvAddNewTaskToReadyList  tasks.o
    0x0800dc54   0x0800dc54   0x00000004   PAD
    0x0800dc58   0x0800dc58   0x0000008a   Code   RO         2653    .text.prvIdleTask   tasks.o
    0x0800dce2   0x0800dce2   0x00000006   PAD
    0x0800dce8   0x0800dce8   0x00000128   Code   RO         2619    .text.prvInitialiseNewTask  tasks.o
    0x0800de10   0x0800de10   0x00000028   Code   RO         2413    .text.prvPortStartFirstTask  port.o
    0x0800de38   0x0800de38   0x00000044   Code   RO         2403    .text.prvTaskExitError  port.o
    0x0800de7c   0x0800de7c   0x00000004   PAD
    0x0800de80   0x0800de80   0x000003b6   Code   RO         2742    .text.prvTimerTask  timers.o
    0x0800e236   0x0800e236   0x00000002   PAD
    0x0800e238   0x0800e238   0x0000007a   Code   RO         2518    .text.prvUnlockQueue  queue.o
    0x0800e2b2   0x0800e2b2   0x00000006   PAD
    0x0800e2b8   0x0800e2b8   0x00000210   Code   RO         2953    .text.pvPortMalloc  heap_4.o
    0x0800e4c8   0x0800e4c8   0x00000018   Code   RO         2713    .text.pvTaskIncrementMutexHeldCount  tasks.o
    0x0800e4e0   0x0800e4e0   0x0000002c   Code   RO         2401    .text.pxPortInitialiseStack  port.o
    0x0800e50c   0x0800e50c   0x00000004   PAD
    0x0800e510   0x0800e510   0x0000002a   Code   RO         2354    .text.uint_to_float  dm4310driver.o
    0x0800e53a   0x0800e53a   0x00000006   PAD
    0x0800e540   0x0800e540   0x0000002a   Code   RO         2482    .text.uxListRemove  list.o
    0x0800e56a   0x0800e56a   0x00000006   PAD
    0x0800e570   0x0800e570   0x0000001a   Code   RO         2936    .text.vApplicationGetIdleTaskMemory  cmsis_os2.o
    0x0800e58a   0x0800e58a   0x00000006   PAD
    0x0800e590   0x0800e590   0x0000001c   Code   RO         2938    .text.vApplicationGetTimerTaskMemory  cmsis_os2.o
    0x0800e5ac   0x0800e5ac   0x00000004   PAD
    0x0800e5b0   0x0800e5b0   0x00000016   Code   RO         2474    .text.vListInitialise  list.o
    0x0800e5c6   0x0800e5c6   0x00000002   PAD
    0x0800e5c8   0x0800e5c8   0x00000006   Code   RO         2476    .text.vListInitialiseItem  list.o
    0x0800e5ce   0x0800e5ce   0x00000002   PAD
    0x0800e5d0   0x0800e5d0   0x00000066   Code   RO         2480    .text.vListInsert   list.o
    0x0800e636   0x0800e636   0x00000002   PAD
    0x0800e638   0x0800e638   0x0000001c   Code   RO         2478    .text.vListInsertEnd  list.o
    0x0800e654   0x0800e654   0x00000004   PAD
    0x0800e658   0x0800e658   0x00000014   Code   RO         2411    .text.vPortEnableVFP  port.o
    0x0800e66c   0x0800e66c   0x00000004   PAD
    0x0800e670   0x0800e670   0x00000052   Code   RO         2417    .text.vPortEnterCritical  port.o
    0x0800e6c2   0x0800e6c2   0x00000006   PAD
    0x0800e6c8   0x0800e6c8   0x00000032   Code   RO         2419    .text.vPortExitCritical  port.o
    0x0800e6fa   0x0800e6fa   0x00000006   PAD
    0x0800e700   0x0800e700   0x000000dc   Code   RO         2955    .text.vPortFree     heap_4.o
    0x0800e7dc   0x0800e7dc   0x00000004   PAD
    0x0800e7e0   0x0800e7e0   0x00000034   Code   RO         2409    .text.vPortSetupTimerInterrupt  port.o
    0x0800e814   0x0800e814   0x00000004   PAD
    0x0800e818   0x0800e818   0x00000066   Code   RO         2425    .text.vPortValidateInterruptPriority  port.o
    0x0800e87e   0x0800e87e   0x00000002   PAD
    0x0800e880   0x0800e880   0x000000b0   Code   RO         2552    .text.vQueueAddToRegistry  queue.o
    0x0800e930   0x0800e930   0x000000ac   Code   RO         2538    .text.vQueueDelete  queue.o
    0x0800e9dc   0x0800e9dc   0x00000004   PAD
    0x0800e9e0   0x0800e9e0   0x00000064   Code   RO         2556    .text.vQueueWaitForMessageRestricted  queue.o
    0x0800ea44   0x0800ea44   0x00000004   PAD
    0x0800ea48   0x0800ea48   0x00000088   Code   RO         2633    .text.vTaskDelay    tasks.o
    0x0800ead0   0x0800ead0   0x000000dc   Code   RO         2627    .text.vTaskDelayUntil  tasks.o
    0x0800ebac   0x0800ebac   0x00000004   PAD
    0x0800ebb0   0x0800ebb0   0x00000012   Code   RO         2683    .text.vTaskInternalSetTimeOutState  tasks.o
    0x0800ebc2   0x0800ebc2   0x00000006   PAD
    0x0800ebc8   0x0800ebc8   0x0000000e   Code   RO         2687    .text.vTaskMissedYield  tasks.o
    0x0800ebd6   0x0800ebd6   0x00000002   PAD
    0x0800ebd8   0x0800ebd8   0x00000080   Code   RO         2671    .text.vTaskPlaceOnEventList  tasks.o
    0x0800ec58   0x0800ec58   0x00000082   Code   RO         2675    .text.vTaskPlaceOnEventListRestricted  tasks.o
    0x0800ecda   0x0800ecda   0x00000006   PAD
    0x0800ece0   0x0800ece0   0x000000a6   Code   RO         2705    .text.vTaskPriorityDisinheritAfterTimeout  tasks.o
    0x0800ed86   0x0800ed86   0x00000002   PAD
    0x0800ed88   0x0800ed88   0x00000108   Code   RO         2651    .text.vTaskStartScheduler  tasks.o
    0x0800ee90   0x0800ee90   0x00000010   Code   RO         2629    .text.vTaskSuspendAll  tasks.o
    0x0800eea0   0x0800eea0   0x000000c4   Code   RO         2645    .text.vTaskSwitchContext  tasks.o
    0x0800ef64   0x0800ef64   0x00000004   PAD
    0x0800ef68   0x0800ef68   0x00000182   Code   RO         2407    .text.xPortStartScheduler  port.o
    0x0800f0ea   0x0800f0ea   0x00000006   PAD
    0x0800f0f0   0x0800f0f0   0x00000032   Code   RO         2423    .text.xPortSysTickHandler  port.o
    0x0800f122   0x0800f122   0x00000006   PAD
    0x0800f128   0x0800f128   0x0000004c   Code   RO         2516    .text.xQueueCreateCountingSemaphore  queue.o
    0x0800f174   0x0800f174   0x00000004   PAD
    0x0800f178   0x0800f178   0x000000d2   Code   RO         2514    .text.xQueueCreateCountingSemaphoreStatic  queue.o
    0x0800f24a   0x0800f24a   0x00000006   PAD
    0x0800f250   0x0800f250   0x0000008a   Code   RO         2496    .text.xQueueGenericCreate  queue.o
    0x0800f2da   0x0800f2da   0x00000006   PAD
    0x0800f2e0   0x0800f2e0   0x000000f6   Code   RO         2494    .text.xQueueGenericCreateStatic  queue.o
    0x0800f3d6   0x0800f3d6   0x00000002   PAD
    0x0800f3d8   0x0800f3d8   0x00000256   Code   RO         2508    .text.xQueueGenericSend  queue.o
    0x0800f62e   0x0800f62e   0x00000002   PAD
    0x0800f630   0x0800f630   0x000000d4   Code   RO         2522    .text.xQueueGiveFromISR  queue.o
    0x0800f704   0x0800f704   0x00000004   PAD
    0x0800f708   0x0800f708   0x000001b6   Code   RO         2524    .text.xQueueReceive  queue.o
    0x0800f8be   0x0800f8be   0x00000002   PAD
    0x0800f8c0   0x0800f8c0   0x000000f8   Code   RO         2528    .text.xQueueReceiveFromISR  queue.o
    0x0800f9b8   0x0800f9b8   0x000001f2   Code   RO         2512    .text.xQueueSemaphoreTake  queue.o
    0x0800fbaa   0x0800fbaa   0x00000006   PAD
    0x0800fbb0   0x0800fbb0   0x000000ae   Code   RO         2685    .text.xTaskCheckForTimeOut  tasks.o
    0x0800fc5e   0x0800fc5e   0x00000002   PAD
    0x0800fc60   0x0800fc60   0x00000060   Code   RO         2623    .text.xTaskCreate   tasks.o
    0x0800fcc0   0x0800fcc0   0x00000086   Code   RO         2617    .text.xTaskCreateStatic  tasks.o
    0x0800fd46   0x0800fd46   0x00000002   PAD
    0x0800fd48   0x0800fd48   0x0000001c   Code   RO         2699    .text.xTaskGetSchedulerState  tasks.o
    0x0800fd64   0x0800fd64   0x00000004   PAD
    0x0800fd68   0x0800fd68   0x00000018   Code   RO         2659    .text.xTaskGetTickCount  tasks.o
    0x0800fd80   0x0800fd80   0x00000106   Code   RO         2657    .text.xTaskIncrementTick  tasks.o
    0x0800fe86   0x0800fe86   0x00000002   PAD
    0x0800fe88   0x0800fe88   0x00000092   Code   RO         2703    .text.xTaskPriorityDisinherit  tasks.o
    0x0800ff1a   0x0800ff1a   0x00000006   PAD
    0x0800ff20   0x0800ff20   0x0000008e   Code   RO         2701    .text.xTaskPriorityInherit  tasks.o
    0x0800ffae   0x0800ffae   0x00000002   PAD
    0x0800ffb0   0x0800ffb0   0x00000078   Code   RO         2677    .text.xTaskRemoveFromEventList  tasks.o
    0x08010028   0x08010028   0x000000f4   Code   RO         2631    .text.xTaskResumeAll  tasks.o
    0x0801011c   0x0801011c   0x00000004   PAD
    0x08010120   0x08010120   0x000000b8   Code   RO         2740    .text.xTimerCreateTimerTask  timers.o
    0x080101d8   0x080101d8   0x00000026   Code   RO         3141    i.__ARM_fpclassifyf  m_wv.l(fpclassifyf.o)
    0x080101fe   0x080101fe   0x00000002   PAD
    0x08010200   0x08010200   0x0000012c   Code   RO         3037    i.__hardfp_asinf    m_wv.l(asinf.o)
    0x0801032c   0x0801032c   0x000002ac   Code   RO         3043    i.__hardfp_atan2f   m_wv.l(atan2f.o)
    0x080105d8   0x080105d8   0x00000150   Code   RO         3049    i.__hardfp_cosf     m_wv.l(cosf.o)
    0x08010728   0x08010728   0x00000190   Code   RO         3061    i.__hardfp_sinf     m_wv.l(sinf.o)
    0x080108b8   0x080108b8   0x00000006   Code   RO         3144    i.__mathlib_flt_infnan  m_wv.l(funder.o)
    0x080108be   0x080108be   0x00000006   Code   RO         3145    i.__mathlib_flt_infnan2  m_wv.l(funder.o)
    0x080108c4   0x080108c4   0x00000010   Code   RO         3146    i.__mathlib_flt_invalid  m_wv.l(funder.o)
    0x080108d4   0x080108d4   0x00000010   Code   RO         3149    i.__mathlib_flt_underflow  m_wv.l(funder.o)
    0x080108e4   0x080108e4   0x00000154   Code   RO         3157    i.__mathlib_rredf2  m_wv.l(rredf.o)
    0x08010a38   0x08010a38   0x0000003e   Code   RO         3162    i.sqrtf             m_wv.l(sqrtf.o)
    0x08010a76   0x08010a76   0x0000001a   Code   RO         3194    x$fpl$fpinit        fz_wv.l(fpinit.o)
    0x08010a90   0x08010a90   0x00000000   Code   RO         3140    x$fpl$usenofp       fz_wv.l(usenofp.o)
    0x08010a90   0x08010a90   0x00000020   Data   RO         3158    .constdata          m_wv.l(rredf.o)
    0x08010ab0   0x08010ab0   0x0000004c   Data   RO         1403    .rodata..L__const.HAL_FDCAN_Init.CvtEltSize  stm32h7xx_hal_fdcan.o
    0x08010afc   0x08010afc   0x00000006   Data   RO         1995    .rodata..Lswitch.table.UART_SetConfig.7  stm32h7xx_hal_uart.o
    0x08010b02   0x08010b02   0x00000006   Data   RO         1996    .rodata..Lswitch.table.UART_SetConfig.9  stm32h7xx_hal_uart.o
    0x08010b08   0x08010b08   0x00000010   Data   RO         2050    .rodata.D1CorePrescTable  system_stm32h7xx.o
    0x08010b18   0x08010b18   0x00000024   Data   RO           56    .rodata.Debug_attributes  freertos.o
    0x08010b3c   0x08010b3c   0x00000024   Data   RO           59    .rodata.IMU_attributes  freertos.o
    0x08010b60   0x08010b60   0x00000024   Data   RO           61    .rodata.Motor_Ctrl_attributes  freertos.o
    0x08010b84   0x08010b84   0x00000024   Data   RO           63    .rodata.Orin_attributes  freertos.o
    0x08010ba8   0x08010ba8   0x00000024   Data   RO           60    .rodata.Robot_attributes  freertos.o
    0x08010bcc   0x08010bcc   0x00000024   Data   RO           62    .rodata.System_Monitor_attributes  freertos.o
    0x08010bf0   0x08010bf0   0x00000018   Data   RO         1994    .rodata.UARTPrescTable  stm32h7xx_hal_uart.o
    0x08010c08   0x08010c08   0x00000010   Data   RO         1404    .rodata.cst16       stm32h7xx_hal_fdcan.o
    0x08010c18   0x08010c18   0x00000010   Data   RO         2037    .rodata.cst8        stm32h7xx_hal_uart_ex.o
    0x08010c28   0x08010c28   0x0000003e   Data   RO           55    .rodata.str1.1      freertos.o
    0x08010c66   0x08010c66   0x00000005   Data   RO         2780    .rodata.str1.1      timers.o
    0x08010c6b   0x08010c6b   0x00000012   Data   RO         2291    .rodata.write_BMI088_accel_reg_data_error  bmi088driver.o
    0x08010c7d   0x08010c7d   0x00000012   Data   RO         2292    .rodata.write_BMI088_gyro_reg_data_error  bmi088driver.o
    0x08010c8f   0x08010c8f   0x00000001   PAD
    0x08010c90   0x08010c90   0x00000030   Data   RO         3285    Region$$Table       anon$$obj.o
    0x08010cc0   0x08010cc0   0x00000004   Data   RO         2088    .init_array         task_manager.o
    0x08010cc4   0x08010cc0   0x00000000   Data   RO         3032    .init_array         c_w.l(init_aeabi.o)


    Execution Region RW_IRAM1 (Exec base: 0x20000000, Load base: 0x08010cc4, Size: 0x00003c00, Max: 0x00020000, ABSOLUTE)

    Exec Addr    Load Addr    Size         Type   Attr      Idx    E Section Name        Object

    0x20000000        -       0x00003c00   Zero   RW         2965    .bss.ucHeap         heap_4.o


    Execution Region RW_IRAM2 (Exec base: 0x24000000, Load base: 0x08010cc8, Size: 0x000028a8, Max: 0x00020000, ABSOLUTE)

    Exec Addr    Load Addr    Size         Type   Attr      Idx    E Section Name        Object

    0x24000000   0x08010cc8   0x00000008   Data   RW          998    .data..L_MergedGlobals  stm32h7xx_hal.o
    0x24000008   0x08010cd0   0x00000008   Data   RW         2051    .data..L_MergedGlobals  system_stm32h7xx.o
    0x24000010   0x08010cd8   0x00000008   Data   RW         2293    .data..L_MergedGlobals  bmi088driver.o
    0x24000018   0x08010ce0   0x00000004   Data   RW         2427    .data.uxCriticalNesting  port.o
    0x2400001c   0x08010ce4   0x00000004   PAD
    0x24000020        -       0x00000060   Zero   RW         3197    .bss                c_w.l(libspace.o)
    0x24000080        -       0x00000018   Zero   RW           66    .bss..L_MergedGlobals  freertos.o
    0x24000098        -       0x00000008   Zero   RW         2428    .bss..L_MergedGlobals  port.o
    0x240000a0        -       0x00000078   Zero   RW         2730    .bss..L_MergedGlobals  tasks.o
    0x24000118        -       0x0000003c   Zero   RW         2781    .bss..L_MergedGlobals  timers.o
    0x24000154        -       0x00000020   Zero   RW         2966    .bss..L_MergedGlobals  heap_4.o
    0x24000174        -       0x00000028   Zero   RW         2731    .bss..L_MergedGlobals.4  tasks.o
    0x2400019c        -       0x00000004   Zero   RW          113    .bss.HAL_RCC_FDCAN_CLK_ENABLED  fdcan.o
    0x240001a0        -       0x00000800   Zero   RW           58    .bss.IMUBuffer      freertos.o
    0x240009a0        -       0x00000060   Zero   RW           57    .bss.IMUControlBlock  freertos.o
    0x24000a00        -       0x00000004   Zero   RW         2940    .bss.KernelState    cmsis_os2.o
    0x24000a04        -       0x00000004   Zero   RW         2392    .bss.fac_us         delay.o
    0x24000a08        -       0x00000070   Zero   RW           81    .bss.hadc1          adc.o
    0x24000a78        -       0x00000078   Zero   RW           82    .bss.hdma_adc1      adc.o
    0x24000af0        -       0x00000078   Zero   RW          130    .bss.hdma_spi2_rx   spi.o
    0x24000b68        -       0x00000078   Zero   RW          131    .bss.hdma_spi2_tx   spi.o
    0x24000be0        -       0x00000078   Zero   RW          174    .bss.hdma_uart5_rx  usart.o
    0x24000c58        -       0x000000a0   Zero   RW          110    .bss.hfdcan1        fdcan.o
    0x24000cf8        -       0x000000a0   Zero   RW          111    .bss.hfdcan2        fdcan.o
    0x24000d98        -       0x000000a0   Zero   RW          112    .bss.hfdcan3        fdcan.o
    0x24000e38        -       0x00000088   Zero   RW          129    .bss.hspi2          spi.o
    0x24000ec0        -       0x0000004c   Zero   RW          245    .bss.htim1          stm32h7xx_hal_timebase_tim.o
    0x24000f0c        -       0x0000004c   Zero   RW          155    .bss.htim12         tim.o
    0x24000f58        -       0x0000004c   Zero   RW          154    .bss.htim3          tim.o
    0x24000fa4        -       0x00000094   Zero   RW          172    .bss.huart5         usart.o
    0x24001038        -       0x00000094   Zero   RW          173    .bss.huart7         usart.o
    0x240010cc        -       0x000000d4   Zero   RW         2085    .bss.imu            task_manager.o
    0x240011a0        -       0x00000004   Zero   RW           65    .bss.imuBinarySem01Handle  freertos.o
    0x240011a4        -       0x00000050   Zero   RW           64    .bss.imuBinarySemControlBlock  freertos.o
    0x240011f4        -       0x000002e4   Zero   RW         2083    .bss.motor          task_manager.o
    0x240014d8        -       0x00000068   Zero   RW         2087    .bss.orin           task_manager.o
    0x24001540        -       0x000000a0   Zero   RW         2779    .bss.prvCheckForValidListAndQueue.ucStaticTimerQueueStorage  timers.o
    0x240015e0        -       0x00000050   Zero   RW         2778    .bss.prvCheckForValidListAndQueue.xStaticTimerQueue  timers.o
    0x24001630        -       0x00000460   Zero   RW         2729    .bss.pxReadyTasksLists  tasks.o
    0x24001a90        -       0x0000004e   Zero   RW         2084    .bss.remote         task_manager.o
    0x24001ade   0x08010ce4   0x00000002   PAD
    0x24001ae0        -       0x000000c0   Zero   RW         2082    .bss.robot          task_manager.o
    0x24001ba0        -       0x00000004   Zero   RW          997    .bss.uwTick         stm32h7xx_hal.o
    0x24001ba4        -       0x00000200   Zero   RW         2942    .bss.vApplicationGetIdleTaskMemory.Idle_Stack  cmsis_os2.o
    0x24001da4        -       0x00000060   Zero   RW         2941    .bss.vApplicationGetIdleTaskMemory.Idle_TCB  cmsis_os2.o
    0x24001e04        -       0x00000400   Zero   RW         2944    .bss.vApplicationGetTimerTaskMemory.Timer_Stack  cmsis_os2.o
    0x24002204        -       0x00000060   Zero   RW         2943    .bss.vApplicationGetTimerTaskMemory.Timer_TCB  cmsis_os2.o
    0x24002264        -       0x00000040   Zero   RW         2558    .bss.xQueueRegistry  queue.o
    0x240022a4   0x08010ce4   0x00000004   PAD
    0x240022a8        -       0x00000200   Zero   RW            2    HEAP                startup_stm32h723xx.o
    0x240024a8        -       0x00000400   Zero   RW            1    STACK               startup_stm32h723xx.o


==============================================================================

Image component sizes


      Code (inc. data)   RO Data    RW Data    ZI Data      Debug   Object Name

       492          0          0          0        232       9335   adc.o
      1558          0         36          8          0       5626   bmi088driver.o
       278          0          0          0          0       4057   bmi088middleware.o
       368          0          0          0          0       6290   can_bsp.o
       788          0          0          0       1732      46755   cmsis_os2.o
         2          0          0          0          0      18226   debug.o
       104          0          0          0          4       2199   delay.o
      1108         44          0          0          0      16529   dm4310driver.o
       100          0          0          0          0       5448   dma.o
      1038          0          0          0          0      18248   et16s_remote.o
       766          0          0          0        484      12082   fdcan.o
       222         16        278          0       2252       6108   freertos.o
      1492         24          0          0          0      16222   fusionahrs.o
       196         12          0          0          0       3332   fusioncompass.o
       284          0          0          0          0       6083   gpio.o
       748          0          0          0      15392       5747   heap_4.o
       836         76          0          0          0      17461   imu.o
       200          0          0          0          0       2377   list.o
       302          0          0          0          0       6266   main.o
      1816         12          0          0          0      19471   motor.o
      2042         16          0          0          0      19567   orin_nx.o
      1030         16          0          4          8       4164   port.o
      3234          0          0          0         64      28219   queue.o
       136          0          0          0          0      15809   robot.o
       438          0          0          0        376      11704   spi.o
        64         26        716          0       1536        900   startup_stm32h723xx.o
       138          0          0          8          4      15942   stm32h7xx_hal.o
      3130         12          0          0          0      30727   stm32h7xx_hal_adc.o
       400          0          0          0          0      31729   stm32h7xx_hal_adc_ex.o
       180          0          0          0          0      12499   stm32h7xx_hal_cortex.o
      7760         12          0          0          0      17867   stm32h7xx_hal_dma.o
      3056          0         92          0          0      63433   stm32h7xx_hal_fdcan.o
       456          0          0          0          0       7008   stm32h7xx_hal_gpio.o
        42          0          0          0          0       5486   stm32h7xx_hal_msp.o
        76          0          0          0          0       9638   stm32h7xx_hal_pwr_ex.o
      2556         16          0          0          0      11439   stm32h7xx_hal_rcc.o
      5280        210          0          0          0      19936   stm32h7xx_hal_rcc_ex.o
      2290          0          0          0          0      22896   stm32h7xx_hal_spi.o
      3302         22          0          0          0      64936   stm32h7xx_hal_tim.o
       224          0          0          0          0      26736   stm32h7xx_hal_tim_ex.o
       156          0          0          0         76       9721   stm32h7xx_hal_timebase_tim.o
      5946        330         36          0          0      43601   stm32h7xx_hal_uart.o
       500          0         16          0          0      11632   stm32h7xx_hal_uart_ex.o
       190          0          0          0          0      12270   stm32h7xx_it.o
       176          0         16          8          0       5361   system_stm32h7xx.o
      1148         22          4          0       1326      31831   task_manager.o
      3768          8          0          0       1280      44831   tasks.o
       628          0          0          0        152       8550   tim.o
      1134         18          5          0        300      16250   timers.o
       656          0          0          0        416      11924   usart.o

    ----------------------------------------------------------------------
     63864        952       1248         28      25644     844468   Object Totals
         0          0         48          0          0          0   (incl. Generated)
      1030         60          1          0         10          0   (incl. Padding)

    ----------------------------------------------------------------------

      Code (inc. data)   RO Data    RW Data    ZI Data      Debug   Library Member Name

         8          0          0          0          0         68   __main.o
         0          0          0          0          0          0   __rtentry.o
        12          0          0          0          0          0   __rtentry2.o
         6          0          0          0          0          0   __rtentry4.o
        52          8          0          0          0          0   __scatter.o
        26          0          0          0          0          0   __scatter_copy.o
        28          0          0          0          0          0   __scatter_zi.o
         6          0          0          0          0          0   _printf_c.o
        44          0          0          0          0        108   _printf_char.o
       120         16          0          0          0         92   _printf_dec.o
       178          0          0          0          0         88   _printf_intcommon.o
         0          0          0          0          0          0   _printf_percent.o
         4          0          0          0          0          0   _printf_percent_end.o
        82          0          0          0          0         80   _printf_str.o
         6          0          0          0          0          0   _printf_u.o
        22          0          0          0          0        100   _rserrno.o
        16          0          0          0          0         68   aeabi_memset4.o
        18          0          0          0          0         80   exit.o
         6          0          0          0          0        152   heapauxi.o
        36          8          0          0          0         80   init_aeabi.o
         2          0          0          0          0          0   libinit.o
        10          0          0          0          0          0   libinit2.o
         2          0          0          0          0          0   libshutdown.o
         2          0          0          0          0          0   libshutdown2.o
         8          4          0          0         96         68   libspace.o
       240          0          0          0          0        100   lludivv7m.o
         8          4          0          0          0         68   rt_errno_addr_intlibspace.o
        68          0          0          0          0         68   rt_memclr.o
        78          0          0          0          0         80   rt_memclr_w.o
       138          0          0          0          0         68   rt_memcpy_v6.o
       100          0          0          0          0         80   rt_memcpy_w.o
         2          0          0          0          0          0   rtexit.o
        10          0          0          0          0          0   rtexit2.o
        74          0          0          0          0         80   sys_stackheap_outer.o
         2          0          0          0          0         68   use_no_semi.o
         2          0          0          0          0         68   use_no_semi_2.o
        26          0          0          0          0        116   fpinit.o
         0          0          0          0          0          0   usenofp.o
       300         42          0          0          0        176   asinf.o
       684         90          0          0          0        208   atan2f.o
       336         56          0          0          0        136   cosf.o
        38          0          0          0          0        116   fpclassifyf.o
        44         12          0          0          0        464   funder.o
       340         24         32          0          0        160   rredf.o
       400         56          0          0          0        212   sinf.o
        62          0          0          0          0        136   sqrtf.o

    ----------------------------------------------------------------------
      3660        320         32          0         96       3388   Library Totals
        14          0          0          0          0          0   (incl. Padding)

    ----------------------------------------------------------------------

      Code (inc. data)   RO Data    RW Data    ZI Data      Debug   Library Name

      1416         40          0          0         96       1664   c_w.l
        26          0          0          0          0        116   fz_wv.l
      2204        280         32          0          0       1608   m_wv.l

    ----------------------------------------------------------------------
      3660        320         32          0         96       3388   Library Totals

    ----------------------------------------------------------------------

==============================================================================


      Code (inc. data)   RO Data    RW Data    ZI Data      Debug   

     67524       1272       1280         28      25740     845064   Grand Totals
     67524       1272       1280         28      25740     845064   ELF Image Totals
     67524       1272       1280         28          0          0   ROM Totals

==============================================================================

    Total RO  Size (Code + RO Data)                68804 (  67.19kB)
    Total RW  Size (RW Data + ZI Data)             25768 (  25.16kB)
    Total ROM Size (Code + RO Data + RW Data)      68832 (  67.22kB)

==============================================================================

